INFO:btfxwss.connection:Connection opened
INFO:btfxwss.connection:Initialized Client on API Version 2
INFO:btfxwss.connection:Connection opened
INFO:btfxwss.connection:Initialized Client on API Version 2
DEBUG:btfxwss.client:_subscribe: {'event': 'subscribe', 'channel': 'ticker', 'symbol': 'BTCUSD'}
DEBUG:btfxwss.client:_subscribe: {'event': 'subscribe', 'channel': 'book', 'symbol': 'BTCUSD'}
INFO:btfxwss.queue_processor:Subscription succesful for channel ('ticker', 'BTCUSD')
INFO:btfxwss.queue_processor:Subscription succesful for channel ('book', 'BTCUSD')
INFO:btfxwss.connection:Connection opened
INFO:btfxwss.connection:Initialized Client on API Version 2
DEBUG:btfxwss.client:_subscribe: {'event': 'subscribe', 'channel': 'ticker', 'symbol': 'BTCUSD'}
DEBUG:btfxwss.client:_subscribe: {'event': 'subscribe', 'channel': 'book', 'symbol': 'BTCUSD'}
INFO:btfxwss.queue_processor:Subscription succesful for channel ('ticker', 'BTCUSD')
INFO:btfxwss.queue_processor:Subscription succesful for channel ('book', 'BTCUSD')
INFO:btfxwss.connection:Connection opened
INFO:btfxwss.connection:Initialized Client on API Version 2
DEBUG:btfxwss.client:_subscribe: {'event': 'subscribe', 'channel': 'ticker', 'symbol': 'BTCUSD'}
DEBUG:btfxwss.client:_subscribe: {'event': 'subscribe', 'channel': 'book', 'symbol': 'BTCUSD'}
INFO:btfxwss.queue_processor:Subscription succesful for channel ('ticker', 'BTCUSD')
INFO:btfxwss.queue_processor:Subscription succesful for channel ('book', 'BTCUSD')
ERROR:btfxwss.client:Cannot call subscribe_to_candles() on unestablished connection!
DEBUG:btfxwss.connection:run(): Starting up..
DEBUG:btfxwss.connection:_connect(): Initializing Connection..
DEBUG:btfxwss.connection:_connect(): Starting Connection..
DEBUG:websocket:--- request header ---
DEBUG:websocket:GET /ws/2 HTTP/1.1
Upgrade: websocket
Connection: Upgrade
Host: api.bitfinex.com
Origin: http://api.bitfinex.com
Sec-WebSocket-Key: 3/g+Qva9lj9kCk5a4t0A+Q==
Sec-WebSocket-Version: 13
Cookie: __cfduid=df80b572a73b7e39c62cb730fc0b9854d1541859466


DEBUG:websocket:-----------------------
DEBUG:websocket:--- response header ---
DEBUG:websocket:HTTP/1.1 101 Switching Protocols
DEBUG:websocket:Date: Sat, 10 Nov 2018 14:17:46 GMT
DEBUG:websocket:Connection: upgrade
DEBUG:websocket:Upgrade: websocket
DEBUG:websocket:Sec-WebSocket-Accept: ykfGr+LTB0Y6Wh7MW3Hn8/lBJuY=
DEBUG:websocket:Expect-CT: max-age=604800, report-uri="https://report-uri.cloudflare.com/cdn-cgi/beacon/expect-ct"
DEBUG:websocket:Server: cloudflare
DEBUG:websocket:CF-RAY: 47792500cd976a73-LHR
DEBUG:websocket:-----------------------
INFO:btfxwss.connection:Connection opened
DEBUG:btfxwss.connection:send_ping(): Sending ping to API..
DEBUG:websocket:send: b'\x81\x91>#d\xdeE\x01\x01\xa8[M\x10\xfc\x04\x03F\xaeWM\x03\xfcC'
DEBUG:btfxwss.connection:_start_timers(): Resetting timers..
DEBUG:btfxwss.connection:_stop_timers(): Timers stopped.
DEBUG:btfxwss.connection:_stop_timers(): Timers stopped.
DEBUG:btfxwss.connection:_on_message(): Received new message {"event":"info","version":2,"serverId":"b62438ba-e6fe-4e9d-b3b4-b2fc6097ac0f","platform":{"status":1}} at 1541859466.444018
DEBUG:btfxwss.connection:_system_handler(): Received a system message: {'event': 'info', 'version': 2, 'serverId': 'b62438ba-e6fe-4e9d-b3b4-b2fc6097ac0f', 'platform': {'status': 1}}
DEBUG:btfxwss.connection:_system_handler(): Distributing {'version': 2, 'serverId': 'b62438ba-e6fe-4e9d-b3b4-b2fc6097ac0f', 'platform': {'status': 1}} to _info_handler..
INFO:btfxwss.connection:Initialized Client on API Version 2
DEBUG:btfxwss.connection:_start_timers(): Resetting timers..
DEBUG:btfxwss.connection:_stop_timers(): Timers stopped.
DEBUG:btfxwss.connection:_stop_timers(): Timers stopped.
DEBUG:btfxwss.connection:_on_message(): Received new message {"event":"pong","ts":1541859466441} at 1541859466.4603589
DEBUG:btfxwss.connection:_system_handler(): Received a system message: {'event': 'pong', 'ts': 1541859466441}
DEBUG:btfxwss.connection:_system_handler(): Distributing {'ts': 1541859466441} to _pong_handler..
DEBUG:btfxwss.connection:_pong_handler(): Received a Pong message!
DEBUG:btfxwss.connection:_start_timers(): Resetting timers..
DEBUG:btfxwss.connection:_stop_timers(): Timers stopped.
DEBUG:btfxwss.client:_subscribe: {'event': 'subscribe', 'channel': 'ticker', 'symbol': 'BTCUSD'}
DEBUG:btfxwss.connection:send(): Sending payload to API: {"event": "subscribe", "channel": "ticker", "symbol": "BTCUSD"}
DEBUG:websocket:send: b'\x81\xbfY\x9c\xd9\xa1"\xbe\xbc\xd7<\xf2\xad\x83c\xbc\xfb\xd2,\xfe\xaa\xc2+\xf5\xbb\xc4{\xb0\xf9\x83:\xf4\xb8\xcf7\xf9\xb5\x83c\xbc\xfb\xd50\xff\xb2\xc4+\xbe\xf5\x81{\xef\xa0\xcc;\xf3\xb5\x83c\xbc\xfb\xe3\r\xdf\x8c\xf2\x1d\xbe\xa4'
DEBUG:btfxwss.client:_subscribe: {'event': 'subscribe', 'channel': 'candles', 'key': 'trade:1m:tBTCUSD'}
DEBUG:btfxwss.connection:send(): Sending payload to API: {"event": "subscribe", "channel": "candles", "key": "trade:1m:tBTCUSD"}
DEBUG:websocket:send: b'\x81\xc7\x1f\xb6\xd7\xd7d\x94\xb2\xa1z\xd8\xa3\xf5%\x96\xf5\xa4j\xd4\xa4\xb4m\xdf\xb5\xb2=\x9a\xf7\xf5|\xde\xb6\xb9q\xd3\xbb\xf5%\x96\xf5\xb4~\xd8\xb3\xbbz\xc5\xf5\xfb?\x94\xbc\xb2f\x94\xed\xf7=\xc2\xa5\xb6{\xd3\xed\xe6r\x8c\xa3\x95K\xf5\x82\x84[\x94\xaa'
DEBUG:btfxwss.client:_subscribe: {'event': 'subscribe', 'channel': 'book', 'symbol': 'BTCUSD'}
DEBUG:btfxwss.connection:send(): Sending payload to API: {"event": "subscribe", "channel": "book", "symbol": "BTCUSD"}
DEBUG:websocket:send: b'\x81\xbda@VJ\x1ab3<\x04."h[`t9\x14"%)\x13)4/Clvh\x02(7$\x0f%:h[`t(\x0e/=hM`t9\x18-4%\rbljC\x02\x02\t4\x13\x12h\x1c'
DEBUG:btfxwss.client:_subscribe: {'event': 'subscribe', 'channel': 'book', 'pair': 'BTCUSD', 'prec': 'R0'}
DEBUG:btfxwss.connection:send(): Sending payload to API: {"event": "subscribe", "channel": "book", "pair": "BTCUSD", "prec": "R0"}
DEBUG:websocket:send: b'\x81\xc9\xeaFk\xd9\x91d\x0e\xaf\x8f(\x1f\xfb\xd0fI\xaa\x9f$\x18\xba\x98/\t\xbc\xc8jK\xfb\x89.\n\xb7\x84#\x07\xfb\xd0fI\xbb\x85)\x00\xfb\xc6fI\xa9\x8b/\x19\xfb\xd0fI\x9b\xbe\x05>\x8a\xaedG\xf9\xc86\x19\xbc\x89dQ\xf9\xc8\x14[\xfb\x97'
DEBUG:btfxwss.client:_subscribe: {'event': 'subscribe', 'channel': 'trades', 'symbol': 'BTCUSD'}
DEBUG:btfxwss.connection:send(): Sending payload to API: {"event": "subscribe", "channel": "trades", "symbol": "BTCUSD"}
DEBUG:websocket:send: b'\x81\xbf\x98\xc2\xfc\xae\xe3\xe0\x99\xd8\xfd\xac\x88\x8c\xa2\xe2\xde\xdd\xed\xa0\x8f\xcd\xea\xab\x9e\xcb\xba\xee\xdc\x8c\xfb\xaa\x9d\xc0\xf6\xa7\x90\x8c\xa2\xe2\xde\xda\xea\xa3\x98\xcb\xeb\xe0\xd0\x8e\xba\xb1\x85\xc3\xfa\xad\x90\x8c\xa2\xe2\xde\xec\xcc\x81\xa9\xfd\xdc\xe0\x81'
DEBUG:btfxwss.connection:_stop_timers(): Timers stopped.
DEBUG:btfxwss.connection:_on_message(): Received new message {"event":"subscribed","channel":"ticker","chanId":97,"symbol":"tBTCUSD","pair":"BTCUSD"} at 1541859467.3610308
DEBUG:btfxwss.connection:_system_handler(): Received a system message: {'event': 'subscribed', 'channel': 'ticker', 'chanId': 97, 'symbol': 'tBTCUSD', 'pair': 'BTCUSD'}
DEBUG:btfxwss.connection:_system_handler(): Distributing {'channel': 'ticker', 'chanId': 97, 'symbol': 'tBTCUSD', 'pair': 'BTCUSD'} to _response_handler..
DEBUG:btfxwss.connection:_response_handler(): Passing {'channel': 'ticker', 'chanId': 97, 'symbol': 'tBTCUSD', 'pair': 'BTCUSD'} to client..
DEBUG:btfxwss.connection:_start_timers(): Resetting timers..
DEBUG:btfxwss.connection:_stop_timers(): Timers stopped.
DEBUG:btfxwss.queue_processor:_handle_subscribed: subscribed - {'channel': 'ticker', 'chanId': 97, 'symbol': 'tBTCUSD', 'pair': 'BTCUSD'} - 1541859467.3610308
INFO:btfxwss.queue_processor:Subscription succesful for channel ('ticker', 'BTCUSD')
DEBUG:btfxwss.connection:_stop_timers(): Timers stopped.
DEBUG:btfxwss.connection:_on_message(): Received new message [97,[6448.7,28.65348751,6448.8,64.05442458,29.55174573,0.0046,6449.5,4912.39002483,6469.3,6385]] at 1541859467.36367
DEBUG:btfxwss.connection:_data_handler(): Passing [97, [6448.7, 28.65348751, 6448.8, 64.05442458, 29.55174573, 0.0046, 6449.5, 4912.39002483, 6469.3, 6385]] to client..
DEBUG:btfxwss.connection:_start_timers(): Resetting timers..
DEBUG:btfxwss.connection:_stop_timers(): Timers stopped.
DEBUG:btfxwss.queue_processor:_handle_ticker: ticker - [97, [6448.7, 28.65348751, 6448.8, 64.05442458, 29.55174573, 0.0046, 6449.5, 4912.39002483, 6469.3, 6385]] - 1541859467.36367
DEBUG:btfxwss.connection:_stop_timers(): Timers stopped.
DEBUG:btfxwss.connection:_on_message(): Received new message {"event":"subscribed","channel":"trades","chanId":130,"symbol":"tBTCUSD","pair":"BTCUSD"} at 1541859467.366484
DEBUG:btfxwss.connection:_system_handler(): Received a system message: {'event': 'subscribed', 'channel': 'trades', 'chanId': 130, 'symbol': 'tBTCUSD', 'pair': 'BTCUSD'}
DEBUG:btfxwss.connection:_system_handler(): Distributing {'channel': 'trades', 'chanId': 130, 'symbol': 'tBTCUSD', 'pair': 'BTCUSD'} to _response_handler..
DEBUG:btfxwss.connection:_response_handler(): Passing {'channel': 'trades', 'chanId': 130, 'symbol': 'tBTCUSD', 'pair': 'BTCUSD'} to client..
DEBUG:btfxwss.connection:_start_timers(): Resetting timers..
DEBUG:btfxwss.connection:_stop_timers(): Timers stopped.
DEBUG:btfxwss.queue_processor:_handle_subscribed: subscribed - {'channel': 'trades', 'chanId': 130, 'symbol': 'tBTCUSD', 'pair': 'BTCUSD'} - 1541859467.366484
INFO:btfxwss.queue_processor:Subscription succesful for channel ('trades', 'BTCUSD')
DEBUG:btfxwss.connection:_stop_timers(): Timers stopped.
DEBUG:btfxwss.connection:_on_message(): Received new message [130,[[310217261,1541859425055,-0.3037134,6449.5],[310217259,1541859425055,-0.0201566,6449.5],[310217257,1541859425055,-0.2,6449.5],[310217238,1541859410228,0.34167767,6449.6],[310217237,1541859410228,0.31,6449.6],[310217236,1541859410228,0.02029184,6449.54479277],[310217234,1541859410228,1.5505,6449.50775],[310217093,1541859300522,0.0031009,6449.8],[310217072,1541859275340,-0.003,6450.46089596],[310217070,1541859275027,-0.00017045,6451],[310217068,1541859269731,-0.215,6451],[310217065,1541859268064,-0.005,6451],[310217037,1541859245472,-0.14685526,6453.2],[310217036,1541859245472,-0.09314474,6453.2],[310216992,1541859204645,-0.20026272,6453.2],[310216991,1541859204645,-0.29973728,6453.2],[310216921,1541859143059,0.23243921,6453.3],[310216819,1541859070615,0.1194,6453.2853],[310216791,1541859051028,0.05028742,6453.3],[310216763,1541859026659,0.06164376,6453.3],[310216747,1541859011553,-0.01,6453.2],[310216737,1541859003554,0.27437058,6453.3],[310216736,1541859003554,0.08562942,6453.29526668],[310216681,1541858957575,-0.02,6453.3],[310216680,1541858957575,-0.05957941,6453.3],[310216669,1541858947848,0.05381741,6453.4],[310216614,1541858913717,-0.01577,6453.3],[310216544,1541858859188,-0.01030059,6453.3],[310216412,1541858776092,-0.00885,6453.3],[310216321,1541858749330,-0.005,6453.3]]] at 1541859467.3696141
DEBUG:btfxwss.connection:_data_handler(): Passing [130, [[310217261, 1541859425055, -0.3037134, 6449.5], [310217259, 1541859425055, -0.0201566, 6449.5], [310217257, 1541859425055, -0.2, 6449.5], [310217238, 1541859410228, 0.34167767, 6449.6], [310217237, 1541859410228, 0.31, 6449.6], [310217236, 1541859410228, 0.02029184, 6449.54479277], [310217234, 1541859410228, 1.5505, 6449.50775], [310217093, 1541859300522, 0.0031009, 6449.8], [310217072, 1541859275340, -0.003, 6450.46089596], [310217070, 1541859275027, -0.00017045, 6451], [310217068, 1541859269731, -0.215, 6451], [310217065, 1541859268064, -0.005, 6451], [310217037, 1541859245472, -0.14685526, 6453.2], [310217036, 1541859245472, -0.09314474, 6453.2], [310216992, 1541859204645, -0.20026272, 6453.2], [310216991, 1541859204645, -0.29973728, 6453.2], [310216921, 1541859143059, 0.23243921, 6453.3], [310216819, 1541859070615, 0.1194, 6453.2853], [310216791, 1541859051028, 0.05028742, 6453.3], [310216763, 1541859026659, 0.06164376, 6453.3], [310216747, 1541859011553, -0.01, 6453.2], [310216737, 1541859003554, 0.27437058, 6453.3], [310216736, 1541859003554, 0.08562942, 6453.29526668], [310216681, 1541858957575, -0.02, 6453.3], [310216680, 1541858957575, -0.05957941, 6453.3], [310216669, 1541858947848, 0.05381741, 6453.4], [310216614, 1541858913717, -0.01577, 6453.3], [310216544, 1541858859188, -0.01030059, 6453.3], [310216412, 1541858776092, -0.00885, 6453.3], [310216321, 1541858749330, -0.005, 6453.3]]] to client..
DEBUG:btfxwss.connection:_start_timers(): Resetting timers..
DEBUG:btfxwss.connection:_stop_timers(): Timers stopped.
DEBUG:btfxwss.queue_processor:_handle_trades: trades - [130, [[310217261, 1541859425055, -0.3037134, 6449.5], [310217259, 1541859425055, -0.0201566, 6449.5], [310217257, 1541859425055, -0.2, 6449.5], [310217238, 1541859410228, 0.34167767, 6449.6], [310217237, 1541859410228, 0.31, 6449.6], [310217236, 1541859410228, 0.02029184, 6449.54479277], [310217234, 1541859410228, 1.5505, 6449.50775], [310217093, 1541859300522, 0.0031009, 6449.8], [310217072, 1541859275340, -0.003, 6450.46089596], [310217070, 1541859275027, -0.00017045, 6451], [310217068, 1541859269731, -0.215, 6451], [310217065, 1541859268064, -0.005, 6451], [310217037, 1541859245472, -0.14685526, 6453.2], [310217036, 1541859245472, -0.09314474, 6453.2], [310216992, 1541859204645, -0.20026272, 6453.2], [310216991, 1541859204645, -0.29973728, 6453.2], [310216921, 1541859143059, 0.23243921, 6453.3], [310216819, 1541859070615, 0.1194, 6453.2853], [310216791, 1541859051028, 0.05028742, 6453.3], [310216763, 1541859026659, 0.06164376, 6453.3], [310216747, 1541859011553, -0.01, 6453.2], [310216737, 1541859003554, 0.27437058, 6453.3], [310216736, 1541859003554, 0.08562942, 6453.29526668], [310216681, 1541858957575, -0.02, 6453.3], [310216680, 1541858957575, -0.05957941, 6453.3], [310216669, 1541858947848, 0.05381741, 6453.4], [310216614, 1541858913717, -0.01577, 6453.3], [310216544, 1541858859188, -0.01030059, 6453.3], [310216412, 1541858776092, -0.00885, 6453.3], [310216321, 1541858749330, -0.005, 6453.3]]] - 1541859467.3696141
DEBUG:btfxwss.connection:_stop_timers(): Timers stopped.
DEBUG:btfxwss.connection:_on_message(): Received new message {"event":"subscribed","channel":"candles","chanId":2201920,"key":"trade:1m:tBTCUSD"} at 1541859467.371744
DEBUG:btfxwss.connection:_system_handler(): Received a system message: {'event': 'subscribed', 'channel': 'candles', 'chanId': 2201920, 'key': 'trade:1m:tBTCUSD'}
DEBUG:btfxwss.connection:_system_handler(): Distributing {'channel': 'candles', 'chanId': 2201920, 'key': 'trade:1m:tBTCUSD'} to _response_handler..
DEBUG:btfxwss.connection:_response_handler(): Passing {'channel': 'candles', 'chanId': 2201920, 'key': 'trade:1m:tBTCUSD'} to client..
DEBUG:btfxwss.connection:_start_timers(): Resetting timers..
DEBUG:btfxwss.connection:_stop_timers(): Timers stopped.
DEBUG:btfxwss.queue_processor:_handle_subscribed: subscribed - {'channel': 'candles', 'chanId': 2201920, 'key': 'trade:1m:tBTCUSD'} - 1541859467.371744
INFO:btfxwss.queue_processor:Subscription succesful for channel ('candles', 'BTCUSD', '1m')
DEBUG:btfxwss.connection:_stop_timers(): Timers stopped.
DEBUG:btfxwss.connection:_on_message(): Received new message [2201920,[[1541859420000,6449.5,6449.5,6449.5,6449.5,0.52387],[1541859360000,6449.50775,6449.6,6449.6,6449.50775,2.22246951],[1541859300000,6449.8,6449.8,6449.8,6449.8,0.0031009],[1541859240000,6453.2,6450.46089596,6453.2,6450.46089596,0.46317045],[1541859180000,6453.2,6453.2,6453.2,6453.2,0.5],[1541859120000,6453.3,6453.3,6453.3,6453.3,0.23243921],[1541859060000,6453.2853,6453.2853,6453.2853,6453.2853,0.1194],[1541859000000,6453.29526668,6453.3,6453.3,6453.2,0.48193118],[1541858940000,6453.4,6453.3,6453.4,6453.3,0.13339682],[1541858880000,6453.3,6453.3,6453.3,6453.3,0.01577],[1541858820000,6453.3,6453.3,6453.3,6453.3,0.01030059],[1541858760000,6453.3,6453.3,6453.3,6453.3,0.00885],[1541858700000,6453.3,6453.3,6453.4,6453.3,0.035],[1541858640000,6453.4,6453.37315,6453.4,6453.37315,0.02226077],[1541858520000,6453.2,6453.2,6453.2,6453.2,0.6172],[1541858400000,6453.17863159,6453.2,6453.2,6453.17863159,0.03398316],[1541858280000,6453.3,6453.3,6453.3,6453.3,0.01348597],[1541858220000,6453.6367,6453.2,6453.6367,6453.2,0.77659122],[1541858160000,6453.6,6453.6,6453.6,6453.6,0.37675],[1541858100000,6453.56797147,6453.6,6453.6,6453.56797147,0.05942218],[1541858040000,6453.3,6453.7,6453.7,6453.3,2.04912541],[1541857980000,6453.6,6453.6,6453.6,6453.6,0.63760582],[1541857920000,6453.63536388,6453.7,6453.7,6453.6,0.15106263],[1541857800000,6453.6367,6453.69775142,6453.69775142,6453.6,4.14],[1541857740000,6453.7,6453.6,6453.7,6453.6,0.07599728],[1541857680000,6453.7,6453.7,6453.7,6453.7,0.01843225],[1541857620000,6453.7,6453.7,6453.72455,6453.7,0.36097652],[1541857560000,6453.8,6453.748766,6453.8,6453.748766,0.52656863],[1541857440000,6453.2,6453.2,6455,6453.2,10.07],[1541857380000,6453.2,6453.2,6453.2,6453.2,0.03319021],[1541857320000,6453.18189185,6453.2,6453.2,6453.18189185,0.05081049],[1541857260000,6453.1,6453.2,6453.2,6453.1,10.20735554],[1541857200000,6453.2,6453.2,6453.2,6453.2,0.15499926],[1541857140000,6453.2,6453.2,6453.2,6453.2,0.01170027],[1541857080000,6453.2,6453.2,6453.2,6453.2,0.04046128],[1541857020000,6453.2,6453.2,6453.2,6453.2,0.09336235],[1541856960000,6453.2,6453.2,6453.2,6453.2,0.02347263],[1541856900000,6453.18186456,6453.2,6453.2,6453.18186456,0.4957374],[1541856840000,6453.18186456,6453.18186456,6453.18186456,6453.18186456,0.0502882],[1541856780000,6453.18186456,6453.18186456,6453.18186456,6453.18186456,0.01140777],[1541856720000,6453.17863159,6453.18189185,6453.18189185,6453.17863159,0.04757586],[1541856660000,6453.18189185,6453.18189185,6453.18189185,6453.1,0.04792751],[1541856600000,6453.1,6453.18189185,6453.18189185,6453.1,0.7672762],[1541856540000,6453.1,6453.1,6453.1,6453.1,0.64743138],[1541856480000,6453.06851702,6453.1,6453.1,6453.06851702,0.06034578],[1541856420000,6453.1,6453.1,6453.1,6453.1,0.1817809],[1541856360000,6453.06851702,6453.06851702,6453.06851702,6453.06851702,0.07],[1541856300000,6453.2,6452.6,6453.2,6452.6,0.5394],[1541856180000,6453.1,6453.1,6453.1,6453.1,0.005],[1541856120000,6453.1,6453.1,6453.1,6453.1,0.05],[1541856060000,6453.17863159,6453.1,6453.2,6453.1,1.55246911],[1541856000000,6453.19745,6453.2,6453.2,6453.17863159,0.06832875],[1541855940000,6453.17863159,6453.17863159,6453.17863159,6453.17863159,0.005],[1541855880000,6453.2,6453.2,6453.2,6453.2,0.10631185],[1541855820000,6458.1,6456.2,6458.1,6456.2,0.30922341],[1541855760000,6458.11027,6458.1,6458.11705,6458.1,0.31916222],[1541855700000,6458.2,6458.2,6458.2,6458.1,4.92390693],[1541855640000,6458.2,6458.17038433,6458.2,6458.1,1.73465768],[1541855580000,6458.2,6458.2,6458.2,6458.17038433,0.57321141],[1541855520000,6458.11027,6458.17038433,6458.17038433,6458.11027,0.02389522],[1541855460000,6458.11027,6458.17038433,6458.17038433,6458.1,0.81253308],[1541855400000,6458.2,6458.11027,6458.2,6458.11027,1.48921592],[1541855340000,6458.2,6458.2,6458.2,6458.2,0.015],[1541855280000,6460.6,6458.2,6460.6,6458.1,4.73398804],[1541855220000,6458.05698219,6460.6,6469.3,6458.05698219,67.71874387],[1541855160000,6448,6458.05698219,6458.05698219,6448,81.47177907],[1541855100000,6446.55985373,6448,6448,6446.55985373,10.18840155],[1541855040000,6445,6446.6,6446.6,6445,4.54829158],[1541854980000,6445,6445,6445,6445,1.66444656],[1541854920000,6445,6445,6445,6445,0.84125018],[1541854860000,6444.93955,6445,6445,6444.93955,0.98045866],[1541854800000,6445,6445,6445,6444.93955,0.61965005],[1541854740000,6445,6444.93955,6445,6444.93955,1.06937409],[1541854680000,6445,6445,6445,6444.93955,4.79702969],[1541854620000,6444.3,6445,6445,6444.3,1.40874586],[1541854560000,6444.3,6444.3,6444.3,6444.23675,0.40956667],[1541854500000,6443.5,6444.3,6444.3,6443.5,2.0493217],[1541854440000,6442.8,6443.5,6443.5,6442.8,0.63710691],[1541854380000,6442.8,6442.8,6442.8,6442.79623898,0.61257576],[1541854320000,6442.1,6442.8,6442.8,6442.1,1.87290851],[1541854260000,6441.1,6442.1,6442.1,6441.1,4.38629807],[1541854200000,6441.1,6441.1,6441.1,6441,5.18972623],[1541854140000,6441.1,6441.1,6441.1,6441,0.40991802],[1541854080000,6441.1,6441.1,6441.1,6441.1,0.44904577],[1541854020000,6440.6,6441.1,6441.1,6440.59728583,1.12126625],[1541853960000,6440.25716135,6440.6,6440.6,6440.25716135,0.76095188],[1541853900000,6439.8,6440.3,6440.3,6439.7,1.88047279],[1541853840000,6439.8,6439.8,6439.8,6439.8,0.06900957],[1541853780000,6439.8,6439.8,6439.8,6439.8,0.0339],[1541853720000,6438.3,6435.8,6440.2,6435.8,25.590023],[1541853660000,6438.3,6438.2,6438.3,6438.2,0.13292429],[1541853600000,6438.3,6438.3,6438.3,6438.3,0.07188982],[1541853540000,6438.3,6438.25393642,6438.3,6438.25393642,1.6219834],[1541853480000,6438.3,6438.3,6438.3,6438.3,0.15555896],[1541853420000,6440.1,6436,6440.1,6436,30.00402232],[1541853360000,6440.2,6440.1,6440.20063579,6440.1,1.74555882],[1541853300000,6441,6441,6441,6441,0.5975],[1541853240000,6441.1,6441.1,6441.1,6441.1,0.0587],[1541853180000,6441,6441.1,6441.1,6441,10.02993789],[1541853120000,6441,6441,6441,6441,10],[1541853060000,6441.1,6441.1,6441.1,6441,0.47123636],[1541853000000,6441.05078515,6441.1,6441.1,6441.05078515,0.44432227],[1541852940000,6441.05078515,6441.05078515,6441.05078515,6441.05078515,0.00981382],[1541852880000,6441.05078515,6441.1,6441.1,6441.05078515,0.03846417],[1541852820000,6441.1,6441.1,6441.1,6441.1,0.04351218],[1541852760000,6441.5,6441,6441.5,6441,9.2201492],[1541852700000,6441.50428446,6441.5,6441.6,6441.5,6.91238761],[1541852640000,6441.50428446,6441.6,6441.6,6441.50428446,6.71174328],[1541852580000,6441.6,6441.6,6441.6,6441.6,1.0098373],[1541852520000,6442.18453344,6441.6,6442.2,6441.6,0.305],[1541852400000,6443.5,6442.6,6443.5,6442.6,1.15311733],[1541852340000,6444.1,6443.5,6444.1,6442.7,7.87036267],[1541852280000,6445.52161407,6444.1,6445.52161407,6443.6,19.43982766],[1541852220000,6446.1,6445.5,6446.1,6445.5,6.19471656],[1541852160000,6446.1,6446.1,6446.1,6446.1,2],[1541852100000,6446.2,6446.2,6446.2,6446.1,4.48053454],[1541852040000,6448.7,6446.1,6448.7,6445.9,11.42835172],[1541851980000,6449.6,6449.6,6449.6,6449.6,6.28780292],[1541851920000,6449.7,6449.7,6449.7,6449.7,0.14819866],[1541851860000,6449.7,6449.7,6449.7,6449.67457273,0.49749605],[1541851800000,6449.7,6449.7,6449.7,6449.7,0.75549079],[1541851740000,6449.67457273,6449.7,6449.7,6449.6,1.00736413],[1541851680000,6449.7,6449.7,6449.7,6449.6,7.11518457],[1541851620000,6449.7,6449.7,6449.7,6449.67457273,0.25144294],[1541851560000,6446.5,6448,6449,6446.5,15.86788987],[1541851500000,6445,6446.5,6446.5,6445,33.43678781],[1541851440000,6442.2,6445,6445,6442.2,37.60336168],[1541851380000,6442.2,6442.2,6442.2,6442.12878662,7.98994607],[1541851320000,6442.2,6442.2,6442.2,6442.2,0.1135781],[1541851260000,6442.2,6442.2,6442.2,6442.12835,0.88784114],[1541851200000,6442.2,6442.2,6442.2,6442.2,0.60280914],[1541851140000,6442.2,6442.18453344,6442.2,6442.18453344,0.20626778],[1541851080000,6442.2,6442.2,6442.2,6442.2,5.09659264],[1541851020000,6442.2,6442.2,6442.2,6442.2,0.3043042],[1541850960000,6442.2,6442.1,6442.2,6442.1,0.0278],[1541850900000,6438.2,6442.12835,6442.4,6438.2,15.10936275],[1541850840000,6438.2,6438.2,6438.2,6438.2,0.52616501],[1541850780000,6438.2,6438.2,6438.2,6438.2,0.168179],[1541850720000,6438.2,6438.2,6438.2,6438.2,1.42504045],[1541850660000,6438.2,6438.2,6438.2,6438.2,2.03187608],[1541850600000,6438.2,6438.2,6438.2,6438.2,3.05661286],[1541850540000,6438.2,6438.2,6438.2,6438.2,1.0526782],[1541850480000,6438.2,6438.2,6438.2,6438.2,0.61543337],[1541850420000,6438.2,6438.2,6438.2,6438.2,6.25982852],[1541850360000,6438.1751,6438.2,6438.2,6438.1751,2.36244596],[1541850300000,6436.9,6438.1751,6438.2,6436.85778626,7.82216359],[1541850240000,6436.9,6436.9,6436.9,6436.9,0.38117833],[1541850180000,6436.85778626,6436.9,6436.9,6436.85778626,1.96735117],[1541850120000,6436.9,6436.9,6436.9,6436.9,0.4936737],[1541850060000,6436.9,6436.9,6436.9,6436.9,0.00327278],[1541849940000,6436.9,6436.9,6436.9,6436.9,0.014065],[1541849880000,6436.9,6436.9,6436.9,6436.9,0.01160349],[1541849820000,6436.9,6436.9,6436.9,6436.9,0.008],[1541849760000,6436.9,6436.85735,6436.9,6436.85735,2.51340721],[1541849700000,6436.9,6436.9,6436.9,6436.85735,0.67823521],[1541849640000,6436.9,6436.9,6436.9,6436.9,5.18149595],[1541849580000,6436.9,6436.9,6436.9,6436.9,3.54430184],[1541849520000,6436.9,6436.9,6436.9,6436.9,0.006367],[1541849460000,6436.9,6436.9,6436.9,6436.9,0.26727403],[1541849400000,6436.9,6436.85591648,6436.9,6436.85591648,0.04553974],[1541849340000,6436.9,6436.9,6436.9,6436.85591648,0.07158923],[1541849280000,6436.9,6436.9,6436.9,6436.85591648,0.29949999],[1541849220000,6436.69657693,6436.9,6436.9,6436.69657693,0.110605],[1541849160000,6437.648,6437,6437.7,6437,0.25767891],[1541849100000,6438.1,6437.7,6439.5,6437.7,1.31111228],[1541849040000,6436.3,6437.9,6439.7,6436.3,10.63079107],[1541848980000,6436.3,6436.3,6436.3,6436.3,0.50354791],[1541848860000,6436.3,6436.3,6436.3,6436.3,0.24],[1541848740000,6436.3,6436.28904233,6436.3,6436.28904233,0.172645],[1541848680000,6435.1,6436.3,6438.8,6435.1,16.30474768],[1541848620000,6432,6435.1,6435.1,6432,20.11217882],[1541848560000,6431.5,6432,6432,6431.41389749,5.47599199],[1541848500000,6431.5,6431.5,6431.5,6431.5,1.26931119],[1541848440000,6431.5,6431.5,6431.5,6431.5,4.04184254],[1541848380000,6431.5,6431.5,6431.5,6431.41389749,13.1418223],[1541848320000,6431.5,6431.5,6431.5,6431.5,0.03586633],[1541848260000,6430.6,6431.5,6431.5,6430.6,0.46507],[1541848200000,6429.6,6429.6,6429.6,6429.6,5.65306526],[1541848140000,6429.6,6429.59992742,6429.6,6429.59992742,2.09307718],[1541848080000,6426.2275,6429.6,6429.6,6426.2,29.86429078],[1541848020000,6426.3,6426.3,6426.3,6426.3,1.00168462],[1541847960000,6426.3,6426.2275,6426.3,6426.2,0.57180966],[1541847900000,6426.3,6426.3,6426.3,6426.3,0.2801823],[1541847840000,6426.3,6426.3,6426.3,6426.3,0.2204476],[1541847780000,6426.22793554,6426.3,6426.3,6426.22793554,0.78888639],[1541847720000,6426.3,6426.3,6426.3,6426.2275,0.81415778],[1541847660000,6426.2275,6426.3,6426.3,6426.2275,0.17080309],[1541847600000,6426.3,6426.3,6426.3,6426.2275,0.72274977],[1541847540000,6426.2,6426.2,6426.2,6426.2,1.035],[1541847480000,6426.3,6426.3,6426.3,6426.3,0.0445],[1541847420000,6426.3,6426.3,6426.3,6426.3,0.03737931],[1541847360000,6426.3,6426.3,6426.3,6426.3,0.02197901],[1541847300000,6426.2275,6426.2,6426.2275,6426.2,5],[1541847240000,6426.3,6426.3,6426.3,6426.3,5],[1541847180000,6426.3,6426.3,6426.3,6426.3,0.07485218],[1541847120000,6426.44396426,6426.3,6426.44396426,6426.3,1.742237],[1541847060000,6426.44396024,6426.44396024,6426.5,6426.4,0.4247354],[1541846940000,6426.5,6426.5,6426.5,6426.5,0.01764166],[1541846880000,6426.6,6426.5,6426.6,6426.5,1.00853217],[1541846820000,6429.1,6426.7,6429.1,6426.4,15.78365219],[1541846760000,6429.1,6429.2,6429.2,6429.1,2.95719695],[1541846700000,6429.2,6429.2,6429.2,6429.2,0.1031108],[1541846640000,6429.16933936,6429.16933936,6429.16933936,6429.16933936,0.028],[1541846580000,6429.16934338,6429.2,6429.2,6429.16934338,0.2143664],[1541846520000,6429.2,6429.2,6429.2,6429.2,0.1804],[1541846460000,6429.16933936,6429.16933936,6429.16933936,6429.16933936,0.01360058],[1541846400000,6429.2,6429.2,6429.2,6429.2,0.2095684],[1541846340000,6429.5,6429.5,6429.5,6429.5,0.49139603],[1541846280000,6429.6,6429.6,6429.6,6429.5,0.18906609],[1541846220000,6429.59992742,6429.59992742,6429.59992742,6429.59992742,0.091948],[1541846160000,6429.6,6429.6,6429.6,6427.7,10.65025422],[1541846100000,6429.6,6429.6,6429.6,6429.6,0.49353776],[1541846040000,6429.6,6429.59990023,6429.6,6429.59990023,0.01188451],[1541845920000,6429.6,6429.6,6429.6,6429.6,0.12063957],[1541845860000,6431.1,6429.5,6431.1,6429.5,26.79790215],[1541845800000,6431.6,6431.2,6431.6,6431.2,2.253364],[1541845740000,6431.50537861,6431.6,6431.6,6431.50537861,0.027458],[1541845680000,6431.6,6431.6,6431.6,6431.6,2.5],[1541845620000,6432.02449844,6431.5,6432.02449844,6431.5,1.77477753],[1541845560000,6432.1,6432.1,6432.1,6432.1,0.01026498],[1541845500000,6432.1,6432.1,6432.1,6432.1,0.0239219],[1541845440000,6432,6432.1,6432.1,6432,0.94505],[1541845380000,6432,6432,6432,6432,0.005],[1541845320000,6432,6432.1,6432.1,6432,0.3133],[1541845260000,6432.02449844,6432,6432.1,6432,1.77481689],[1541845200000,6432,6432,6432,6432,0.24086164],[1541845140000,6433,6432,6433,6432,12.23993678],[1541845080000,6433.1,6433,6433.1,6433,0.25826562],[1541845020000,6434.3,6433.1,6434.3,6433.1,0.6668522],[1541844960000,6434.4,6434.4,6434.4,6434.4,0.10087027],[1541844900000,6434.4,6434.3,6434.4,6434.3,0.0081083],[1541844840000,6433.1,6433.1,6433.1,6433.1,18.235],[1541844780000,6433.06274212,6433.00114509,6433.06274212,6433.00114509,0.38100296],[1541844720000,6433.1,6433.1,6433.1,6433.1,1.41420225],[1541844660000,6433.1,6433.1,6433.1,6433.1,0.005],[1541844600000,6433.1,6433.1,6433.1,6433.1,0.176],[1541844540000,6433.1,6433.1,6433.1,6433.1,0.3],[1541844480000,6433.0627381,6433.0627381,6433.0627381,6433,0.5345],[1541844420000,6433.1,6433.0627381,6433.1,6433.0627381,2.06208384],[1541844300000,6434.1,6433.32229802,6434.1,6433.32229802,1.07023724]]] at 1541859467.386255
DEBUG:btfxwss.connection:_data_handler(): Passing [2201920, [[1541859420000, 6449.5, 6449.5, 6449.5, 6449.5, 0.52387], [1541859360000, 6449.50775, 6449.6, 6449.6, 6449.50775, 2.22246951], [1541859300000, 6449.8, 6449.8, 6449.8, 6449.8, 0.0031009], [1541859240000, 6453.2, 6450.46089596, 6453.2, 6450.46089596, 0.46317045], [1541859180000, 6453.2, 6453.2, 6453.2, 6453.2, 0.5], [1541859120000, 6453.3, 6453.3, 6453.3, 6453.3, 0.23243921], [1541859060000, 6453.2853, 6453.2853, 6453.2853, 6453.2853, 0.1194], [1541859000000, 6453.29526668, 6453.3, 6453.3, 6453.2, 0.48193118], [1541858940000, 6453.4, 6453.3, 6453.4, 6453.3, 0.13339682], [1541858880000, 6453.3, 6453.3, 6453.3, 6453.3, 0.01577], [1541858820000, 6453.3, 6453.3, 6453.3, 6453.3, 0.01030059], [1541858760000, 6453.3, 6453.3, 6453.3, 6453.3, 0.00885], [1541858700000, 6453.3, 6453.3, 6453.4, 6453.3, 0.035], [1541858640000, 6453.4, 6453.37315, 6453.4, 6453.37315, 0.02226077], [1541858520000, 6453.2, 6453.2, 6453.2, 6453.2, 0.6172], [1541858400000, 6453.17863159, 6453.2, 6453.2, 6453.17863159, 0.03398316], [1541858280000, 6453.3, 6453.3, 6453.3, 6453.3, 0.01348597], [1541858220000, 6453.6367, 6453.2, 6453.6367, 6453.2, 0.77659122], [1541858160000, 6453.6, 6453.6, 6453.6, 6453.6, 0.37675], [1541858100000, 6453.56797147, 6453.6, 6453.6, 6453.56797147, 0.05942218], [1541858040000, 6453.3, 6453.7, 6453.7, 6453.3, 2.04912541], [1541857980000, 6453.6, 6453.6, 6453.6, 6453.6, 0.63760582], [1541857920000, 6453.63536388, 6453.7, 6453.7, 6453.6, 0.15106263], [1541857800000, 6453.6367, 6453.69775142, 6453.69775142, 6453.6, 4.14], [1541857740000, 6453.7, 6453.6, 6453.7, 6453.6, 0.07599728], [1541857680000, 6453.7, 6453.7, 6453.7, 6453.7, 0.01843225], [1541857620000, 6453.7, 6453.7, 6453.72455, 6453.7, 0.36097652], [1541857560000, 6453.8, 6453.748766, 6453.8, 6453.748766, 0.52656863], [1541857440000, 6453.2, 6453.2, 6455, 6453.2, 10.07], [1541857380000, 6453.2, 6453.2, 6453.2, 6453.2, 0.03319021], [1541857320000, 6453.18189185, 6453.2, 6453.2, 6453.18189185, 0.05081049], [1541857260000, 6453.1, 6453.2, 6453.2, 6453.1, 10.20735554], [1541857200000, 6453.2, 6453.2, 6453.2, 6453.2, 0.15499926], [1541857140000, 6453.2, 6453.2, 6453.2, 6453.2, 0.01170027], [1541857080000, 6453.2, 6453.2, 6453.2, 6453.2, 0.04046128], [1541857020000, 6453.2, 6453.2, 6453.2, 6453.2, 0.09336235], [1541856960000, 6453.2, 6453.2, 6453.2, 6453.2, 0.02347263], [1541856900000, 6453.18186456, 6453.2, 6453.2, 6453.18186456, 0.4957374], [1541856840000, 6453.18186456, 6453.18186456, 6453.18186456, 6453.18186456, 0.0502882], [1541856780000, 6453.18186456, 6453.18186456, 6453.18186456, 6453.18186456, 0.01140777], [1541856720000, 6453.17863159, 6453.18189185, 6453.18189185, 6453.17863159, 0.04757586], [1541856660000, 6453.18189185, 6453.18189185, 6453.18189185, 6453.1, 0.04792751], [1541856600000, 6453.1, 6453.18189185, 6453.18189185, 6453.1, 0.7672762], [1541856540000, 6453.1, 6453.1, 6453.1, 6453.1, 0.64743138], [1541856480000, 6453.06851702, 6453.1, 6453.1, 6453.06851702, 0.06034578], [1541856420000, 6453.1, 6453.1, 6453.1, 6453.1, 0.1817809], [1541856360000, 6453.06851702, 6453.06851702, 6453.06851702, 6453.06851702, 0.07], [1541856300000, 6453.2, 6452.6, 6453.2, 6452.6, 0.5394], [1541856180000, 6453.1, 6453.1, 6453.1, 6453.1, 0.005], [1541856120000, 6453.1, 6453.1, 6453.1, 6453.1, 0.05], [1541856060000, 6453.17863159, 6453.1, 6453.2, 6453.1, 1.55246911], [1541856000000, 6453.19745, 6453.2, 6453.2, 6453.17863159, 0.06832875], [1541855940000, 6453.17863159, 6453.17863159, 6453.17863159, 6453.17863159, 0.005], [1541855880000, 6453.2, 6453.2, 6453.2, 6453.2, 0.10631185], [1541855820000, 6458.1, 6456.2, 6458.1, 6456.2, 0.30922341], [1541855760000, 6458.11027, 6458.1, 6458.11705, 6458.1, 0.31916222], [1541855700000, 6458.2, 6458.2, 6458.2, 6458.1, 4.92390693], [1541855640000, 6458.2, 6458.17038433, 6458.2, 6458.1, 1.73465768], [1541855580000, 6458.2, 6458.2, 6458.2, 6458.17038433, 0.57321141], [1541855520000, 6458.11027, 6458.17038433, 6458.17038433, 6458.11027, 0.02389522], [1541855460000, 6458.11027, 6458.17038433, 6458.17038433, 6458.1, 0.81253308], [1541855400000, 6458.2, 6458.11027, 6458.2, 6458.11027, 1.48921592], [1541855340000, 6458.2, 6458.2, 6458.2, 6458.2, 0.015], [1541855280000, 6460.6, 6458.2, 6460.6, 6458.1, 4.73398804], [1541855220000, 6458.05698219, 6460.6, 6469.3, 6458.05698219, 67.71874387], [1541855160000, 6448, 6458.05698219, 6458.05698219, 6448, 81.47177907], [1541855100000, 6446.55985373, 6448, 6448, 6446.55985373, 10.18840155], [1541855040000, 6445, 6446.6, 6446.6, 6445, 4.54829158], [1541854980000, 6445, 6445, 6445, 6445, 1.66444656], [1541854920000, 6445, 6445, 6445, 6445, 0.84125018], [1541854860000, 6444.93955, 6445, 6445, 6444.93955, 0.98045866], [1541854800000, 6445, 6445, 6445, 6444.93955, 0.61965005], [1541854740000, 6445, 6444.93955, 6445, 6444.93955, 1.06937409], [1541854680000, 6445, 6445, 6445, 6444.93955, 4.79702969], [1541854620000, 6444.3, 6445, 6445, 6444.3, 1.40874586], [1541854560000, 6444.3, 6444.3, 6444.3, 6444.23675, 0.40956667], [1541854500000, 6443.5, 6444.3, 6444.3, 6443.5, 2.0493217], [1541854440000, 6442.8, 6443.5, 6443.5, 6442.8, 0.63710691], [1541854380000, 6442.8, 6442.8, 6442.8, 6442.79623898, 0.61257576], [1541854320000, 6442.1, 6442.8, 6442.8, 6442.1, 1.87290851], [1541854260000, 6441.1, 6442.1, 6442.1, 6441.1, 4.38629807], [1541854200000, 6441.1, 6441.1, 6441.1, 6441, 5.18972623], [1541854140000, 6441.1, 6441.1, 6441.1, 6441, 0.40991802], [1541854080000, 6441.1, 6441.1, 6441.1, 6441.1, 0.44904577], [1541854020000, 6440.6, 6441.1, 6441.1, 6440.59728583, 1.12126625], [1541853960000, 6440.25716135, 6440.6, 6440.6, 6440.25716135, 0.76095188], [1541853900000, 6439.8, 6440.3, 6440.3, 6439.7, 1.88047279], [1541853840000, 6439.8, 6439.8, 6439.8, 6439.8, 0.06900957], [1541853780000, 6439.8, 6439.8, 6439.8, 6439.8, 0.0339], [1541853720000, 6438.3, 6435.8, 6440.2, 6435.8, 25.590023], [1541853660000, 6438.3, 6438.2, 6438.3, 6438.2, 0.13292429], [1541853600000, 6438.3, 6438.3, 6438.3, 6438.3, 0.07188982], [1541853540000, 6438.3, 6438.25393642, 6438.3, 6438.25393642, 1.6219834], [1541853480000, 6438.3, 6438.3, 6438.3, 6438.3, 0.15555896], [1541853420000, 6440.1, 6436, 6440.1, 6436, 30.00402232], [1541853360000, 6440.2, 6440.1, 6440.20063579, 6440.1, 1.74555882], [1541853300000, 6441, 6441, 6441, 6441, 0.5975], [1541853240000, 6441.1, 6441.1, 6441.1, 6441.1, 0.0587], [1541853180000, 6441, 6441.1, 6441.1, 6441, 10.02993789], [1541853120000, 6441, 6441, 6441, 6441, 10], [1541853060000, 6441.1, 6441.1, 6441.1, 6441, 0.47123636], [1541853000000, 6441.05078515, 6441.1, 6441.1, 6441.05078515, 0.44432227], [1541852940000, 6441.05078515, 6441.05078515, 6441.05078515, 6441.05078515, 0.00981382], [1541852880000, 6441.05078515, 6441.1, 6441.1, 6441.05078515, 0.03846417], [1541852820000, 6441.1, 6441.1, 6441.1, 6441.1, 0.04351218], [1541852760000, 6441.5, 6441, 6441.5, 6441, 9.2201492], [1541852700000, 6441.50428446, 6441.5, 6441.6, 6441.5, 6.91238761], [1541852640000, 6441.50428446, 6441.6, 6441.6, 6441.50428446, 6.71174328], [1541852580000, 6441.6, 6441.6, 6441.6, 6441.6, 1.0098373], [1541852520000, 6442.18453344, 6441.6, 6442.2, 6441.6, 0.305], [1541852400000, 6443.5, 6442.6, 6443.5, 6442.6, 1.15311733], [1541852340000, 6444.1, 6443.5, 6444.1, 6442.7, 7.87036267], [1541852280000, 6445.52161407, 6444.1, 6445.52161407, 6443.6, 19.43982766], [1541852220000, 6446.1, 6445.5, 6446.1, 6445.5, 6.19471656], [1541852160000, 6446.1, 6446.1, 6446.1, 6446.1, 2], [1541852100000, 6446.2, 6446.2, 6446.2, 6446.1, 4.48053454], [1541852040000, 6448.7, 6446.1, 6448.7, 6445.9, 11.42835172], [1541851980000, 6449.6, 6449.6, 6449.6, 6449.6, 6.28780292], [1541851920000, 6449.7, 6449.7, 6449.7, 6449.7, 0.14819866], [1541851860000, 6449.7, 6449.7, 6449.7, 6449.67457273, 0.49749605], [1541851800000, 6449.7, 6449.7, 6449.7, 6449.7, 0.75549079], [1541851740000, 6449.67457273, 6449.7, 6449.7, 6449.6, 1.00736413], [1541851680000, 6449.7, 6449.7, 6449.7, 6449.6, 7.11518457], [1541851620000, 6449.7, 6449.7, 6449.7, 6449.67457273, 0.25144294], [1541851560000, 6446.5, 6448, 6449, 6446.5, 15.86788987], [1541851500000, 6445, 6446.5, 6446.5, 6445, 33.43678781], [1541851440000, 6442.2, 6445, 6445, 6442.2, 37.60336168], [1541851380000, 6442.2, 6442.2, 6442.2, 6442.12878662, 7.98994607], [1541851320000, 6442.2, 6442.2, 6442.2, 6442.2, 0.1135781], [1541851260000, 6442.2, 6442.2, 6442.2, 6442.12835, 0.88784114], [1541851200000, 6442.2, 6442.2, 6442.2, 6442.2, 0.60280914], [1541851140000, 6442.2, 6442.18453344, 6442.2, 6442.18453344, 0.20626778], [1541851080000, 6442.2, 6442.2, 6442.2, 6442.2, 5.09659264], [1541851020000, 6442.2, 6442.2, 6442.2, 6442.2, 0.3043042], [1541850960000, 6442.2, 6442.1, 6442.2, 6442.1, 0.0278], [1541850900000, 6438.2, 6442.12835, 6442.4, 6438.2, 15.10936275], [1541850840000, 6438.2, 6438.2, 6438.2, 6438.2, 0.52616501], [1541850780000, 6438.2, 6438.2, 6438.2, 6438.2, 0.168179], [1541850720000, 6438.2, 6438.2, 6438.2, 6438.2, 1.42504045], [1541850660000, 6438.2, 6438.2, 6438.2, 6438.2, 2.03187608], [1541850600000, 6438.2, 6438.2, 6438.2, 6438.2, 3.05661286], [1541850540000, 6438.2, 6438.2, 6438.2, 6438.2, 1.0526782], [1541850480000, 6438.2, 6438.2, 6438.2, 6438.2, 0.61543337], [1541850420000, 6438.2, 6438.2, 6438.2, 6438.2, 6.25982852], [1541850360000, 6438.1751, 6438.2, 6438.2, 6438.1751, 2.36244596], [1541850300000, 6436.9, 6438.1751, 6438.2, 6436.85778626, 7.82216359], [1541850240000, 6436.9, 6436.9, 6436.9, 6436.9, 0.38117833], [1541850180000, 6436.85778626, 6436.9, 6436.9, 6436.85778626, 1.96735117], [1541850120000, 6436.9, 6436.9, 6436.9, 6436.9, 0.4936737], [1541850060000, 6436.9, 6436.9, 6436.9, 6436.9, 0.00327278], [1541849940000, 6436.9, 6436.9, 6436.9, 6436.9, 0.014065], [1541849880000, 6436.9, 6436.9, 6436.9, 6436.9, 0.01160349], [1541849820000, 6436.9, 6436.9, 6436.9, 6436.9, 0.008], [1541849760000, 6436.9, 6436.85735, 6436.9, 6436.85735, 2.51340721], [1541849700000, 6436.9, 6436.9, 6436.9, 6436.85735, 0.67823521], [1541849640000, 6436.9, 6436.9, 6436.9, 6436.9, 5.18149595], [1541849580000, 6436.9, 6436.9, 6436.9, 6436.9, 3.54430184], [1541849520000, 6436.9, 6436.9, 6436.9, 6436.9, 0.006367], [1541849460000, 6436.9, 6436.9, 6436.9, 6436.9, 0.26727403], [1541849400000, 6436.9, 6436.85591648, 6436.9, 6436.85591648, 0.04553974], [1541849340000, 6436.9, 6436.9, 6436.9, 6436.85591648, 0.07158923], [1541849280000, 6436.9, 6436.9, 6436.9, 6436.85591648, 0.29949999], [1541849220000, 6436.69657693, 6436.9, 6436.9, 6436.69657693, 0.110605], [1541849160000, 6437.648, 6437, 6437.7, 6437, 0.25767891], [1541849100000, 6438.1, 6437.7, 6439.5, 6437.7, 1.31111228], [1541849040000, 6436.3, 6437.9, 6439.7, 6436.3, 10.63079107], [1541848980000, 6436.3, 6436.3, 6436.3, 6436.3, 0.50354791], [1541848860000, 6436.3, 6436.3, 6436.3, 6436.3, 0.24], [1541848740000, 6436.3, 6436.28904233, 6436.3, 6436.28904233, 0.172645], [1541848680000, 6435.1, 6436.3, 6438.8, 6435.1, 16.30474768], [1541848620000, 6432, 6435.1, 6435.1, 6432, 20.11217882], [1541848560000, 6431.5, 6432, 6432, 6431.41389749, 5.47599199], [1541848500000, 6431.5, 6431.5, 6431.5, 6431.5, 1.26931119], [1541848440000, 6431.5, 6431.5, 6431.5, 6431.5, 4.04184254], [1541848380000, 6431.5, 6431.5, 6431.5, 6431.41389749, 13.1418223], [1541848320000, 6431.5, 6431.5, 6431.5, 6431.5, 0.03586633], [1541848260000, 6430.6, 6431.5, 6431.5, 6430.6, 0.46507], [1541848200000, 6429.6, 6429.6, 6429.6, 6429.6, 5.65306526], [1541848140000, 6429.6, 6429.59992742, 6429.6, 6429.59992742, 2.09307718], [1541848080000, 6426.2275, 6429.6, 6429.6, 6426.2, 29.86429078], [1541848020000, 6426.3, 6426.3, 6426.3, 6426.3, 1.00168462], [1541847960000, 6426.3, 6426.2275, 6426.3, 6426.2, 0.57180966], [1541847900000, 6426.3, 6426.3, 6426.3, 6426.3, 0.2801823], [1541847840000, 6426.3, 6426.3, 6426.3, 6426.3, 0.2204476], [1541847780000, 6426.22793554, 6426.3, 6426.3, 6426.22793554, 0.78888639], [1541847720000, 6426.3, 6426.3, 6426.3, 6426.2275, 0.81415778], [1541847660000, 6426.2275, 6426.3, 6426.3, 6426.2275, 0.17080309], [1541847600000, 6426.3, 6426.3, 6426.3, 6426.2275, 0.72274977], [1541847540000, 6426.2, 6426.2, 6426.2, 6426.2, 1.035], [1541847480000, 6426.3, 6426.3, 6426.3, 6426.3, 0.0445], [1541847420000, 6426.3, 6426.3, 6426.3, 6426.3, 0.03737931], [1541847360000, 6426.3, 6426.3, 6426.3, 6426.3, 0.02197901], [1541847300000, 6426.2275, 6426.2, 6426.2275, 6426.2, 5], [1541847240000, 6426.3, 6426.3, 6426.3, 6426.3, 5], [1541847180000, 6426.3, 6426.3, 6426.3, 6426.3, 0.07485218], [1541847120000, 6426.44396426, 6426.3, 6426.44396426, 6426.3, 1.742237], [1541847060000, 6426.44396024, 6426.44396024, 6426.5, 6426.4, 0.4247354], [1541846940000, 6426.5, 6426.5, 6426.5, 6426.5, 0.01764166], [1541846880000, 6426.6, 6426.5, 6426.6, 6426.5, 1.00853217], [1541846820000, 6429.1, 6426.7, 6429.1, 6426.4, 15.78365219], [1541846760000, 6429.1, 6429.2, 6429.2, 6429.1, 2.95719695], [1541846700000, 6429.2, 6429.2, 6429.2, 6429.2, 0.1031108], [1541846640000, 6429.16933936, 6429.16933936, 6429.16933936, 6429.16933936, 0.028], [1541846580000, 6429.16934338, 6429.2, 6429.2, 6429.16934338, 0.2143664], [1541846520000, 6429.2, 6429.2, 6429.2, 6429.2, 0.1804], [1541846460000, 6429.16933936, 6429.16933936, 6429.16933936, 6429.16933936, 0.01360058], [1541846400000, 6429.2, 6429.2, 6429.2, 6429.2, 0.2095684], [1541846340000, 6429.5, 6429.5, 6429.5, 6429.5, 0.49139603], [1541846280000, 6429.6, 6429.6, 6429.6, 6429.5, 0.18906609], [1541846220000, 6429.59992742, 6429.59992742, 6429.59992742, 6429.59992742, 0.091948], [1541846160000, 6429.6, 6429.6, 6429.6, 6427.7, 10.65025422], [1541846100000, 6429.6, 6429.6, 6429.6, 6429.6, 0.49353776], [1541846040000, 6429.6, 6429.59990023, 6429.6, 6429.59990023, 0.01188451], [1541845920000, 6429.6, 6429.6, 6429.6, 6429.6, 0.12063957], [1541845860000, 6431.1, 6429.5, 6431.1, 6429.5, 26.79790215], [1541845800000, 6431.6, 6431.2, 6431.6, 6431.2, 2.253364], [1541845740000, 6431.50537861, 6431.6, 6431.6, 6431.50537861, 0.027458], [1541845680000, 6431.6, 6431.6, 6431.6, 6431.6, 2.5], [1541845620000, 6432.02449844, 6431.5, 6432.02449844, 6431.5, 1.77477753], [1541845560000, 6432.1, 6432.1, 6432.1, 6432.1, 0.01026498], [1541845500000, 6432.1, 6432.1, 6432.1, 6432.1, 0.0239219], [1541845440000, 6432, 6432.1, 6432.1, 6432, 0.94505], [1541845380000, 6432, 6432, 6432, 6432, 0.005], [1541845320000, 6432, 6432.1, 6432.1, 6432, 0.3133], [1541845260000, 6432.02449844, 6432, 6432.1, 6432, 1.77481689], [1541845200000, 6432, 6432, 6432, 6432, 0.24086164], [1541845140000, 6433, 6432, 6433, 6432, 12.23993678], [1541845080000, 6433.1, 6433, 6433.1, 6433, 0.25826562], [1541845020000, 6434.3, 6433.1, 6434.3, 6433.1, 0.6668522], [1541844960000, 6434.4, 6434.4, 6434.4, 6434.4, 0.10087027], [1541844900000, 6434.4, 6434.3, 6434.4, 6434.3, 0.0081083], [1541844840000, 6433.1, 6433.1, 6433.1, 6433.1, 18.235], [1541844780000, 6433.06274212, 6433.00114509, 6433.06274212, 6433.00114509, 0.38100296], [1541844720000, 6433.1, 6433.1, 6433.1, 6433.1, 1.41420225], [1541844660000, 6433.1, 6433.1, 6433.1, 6433.1, 0.005], [1541844600000, 6433.1, 6433.1, 6433.1, 6433.1, 0.176], [1541844540000, 6433.1, 6433.1, 6433.1, 6433.1, 0.3], [1541844480000, 6433.0627381, 6433.0627381, 6433.0627381, 6433, 0.5345], [1541844420000, 6433.1, 6433.0627381, 6433.1, 6433.0627381, 2.06208384], [1541844300000, 6434.1, 6433.32229802, 6434.1, 6433.32229802, 1.07023724]]] to client..
DEBUG:btfxwss.connection:_start_timers(): Resetting timers..
DEBUG:btfxwss.connection:_stop_timers(): Timers stopped.
DEBUG:btfxwss.queue_processor:_handle_candles: candles - [2201920, [[1541859420000, 6449.5, 6449.5, 6449.5, 6449.5, 0.52387], [1541859360000, 6449.50775, 6449.6, 6449.6, 6449.50775, 2.22246951], [1541859300000, 6449.8, 6449.8, 6449.8, 6449.8, 0.0031009], [1541859240000, 6453.2, 6450.46089596, 6453.2, 6450.46089596, 0.46317045], [1541859180000, 6453.2, 6453.2, 6453.2, 6453.2, 0.5], [1541859120000, 6453.3, 6453.3, 6453.3, 6453.3, 0.23243921], [1541859060000, 6453.2853, 6453.2853, 6453.2853, 6453.2853, 0.1194], [1541859000000, 6453.29526668, 6453.3, 6453.3, 6453.2, 0.48193118], [1541858940000, 6453.4, 6453.3, 6453.4, 6453.3, 0.13339682], [1541858880000, 6453.3, 6453.3, 6453.3, 6453.3, 0.01577], [1541858820000, 6453.3, 6453.3, 6453.3, 6453.3, 0.01030059], [1541858760000, 6453.3, 6453.3, 6453.3, 6453.3, 0.00885], [1541858700000, 6453.3, 6453.3, 6453.4, 6453.3, 0.035], [1541858640000, 6453.4, 6453.37315, 6453.4, 6453.37315, 0.02226077], [1541858520000, 6453.2, 6453.2, 6453.2, 6453.2, 0.6172], [1541858400000, 6453.17863159, 6453.2, 6453.2, 6453.17863159, 0.03398316], [1541858280000, 6453.3, 6453.3, 6453.3, 6453.3, 0.01348597], [1541858220000, 6453.6367, 6453.2, 6453.6367, 6453.2, 0.77659122], [1541858160000, 6453.6, 6453.6, 6453.6, 6453.6, 0.37675], [1541858100000, 6453.56797147, 6453.6, 6453.6, 6453.56797147, 0.05942218], [1541858040000, 6453.3, 6453.7, 6453.7, 6453.3, 2.04912541], [1541857980000, 6453.6, 6453.6, 6453.6, 6453.6, 0.63760582], [1541857920000, 6453.63536388, 6453.7, 6453.7, 6453.6, 0.15106263], [1541857800000, 6453.6367, 6453.69775142, 6453.69775142, 6453.6, 4.14], [1541857740000, 6453.7, 6453.6, 6453.7, 6453.6, 0.07599728], [1541857680000, 6453.7, 6453.7, 6453.7, 6453.7, 0.01843225], [1541857620000, 6453.7, 6453.7, 6453.72455, 6453.7, 0.36097652], [1541857560000, 6453.8, 6453.748766, 6453.8, 6453.748766, 0.52656863], [1541857440000, 6453.2, 6453.2, 6455, 6453.2, 10.07], [1541857380000, 6453.2, 6453.2, 6453.2, 6453.2, 0.03319021], [1541857320000, 6453.18189185, 6453.2, 6453.2, 6453.18189185, 0.05081049], [1541857260000, 6453.1, 6453.2, 6453.2, 6453.1, 10.20735554], [1541857200000, 6453.2, 6453.2, 6453.2, 6453.2, 0.15499926], [1541857140000, 6453.2, 6453.2, 6453.2, 6453.2, 0.01170027], [1541857080000, 6453.2, 6453.2, 6453.2, 6453.2, 0.04046128], [1541857020000, 6453.2, 6453.2, 6453.2, 6453.2, 0.09336235], [1541856960000, 6453.2, 6453.2, 6453.2, 6453.2, 0.02347263], [1541856900000, 6453.18186456, 6453.2, 6453.2, 6453.18186456, 0.4957374], [1541856840000, 6453.18186456, 6453.18186456, 6453.18186456, 6453.18186456, 0.0502882], [1541856780000, 6453.18186456, 6453.18186456, 6453.18186456, 6453.18186456, 0.01140777], [1541856720000, 6453.17863159, 6453.18189185, 6453.18189185, 6453.17863159, 0.04757586], [1541856660000, 6453.18189185, 6453.18189185, 6453.18189185, 6453.1, 0.04792751], [1541856600000, 6453.1, 6453.18189185, 6453.18189185, 6453.1, 0.7672762], [1541856540000, 6453.1, 6453.1, 6453.1, 6453.1, 0.64743138], [1541856480000, 6453.06851702, 6453.1, 6453.1, 6453.06851702, 0.06034578], [1541856420000, 6453.1, 6453.1, 6453.1, 6453.1, 0.1817809], [1541856360000, 6453.06851702, 6453.06851702, 6453.06851702, 6453.06851702, 0.07], [1541856300000, 6453.2, 6452.6, 6453.2, 6452.6, 0.5394], [1541856180000, 6453.1, 6453.1, 6453.1, 6453.1, 0.005], [1541856120000, 6453.1, 6453.1, 6453.1, 6453.1, 0.05], [1541856060000, 6453.17863159, 6453.1, 6453.2, 6453.1, 1.55246911], [1541856000000, 6453.19745, 6453.2, 6453.2, 6453.17863159, 0.06832875], [1541855940000, 6453.17863159, 6453.17863159, 6453.17863159, 6453.17863159, 0.005], [1541855880000, 6453.2, 6453.2, 6453.2, 6453.2, 0.10631185], [1541855820000, 6458.1, 6456.2, 6458.1, 6456.2, 0.30922341], [1541855760000, 6458.11027, 6458.1, 6458.11705, 6458.1, 0.31916222], [1541855700000, 6458.2, 6458.2, 6458.2, 6458.1, 4.92390693], [1541855640000, 6458.2, 6458.17038433, 6458.2, 6458.1, 1.73465768], [1541855580000, 6458.2, 6458.2, 6458.2, 6458.17038433, 0.57321141], [1541855520000, 6458.11027, 6458.17038433, 6458.17038433, 6458.11027, 0.02389522], [1541855460000, 6458.11027, 6458.17038433, 6458.17038433, 6458.1, 0.81253308], [1541855400000, 6458.2, 6458.11027, 6458.2, 6458.11027, 1.48921592], [1541855340000, 6458.2, 6458.2, 6458.2, 6458.2, 0.015], [1541855280000, 6460.6, 6458.2, 6460.6, 6458.1, 4.73398804], [1541855220000, 6458.05698219, 6460.6, 6469.3, 6458.05698219, 67.71874387], [1541855160000, 6448, 6458.05698219, 6458.05698219, 6448, 81.47177907], [1541855100000, 6446.55985373, 6448, 6448, 6446.55985373, 10.18840155], [1541855040000, 6445, 6446.6, 6446.6, 6445, 4.54829158], [1541854980000, 6445, 6445, 6445, 6445, 1.66444656], [1541854920000, 6445, 6445, 6445, 6445, 0.84125018], [1541854860000, 6444.93955, 6445, 6445, 6444.93955, 0.98045866], [1541854800000, 6445, 6445, 6445, 6444.93955, 0.61965005], [1541854740000, 6445, 6444.93955, 6445, 6444.93955, 1.06937409], [1541854680000, 6445, 6445, 6445, 6444.93955, 4.79702969], [1541854620000, 6444.3, 6445, 6445, 6444.3, 1.40874586], [1541854560000, 6444.3, 6444.3, 6444.3, 6444.23675, 0.40956667], [1541854500000, 6443.5, 6444.3, 6444.3, 6443.5, 2.0493217], [1541854440000, 6442.8, 6443.5, 6443.5, 6442.8, 0.63710691], [1541854380000, 6442.8, 6442.8, 6442.8, 6442.79623898, 0.61257576], [1541854320000, 6442.1, 6442.8, 6442.8, 6442.1, 1.87290851], [1541854260000, 6441.1, 6442.1, 6442.1, 6441.1, 4.38629807], [1541854200000, 6441.1, 6441.1, 6441.1, 6441, 5.18972623], [1541854140000, 6441.1, 6441.1, 6441.1, 6441, 0.40991802], [1541854080000, 6441.1, 6441.1, 6441.1, 6441.1, 0.44904577], [1541854020000, 6440.6, 6441.1, 6441.1, 6440.59728583, 1.12126625], [1541853960000, 6440.25716135, 6440.6, 6440.6, 6440.25716135, 0.76095188], [1541853900000, 6439.8, 6440.3, 6440.3, 6439.7, 1.88047279], [1541853840000, 6439.8, 6439.8, 6439.8, 6439.8, 0.06900957], [1541853780000, 6439.8, 6439.8, 6439.8, 6439.8, 0.0339], [1541853720000, 6438.3, 6435.8, 6440.2, 6435.8, 25.590023], [1541853660000, 6438.3, 6438.2, 6438.3, 6438.2, 0.13292429], [1541853600000, 6438.3, 6438.3, 6438.3, 6438.3, 0.07188982], [1541853540000, 6438.3, 6438.25393642, 6438.3, 6438.25393642, 1.6219834], [1541853480000, 6438.3, 6438.3, 6438.3, 6438.3, 0.15555896], [1541853420000, 6440.1, 6436, 6440.1, 6436, 30.00402232], [1541853360000, 6440.2, 6440.1, 6440.20063579, 6440.1, 1.74555882], [1541853300000, 6441, 6441, 6441, 6441, 0.5975], [1541853240000, 6441.1, 6441.1, 6441.1, 6441.1, 0.0587], [1541853180000, 6441, 6441.1, 6441.1, 6441, 10.02993789], [1541853120000, 6441, 6441, 6441, 6441, 10], [1541853060000, 6441.1, 6441.1, 6441.1, 6441, 0.47123636], [1541853000000, 6441.05078515, 6441.1, 6441.1, 6441.05078515, 0.44432227], [1541852940000, 6441.05078515, 6441.05078515, 6441.05078515, 6441.05078515, 0.00981382], [1541852880000, 6441.05078515, 6441.1, 6441.1, 6441.05078515, 0.03846417], [1541852820000, 6441.1, 6441.1, 6441.1, 6441.1, 0.04351218], [1541852760000, 6441.5, 6441, 6441.5, 6441, 9.2201492], [1541852700000, 6441.50428446, 6441.5, 6441.6, 6441.5, 6.91238761], [1541852640000, 6441.50428446, 6441.6, 6441.6, 6441.50428446, 6.71174328], [1541852580000, 6441.6, 6441.6, 6441.6, 6441.6, 1.0098373], [1541852520000, 6442.18453344, 6441.6, 6442.2, 6441.6, 0.305], [1541852400000, 6443.5, 6442.6, 6443.5, 6442.6, 1.15311733], [1541852340000, 6444.1, 6443.5, 6444.1, 6442.7, 7.87036267], [1541852280000, 6445.52161407, 6444.1, 6445.52161407, 6443.6, 19.43982766], [1541852220000, 6446.1, 6445.5, 6446.1, 6445.5, 6.19471656], [1541852160000, 6446.1, 6446.1, 6446.1, 6446.1, 2], [1541852100000, 6446.2, 6446.2, 6446.2, 6446.1, 4.48053454], [1541852040000, 6448.7, 6446.1, 6448.7, 6445.9, 11.42835172], [1541851980000, 6449.6, 6449.6, 6449.6, 6449.6, 6.28780292], [1541851920000, 6449.7, 6449.7, 6449.7, 6449.7, 0.14819866], [1541851860000, 6449.7, 6449.7, 6449.7, 6449.67457273, 0.49749605], [1541851800000, 6449.7, 6449.7, 6449.7, 6449.7, 0.75549079], [1541851740000, 6449.67457273, 6449.7, 6449.7, 6449.6, 1.00736413], [1541851680000, 6449.7, 6449.7, 6449.7, 6449.6, 7.11518457], [1541851620000, 6449.7, 6449.7, 6449.7, 6449.67457273, 0.25144294], [1541851560000, 6446.5, 6448, 6449, 6446.5, 15.86788987], [1541851500000, 6445, 6446.5, 6446.5, 6445, 33.43678781], [1541851440000, 6442.2, 6445, 6445, 6442.2, 37.60336168], [1541851380000, 6442.2, 6442.2, 6442.2, 6442.12878662, 7.98994607], [1541851320000, 6442.2, 6442.2, 6442.2, 6442.2, 0.1135781], [1541851260000, 6442.2, 6442.2, 6442.2, 6442.12835, 0.88784114], [1541851200000, 6442.2, 6442.2, 6442.2, 6442.2, 0.60280914], [1541851140000, 6442.2, 6442.18453344, 6442.2, 6442.18453344, 0.20626778], [1541851080000, 6442.2, 6442.2, 6442.2, 6442.2, 5.09659264], [1541851020000, 6442.2, 6442.2, 6442.2, 6442.2, 0.3043042], [1541850960000, 6442.2, 6442.1, 6442.2, 6442.1, 0.0278], [1541850900000, 6438.2, 6442.12835, 6442.4, 6438.2, 15.10936275], [1541850840000, 6438.2, 6438.2, 6438.2, 6438.2, 0.52616501], [1541850780000, 6438.2, 6438.2, 6438.2, 6438.2, 0.168179], [1541850720000, 6438.2, 6438.2, 6438.2, 6438.2, 1.42504045], [1541850660000, 6438.2, 6438.2, 6438.2, 6438.2, 2.03187608], [1541850600000, 6438.2, 6438.2, 6438.2, 6438.2, 3.05661286], [1541850540000, 6438.2, 6438.2, 6438.2, 6438.2, 1.0526782], [1541850480000, 6438.2, 6438.2, 6438.2, 6438.2, 0.61543337], [1541850420000, 6438.2, 6438.2, 6438.2, 6438.2, 6.25982852], [1541850360000, 6438.1751, 6438.2, 6438.2, 6438.1751, 2.36244596], [1541850300000, 6436.9, 6438.1751, 6438.2, 6436.85778626, 7.82216359], [1541850240000, 6436.9, 6436.9, 6436.9, 6436.9, 0.38117833], [1541850180000, 6436.85778626, 6436.9, 6436.9, 6436.85778626, 1.96735117], [1541850120000, 6436.9, 6436.9, 6436.9, 6436.9, 0.4936737], [1541850060000, 6436.9, 6436.9, 6436.9, 6436.9, 0.00327278], [1541849940000, 6436.9, 6436.9, 6436.9, 6436.9, 0.014065], [1541849880000, 6436.9, 6436.9, 6436.9, 6436.9, 0.01160349], [1541849820000, 6436.9, 6436.9, 6436.9, 6436.9, 0.008], [1541849760000, 6436.9, 6436.85735, 6436.9, 6436.85735, 2.51340721], [1541849700000, 6436.9, 6436.9, 6436.9, 6436.85735, 0.67823521], [1541849640000, 6436.9, 6436.9, 6436.9, 6436.9, 5.18149595], [1541849580000, 6436.9, 6436.9, 6436.9, 6436.9, 3.54430184], [1541849520000, 6436.9, 6436.9, 6436.9, 6436.9, 0.006367], [1541849460000, 6436.9, 6436.9, 6436.9, 6436.9, 0.26727403], [1541849400000, 6436.9, 6436.85591648, 6436.9, 6436.85591648, 0.04553974], [1541849340000, 6436.9, 6436.9, 6436.9, 6436.85591648, 0.07158923], [1541849280000, 6436.9, 6436.9, 6436.9, 6436.85591648, 0.29949999], [1541849220000, 6436.69657693, 6436.9, 6436.9, 6436.69657693, 0.110605], [1541849160000, 6437.648, 6437, 6437.7, 6437, 0.25767891], [1541849100000, 6438.1, 6437.7, 6439.5, 6437.7, 1.31111228], [1541849040000, 6436.3, 6437.9, 6439.7, 6436.3, 10.63079107], [1541848980000, 6436.3, 6436.3, 6436.3, 6436.3, 0.50354791], [1541848860000, 6436.3, 6436.3, 6436.3, 6436.3, 0.24], [1541848740000, 6436.3, 6436.28904233, 6436.3, 6436.28904233, 0.172645], [1541848680000, 6435.1, 6436.3, 6438.8, 6435.1, 16.30474768], [1541848620000, 6432, 6435.1, 6435.1, 6432, 20.11217882], [1541848560000, 6431.5, 6432, 6432, 6431.41389749, 5.47599199], [1541848500000, 6431.5, 6431.5, 6431.5, 6431.5, 1.26931119], [1541848440000, 6431.5, 6431.5, 6431.5, 6431.5, 4.04184254], [1541848380000, 6431.5, 6431.5, 6431.5, 6431.41389749, 13.1418223], [1541848320000, 6431.5, 6431.5, 6431.5, 6431.5, 0.03586633], [1541848260000, 6430.6, 6431.5, 6431.5, 6430.6, 0.46507], [1541848200000, 6429.6, 6429.6, 6429.6, 6429.6, 5.65306526], [1541848140000, 6429.6, 6429.59992742, 6429.6, 6429.59992742, 2.09307718], [1541848080000, 6426.2275, 6429.6, 6429.6, 6426.2, 29.86429078], [1541848020000, 6426.3, 6426.3, 6426.3, 6426.3, 1.00168462], [1541847960000, 6426.3, 6426.2275, 6426.3, 6426.2, 0.57180966], [1541847900000, 6426.3, 6426.3, 6426.3, 6426.3, 0.2801823], [1541847840000, 6426.3, 6426.3, 6426.3, 6426.3, 0.2204476], [1541847780000, 6426.22793554, 6426.3, 6426.3, 6426.22793554, 0.78888639], [1541847720000, 6426.3, 6426.3, 6426.3, 6426.2275, 0.81415778], [1541847660000, 6426.2275, 6426.3, 6426.3, 6426.2275, 0.17080309], [1541847600000, 6426.3, 6426.3, 6426.3, 6426.2275, 0.72274977], [1541847540000, 6426.2, 6426.2, 6426.2, 6426.2, 1.035], [1541847480000, 6426.3, 6426.3, 6426.3, 6426.3, 0.0445], [1541847420000, 6426.3, 6426.3, 6426.3, 6426.3, 0.03737931], [1541847360000, 6426.3, 6426.3, 6426.3, 6426.3, 0.02197901], [1541847300000, 6426.2275, 6426.2, 6426.2275, 6426.2, 5], [1541847240000, 6426.3, 6426.3, 6426.3, 6426.3, 5], [1541847180000, 6426.3, 6426.3, 6426.3, 6426.3, 0.07485218], [1541847120000, 6426.44396426, 6426.3, 6426.44396426, 6426.3, 1.742237], [1541847060000, 6426.44396024, 6426.44396024, 6426.5, 6426.4, 0.4247354], [1541846940000, 6426.5, 6426.5, 6426.5, 6426.5, 0.01764166], [1541846880000, 6426.6, 6426.5, 6426.6, 6426.5, 1.00853217], [1541846820000, 6429.1, 6426.7, 6429.1, 6426.4, 15.78365219], [1541846760000, 6429.1, 6429.2, 6429.2, 6429.1, 2.95719695], [1541846700000, 6429.2, 6429.2, 6429.2, 6429.2, 0.1031108], [1541846640000, 6429.16933936, 6429.16933936, 6429.16933936, 6429.16933936, 0.028], [1541846580000, 6429.16934338, 6429.2, 6429.2, 6429.16934338, 0.2143664], [1541846520000, 6429.2, 6429.2, 6429.2, 6429.2, 0.1804], [1541846460000, 6429.16933936, 6429.16933936, 6429.16933936, 6429.16933936, 0.01360058], [1541846400000, 6429.2, 6429.2, 6429.2, 6429.2, 0.2095684], [1541846340000, 6429.5, 6429.5, 6429.5, 6429.5, 0.49139603], [1541846280000, 6429.6, 6429.6, 6429.6, 6429.5, 0.18906609], [1541846220000, 6429.59992742, 6429.59992742, 6429.59992742, 6429.59992742, 0.091948], [1541846160000, 6429.6, 6429.6, 6429.6, 6427.7, 10.65025422], [1541846100000, 6429.6, 6429.6, 6429.6, 6429.6, 0.49353776], [1541846040000, 6429.6, 6429.59990023, 6429.6, 6429.59990023, 0.01188451], [1541845920000, 6429.6, 6429.6, 6429.6, 6429.6, 0.12063957], [1541845860000, 6431.1, 6429.5, 6431.1, 6429.5, 26.79790215], [1541845800000, 6431.6, 6431.2, 6431.6, 6431.2, 2.253364], [1541845740000, 6431.50537861, 6431.6, 6431.6, 6431.50537861, 0.027458], [1541845680000, 6431.6, 6431.6, 6431.6, 6431.6, 2.5], [1541845620000, 6432.02449844, 6431.5, 6432.02449844, 6431.5, 1.77477753], [1541845560000, 6432.1, 6432.1, 6432.1, 6432.1, 0.01026498], [1541845500000, 6432.1, 6432.1, 6432.1, 6432.1, 0.0239219], [1541845440000, 6432, 6432.1, 6432.1, 6432, 0.94505], [1541845380000, 6432, 6432, 6432, 6432, 0.005], [1541845320000, 6432, 6432.1, 6432.1, 6432, 0.3133], [1541845260000, 6432.02449844, 6432, 6432.1, 6432, 1.77481689], [1541845200000, 6432, 6432, 6432, 6432, 0.24086164], [1541845140000, 6433, 6432, 6433, 6432, 12.23993678], [1541845080000, 6433.1, 6433, 6433.1, 6433, 0.25826562], [1541845020000, 6434.3, 6433.1, 6434.3, 6433.1, 0.6668522], [1541844960000, 6434.4, 6434.4, 6434.4, 6434.4, 0.10087027], [1541844900000, 6434.4, 6434.3, 6434.4, 6434.3, 0.0081083], [1541844840000, 6433.1, 6433.1, 6433.1, 6433.1, 18.235], [1541844780000, 6433.06274212, 6433.00114509, 6433.06274212, 6433.00114509, 0.38100296], [1541844720000, 6433.1, 6433.1, 6433.1, 6433.1, 1.41420225], [1541844660000, 6433.1, 6433.1, 6433.1, 6433.1, 0.005], [1541844600000, 6433.1, 6433.1, 6433.1, 6433.1, 0.176], [1541844540000, 6433.1, 6433.1, 6433.1, 6433.1, 0.3], [1541844480000, 6433.0627381, 6433.0627381, 6433.0627381, 6433, 0.5345], [1541844420000, 6433.1, 6433.0627381, 6433.1, 6433.0627381, 2.06208384], [1541844300000, 6434.1, 6433.32229802, 6434.1, 6433.32229802, 1.07023724]]] - 1541859467.386255
DEBUG:btfxwss.connection:_stop_timers(): Timers stopped.
DEBUG:btfxwss.connection:_on_message(): Received new message {"event":"subscribed","channel":"book","chanId":135,"symbol":"tBTCUSD","prec":"P0","freq":"F0","len":"25","pair":"BTCUSD"} at 1541859470.4853902
DEBUG:btfxwss.connection:_system_handler(): Received a system message: {'event': 'subscribed', 'channel': 'book', 'chanId': 135, 'symbol': 'tBTCUSD', 'prec': 'P0', 'freq': 'F0', 'len': '25', 'pair': 'BTCUSD'}
DEBUG:btfxwss.connection:_system_handler(): Distributing {'channel': 'book', 'chanId': 135, 'symbol': 'tBTCUSD', 'prec': 'P0', 'freq': 'F0', 'len': '25', 'pair': 'BTCUSD'} to _response_handler..
DEBUG:btfxwss.connection:_response_handler(): Passing {'channel': 'book', 'chanId': 135, 'symbol': 'tBTCUSD', 'prec': 'P0', 'freq': 'F0', 'len': '25', 'pair': 'BTCUSD'} to client..
DEBUG:btfxwss.connection:_start_timers(): Resetting timers..
DEBUG:btfxwss.connection:_stop_timers(): Timers stopped.
DEBUG:btfxwss.queue_processor:_handle_subscribed: subscribed - {'channel': 'book', 'chanId': 135, 'symbol': 'tBTCUSD', 'prec': 'P0', 'freq': 'F0', 'len': '25', 'pair': 'BTCUSD'} - 1541859470.4853902
INFO:btfxwss.queue_processor:Subscription succesful for channel ('book', 'BTCUSD')
DEBUG:btfxwss.connection:_stop_timers(): Timers stopped.
DEBUG:btfxwss.connection:_on_message(): Received new message [135,[[6448.7,1,0.02015894],[6448.4,1,0.62277828],[6448.2,1,0.6908],[6448.1,1,1.40452393],[6447.6,1,0.01177045],[6447.5,1,0.24],[6447.1,1,0.0167],[6446.9,1,0.01177118],[6446.8,2,0.27062728],[6446.6,4,1.5324467],[6446.4,5,4.80527026],[6446.2,1,0.17064317],[6446,1,0.15502242],[6445.5,1,0.09957572],[6445.4,2,0.99717113],[6445.2,3,4.54921552],[6445.1,1,0.2],[6444.9,1,0.8],[6444.7,1,0.2],[6444.6,4,2.0811156],[6444.5,3,0.920093],[6444.1,1,4.96023672],[6443.8,3,7.6123102],[6443.7,1,0.05344516],[6443.5,2,2.43442341],[6448.8,4,-10.85076087],[6448.9,1,-0.17057173],[6449,1,-0.96],[6449.4,1,-0.51884736],[6449.5,1,-3.999],[6449.6,1,-3],[6449.8,3,-0.67054792],[6449.9,1,-0.06],[6450,1,-0.96],[6450.4,1,-0.17053206],[6450.5,2,-1.06595],[6450.7,1,-0.2],[6450.9,1,-3],[6451,2,-10.00304759],[6451.3,1,-0.17050827],[6451.7,1,-0.1],[6451.9,1,-0.17049241],[6452.2,1,-1],[6452.5,3,-0.90272016],[6452.6,1,-0.2],[6452.8,1,-0.17046863],[6452.9,1,-0.2],[6453.1,1,-0.007],[6453.2,1,-13.73882182],[6453.3,3,-6.794135]]] at 1541859470.488391
DEBUG:btfxwss.connection:_data_handler(): Passing [135, [[6448.7, 1, 0.02015894], [6448.4, 1, 0.62277828], [6448.2, 1, 0.6908], [6448.1, 1, 1.40452393], [6447.6, 1, 0.01177045], [6447.5, 1, 0.24], [6447.1, 1, 0.0167], [6446.9, 1, 0.01177118], [6446.8, 2, 0.27062728], [6446.6, 4, 1.5324467], [6446.4, 5, 4.80527026], [6446.2, 1, 0.17064317], [6446, 1, 0.15502242], [6445.5, 1, 0.09957572], [6445.4, 2, 0.99717113], [6445.2, 3, 4.54921552], [6445.1, 1, 0.2], [6444.9, 1, 0.8], [6444.7, 1, 0.2], [6444.6, 4, 2.0811156], [6444.5, 3, 0.920093], [6444.1, 1, 4.96023672], [6443.8, 3, 7.6123102], [6443.7, 1, 0.05344516], [6443.5, 2, 2.43442341], [6448.8, 4, -10.85076087], [6448.9, 1, -0.17057173], [6449, 1, -0.96], [6449.4, 1, -0.51884736], [6449.5, 1, -3.999], [6449.6, 1, -3], [6449.8, 3, -0.67054792], [6449.9, 1, -0.06], [6450, 1, -0.96], [6450.4, 1, -0.17053206], [6450.5, 2, -1.06595], [6450.7, 1, -0.2], [6450.9, 1, -3], [6451, 2, -10.00304759], [6451.3, 1, -0.17050827], [6451.7, 1, -0.1], [6451.9, 1, -0.17049241], [6452.2, 1, -1], [6452.5, 3, -0.90272016], [6452.6, 1, -0.2], [6452.8, 1, -0.17046863], [6452.9, 1, -0.2], [6453.1, 1, -0.007], [6453.2, 1, -13.73882182], [6453.3, 3, -6.794135]]] to client..
DEBUG:btfxwss.connection:_start_timers(): Resetting timers..
DEBUG:btfxwss.connection:_stop_timers(): Timers stopped.
DEBUG:btfxwss.queue_processor:_handle_book: book - [135, [[6448.7, 1, 0.02015894], [6448.4, 1, 0.62277828], [6448.2, 1, 0.6908], [6448.1, 1, 1.40452393], [6447.6, 1, 0.01177045], [6447.5, 1, 0.24], [6447.1, 1, 0.0167], [6446.9, 1, 0.01177118], [6446.8, 2, 0.27062728], [6446.6, 4, 1.5324467], [6446.4, 5, 4.80527026], [6446.2, 1, 0.17064317], [6446, 1, 0.15502242], [6445.5, 1, 0.09957572], [6445.4, 2, 0.99717113], [6445.2, 3, 4.54921552], [6445.1, 1, 0.2], [6444.9, 1, 0.8], [6444.7, 1, 0.2], [6444.6, 4, 2.0811156], [6444.5, 3, 0.920093], [6444.1, 1, 4.96023672], [6443.8, 3, 7.6123102], [6443.7, 1, 0.05344516], [6443.5, 2, 2.43442341], [6448.8, 4, -10.85076087], [6448.9, 1, -0.17057173], [6449, 1, -0.96], [6449.4, 1, -0.51884736], [6449.5, 1, -3.999], [6449.6, 1, -3], [6449.8, 3, -0.67054792], [6449.9, 1, -0.06], [6450, 1, -0.96], [6450.4, 1, -0.17053206], [6450.5, 2, -1.06595], [6450.7, 1, -0.2], [6450.9, 1, -3], [6451, 2, -10.00304759], [6451.3, 1, -0.17050827], [6451.7, 1, -0.1], [6451.9, 1, -0.17049241], [6452.2, 1, -1], [6452.5, 3, -0.90272016], [6452.6, 1, -0.2], [6452.8, 1, -0.17046863], [6452.9, 1, -0.2], [6453.1, 1, -0.007], [6453.2, 1, -13.73882182], [6453.3, 3, -6.794135]]] - 1541859470.488391
DEBUG:btfxwss.queue_processor:ts: 1541859470.488391	chan_id: 135	data: [[[6448.7, 1, 0.02015894], [6448.4, 1, 0.62277828], [6448.2, 1, 0.6908], [6448.1, 1, 1.40452393], [6447.6, 1, 0.01177045], [6447.5, 1, 0.24], [6447.1, 1, 0.0167], [6446.9, 1, 0.01177118], [6446.8, 2, 0.27062728], [6446.6, 4, 1.5324467], [6446.4, 5, 4.80527026], [6446.2, 1, 0.17064317], [6446, 1, 0.15502242], [6445.5, 1, 0.09957572], [6445.4, 2, 0.99717113], [6445.2, 3, 4.54921552], [6445.1, 1, 0.2], [6444.9, 1, 0.8], [6444.7, 1, 0.2], [6444.6, 4, 2.0811156], [6444.5, 3, 0.920093], [6444.1, 1, 4.96023672], [6443.8, 3, 7.6123102], [6443.7, 1, 0.05344516], [6443.5, 2, 2.43442341], [6448.8, 4, -10.85076087], [6448.9, 1, -0.17057173], [6449, 1, -0.96], [6449.4, 1, -0.51884736], [6449.5, 1, -3.999], [6449.6, 1, -3], [6449.8, 3, -0.67054792], [6449.9, 1, -0.06], [6450, 1, -0.96], [6450.4, 1, -0.17053206], [6450.5, 2, -1.06595], [6450.7, 1, -0.2], [6450.9, 1, -3], [6451, 2, -10.00304759], [6451.3, 1, -0.17050827], [6451.7, 1, -0.1], [6451.9, 1, -0.17049241], [6452.2, 1, -1], [6452.5, 3, -0.90272016], [6452.6, 1, -0.2], [6452.8, 1, -0.17046863], [6452.9, 1, -0.2], [6453.1, 1, -0.007], [6453.2, 1, -13.73882182], [6453.3, 3, -6.794135]]]
DEBUG:btfxwss.connection:_stop_timers(): Timers stopped.
DEBUG:btfxwss.connection:_on_message(): Received new message {"event":"subscribed","channel":"book","chanId":2201921,"symbol":"tBTCUSD","prec":"R0","freq":"F0","len":"25","pair":"BTCUSD"} at 1541859470.491294
DEBUG:btfxwss.connection:_system_handler(): Received a system message: {'event': 'subscribed', 'channel': 'book', 'chanId': 2201921, 'symbol': 'tBTCUSD', 'prec': 'R0', 'freq': 'F0', 'len': '25', 'pair': 'BTCUSD'}
DEBUG:btfxwss.connection:_system_handler(): Distributing {'channel': 'book', 'chanId': 2201921, 'symbol': 'tBTCUSD', 'prec': 'R0', 'freq': 'F0', 'len': '25', 'pair': 'BTCUSD'} to _response_handler..
DEBUG:btfxwss.connection:_response_handler(): Passing {'channel': 'book', 'chanId': 2201921, 'symbol': 'tBTCUSD', 'prec': 'R0', 'freq': 'F0', 'len': '25', 'pair': 'BTCUSD'} to client..
DEBUG:btfxwss.connection:_start_timers(): Resetting timers..
DEBUG:btfxwss.queue_processor:_handle_subscribed: subscribed - {'channel': 'book', 'chanId': 2201921, 'symbol': 'tBTCUSD', 'prec': 'R0', 'freq': 'F0', 'len': '25', 'pair': 'BTCUSD'} - 1541859470.491294
DEBUG:btfxwss.connection:_stop_timers(): Timers stopped.
INFO:btfxwss.queue_processor:Subscription succesful for channel ('raw_book', 'BTCUSD')
DEBUG:btfxwss.connection:_stop_timers(): Timers stopped.
DEBUG:btfxwss.connection:_on_message(): Received new message [2201921,[[18888551914,6448.7,0.02015894],[18888565209,6448.4,0.62277828],[18888565266,6448.2,0.6908],[18886782959,6448.1,1.40452393],[18888565223,6447.6,0.01177045],[18888562453,6447.5,0.24],[18879510955,6447.1,0.0167],[18888565361,6446.9,0.01177118],[18888548421,6446.8,0.17062729],[18888552986,6446.8,0.1],[18888548342,6446.6,0.15502085],[18888558650,6446.6,0.62010648],[18888558664,6446.6,0.31005324],[18888560797,6446.6,0.44726613],[18888555778,6446.4,2.4801395],[18888556264,6446.4,1.24006975],[18888556265,6446.4,0.15500871],[18888556276,6446.4,0.62003487],[18888556303,6446.4,0.31001743],[18888548407,6446.2,0.17064317],[18888561525,6446,0.15502242],[18886680248,6445.5,0.09957572],[18886819871,6445.47240348,0.82650678],[18888548397,6445.4,0.17066435],[18888562133,6445.24565382,2.999],[18888517449,6448.8,-0.43086087],[18888551213,6448.8,-0.5],[18888555947,6448.8,-6.9199],[18888556031,6448.8,-3],[18888548429,6448.9,-0.17057173],[18888560898,6448.98702318,-0.96],[18888561668,6449.4,-0.51884736],[18888561434,6449.5,-3.999],[18888543960,6449.6,-3],[18888527669,6449.78064698,-0.3],[18887183825,6449.8,-0.2],[18888548416,6449.8,-0.17054792],[18887910212,6449.9,-0.06],[18888552170,6450,-0.96],[18888548401,6450.4,-0.17053206],[18887171645,6450.5,-0.2],[18888558304,6450.5,-0.86595],[18887174998,6450.7,-0.2],[18888498083,6450.9,-3],[18888511182,6451,-0.00304759],[18888525058,6451,-10],[18888548389,6451.3,-0.17050827],[18888551431,6451.7,-0.1],[18888548376,6451.9,-0.17049241],[18888553588,6452.2,-1]]] at 1541859470.4940538
DEBUG:btfxwss.connection:_data_handler(): Passing [2201921, [[18888551914, 6448.7, 0.02015894], [18888565209, 6448.4, 0.62277828], [18888565266, 6448.2, 0.6908], [18886782959, 6448.1, 1.40452393], [18888565223, 6447.6, 0.01177045], [18888562453, 6447.5, 0.24], [18879510955, 6447.1, 0.0167], [18888565361, 6446.9, 0.01177118], [18888548421, 6446.8, 0.17062729], [18888552986, 6446.8, 0.1], [18888548342, 6446.6, 0.15502085], [18888558650, 6446.6, 0.62010648], [18888558664, 6446.6, 0.31005324], [18888560797, 6446.6, 0.44726613], [18888555778, 6446.4, 2.4801395], [18888556264, 6446.4, 1.24006975], [18888556265, 6446.4, 0.15500871], [18888556276, 6446.4, 0.62003487], [18888556303, 6446.4, 0.31001743], [18888548407, 6446.2, 0.17064317], [18888561525, 6446, 0.15502242], [18886680248, 6445.5, 0.09957572], [18886819871, 6445.47240348, 0.82650678], [18888548397, 6445.4, 0.17066435], [18888562133, 6445.24565382, 2.999], [18888517449, 6448.8, -0.43086087], [18888551213, 6448.8, -0.5], [18888555947, 6448.8, -6.9199], [18888556031, 6448.8, -3], [18888548429, 6448.9, -0.17057173], [18888560898, 6448.98702318, -0.96], [18888561668, 6449.4, -0.51884736], [18888561434, 6449.5, -3.999], [18888543960, 6449.6, -3], [18888527669, 6449.78064698, -0.3], [18887183825, 6449.8, -0.2], [18888548416, 6449.8, -0.17054792], [18887910212, 6449.9, -0.06], [18888552170, 6450, -0.96], [18888548401, 6450.4, -0.17053206], [18887171645, 6450.5, -0.2], [18888558304, 6450.5, -0.86595], [18887174998, 6450.7, -0.2], [18888498083, 6450.9, -3], [18888511182, 6451, -0.00304759], [18888525058, 6451, -10], [18888548389, 6451.3, -0.17050827], [18888551431, 6451.7, -0.1], [18888548376, 6451.9, -0.17049241], [18888553588, 6452.2, -1]]] to client..
DEBUG:btfxwss.connection:_start_timers(): Resetting timers..
DEBUG:btfxwss.connection:_stop_timers(): Timers stopped.
DEBUG:btfxwss.queue_processor:_handle_raw_book: raw_book - [2201921, [[18888551914, 6448.7, 0.02015894], [18888565209, 6448.4, 0.62277828], [18888565266, 6448.2, 0.6908], [18886782959, 6448.1, 1.40452393], [18888565223, 6447.6, 0.01177045], [18888562453, 6447.5, 0.24], [18879510955, 6447.1, 0.0167], [18888565361, 6446.9, 0.01177118], [18888548421, 6446.8, 0.17062729], [18888552986, 6446.8, 0.1], [18888548342, 6446.6, 0.15502085], [18888558650, 6446.6, 0.62010648], [18888558664, 6446.6, 0.31005324], [18888560797, 6446.6, 0.44726613], [18888555778, 6446.4, 2.4801395], [18888556264, 6446.4, 1.24006975], [18888556265, 6446.4, 0.15500871], [18888556276, 6446.4, 0.62003487], [18888556303, 6446.4, 0.31001743], [18888548407, 6446.2, 0.17064317], [18888561525, 6446, 0.15502242], [18886680248, 6445.5, 0.09957572], [18886819871, 6445.47240348, 0.82650678], [18888548397, 6445.4, 0.17066435], [18888562133, 6445.24565382, 2.999], [18888517449, 6448.8, -0.43086087], [18888551213, 6448.8, -0.5], [18888555947, 6448.8, -6.9199], [18888556031, 6448.8, -3], [18888548429, 6448.9, -0.17057173], [18888560898, 6448.98702318, -0.96], [18888561668, 6449.4, -0.51884736], [18888561434, 6449.5, -3.999], [18888543960, 6449.6, -3], [18888527669, 6449.78064698, -0.3], [18887183825, 6449.8, -0.2], [18888548416, 6449.8, -0.17054792], [18887910212, 6449.9, -0.06], [18888552170, 6450, -0.96], [18888548401, 6450.4, -0.17053206], [18887171645, 6450.5, -0.2], [18888558304, 6450.5, -0.86595], [18887174998, 6450.7, -0.2], [18888498083, 6450.9, -3], [18888511182, 6451, -0.00304759], [18888525058, 6451, -10], [18888548389, 6451.3, -0.17050827], [18888551431, 6451.7, -0.1], [18888548376, 6451.9, -0.17049241], [18888553588, 6452.2, -1]]] - 1541859470.4940538
DEBUG:btfxwss.connection:_stop_timers(): Timers stopped.
DEBUG:btfxwss.connection:_on_message(): Received new message [135,[6448.4,0,1]] at 1541859470.683952
DEBUG:btfxwss.connection:_data_handler(): Passing [135, [6448.4, 0, 1]] to client..
DEBUG:btfxwss.connection:_start_timers(): Resetting timers..
DEBUG:btfxwss.connection:_stop_timers(): Timers stopped.
DEBUG:btfxwss.queue_processor:_handle_book: book - [135, [6448.4, 0, 1]] - 1541859470.683952
DEBUG:btfxwss.queue_processor:ts: 1541859470.683952	chan_id: 135	data: [[6448.4, 0, 1]]
DEBUG:btfxwss.connection:_stop_timers(): Timers stopped.
DEBUG:btfxwss.connection:_on_message(): Received new message [135,[6447.6,0,1]] at 1541859470.68573
DEBUG:btfxwss.connection:_data_handler(): Passing [135, [6447.6, 0, 1]] to client..
DEBUG:btfxwss.connection:_start_timers(): Resetting timers..
DEBUG:btfxwss.connection:_stop_timers(): Timers stopped.
DEBUG:btfxwss.queue_processor:_handle_book: book - [135, [6447.6, 0, 1]] - 1541859470.68573
DEBUG:btfxwss.queue_processor:ts: 1541859470.68573	chan_id: 135	data: [[6447.6, 0, 1]]
DEBUG:btfxwss.connection:_stop_timers(): Timers stopped.
DEBUG:btfxwss.connection:_on_message(): Received new message [135,[6448.9,0,-1]] at 1541859470.6872609
DEBUG:btfxwss.connection:_data_handler(): Passing [135, [6448.9, 0, -1]] to client..
DEBUG:btfxwss.connection:_start_timers(): Resetting timers..
DEBUG:btfxwss.connection:_stop_timers(): Timers stopped.
DEBUG:btfxwss.queue_processor:_handle_book: book - [135, [6448.9, 0, -1]] - 1541859470.6872609
DEBUG:btfxwss.queue_processor:ts: 1541859470.6872609	chan_id: 135	data: [[6448.9, 0, -1]]
DEBUG:btfxwss.connection:_stop_timers(): Timers stopped.
DEBUG:btfxwss.connection:_on_message(): Received new message [135,[6451.3,0,-1]] at 1541859470.6885078
DEBUG:btfxwss.connection:_data_handler(): Passing [135, [6451.3, 0, -1]] to client..
DEBUG:btfxwss.connection:_start_timers(): Resetting timers..
DEBUG:btfxwss.connection:_stop_timers(): Timers stopped.
DEBUG:btfxwss.queue_processor:_handle_book: book - [135, [6451.3, 0, -1]] - 1541859470.6885078
DEBUG:btfxwss.queue_processor:ts: 1541859470.6885078	chan_id: 135	data: [[6451.3, 0, -1]]
DEBUG:btfxwss.connection:_stop_timers(): Timers stopped.
DEBUG:btfxwss.connection:_on_message(): Received new message [135,[6451.9,0,-1]] at 1541859470.690061
DEBUG:btfxwss.connection:_data_handler(): Passing [135, [6451.9, 0, -1]] to client..
DEBUG:btfxwss.connection:_start_timers(): Resetting timers..
DEBUG:btfxwss.connection:_stop_timers(): Timers stopped.
DEBUG:btfxwss.queue_processor:_handle_book: book - [135, [6451.9, 0, -1]] - 1541859470.690061
DEBUG:btfxwss.queue_processor:ts: 1541859470.690061	chan_id: 135	data: [[6451.9, 0, -1]]
DEBUG:btfxwss.connection:_stop_timers(): Timers stopped.
DEBUG:btfxwss.connection:_on_message(): Received new message [135,[6452.8,0,-1]] at 1541859470.691349
DEBUG:btfxwss.connection:_data_handler(): Passing [135, [6452.8, 0, -1]] to client..
DEBUG:btfxwss.connection:_start_timers(): Resetting timers..
DEBUG:btfxwss.connection:_stop_timers(): Timers stopped.
DEBUG:btfxwss.queue_processor:_handle_book: book - [135, [6452.8, 0, -1]] - 1541859470.691349
DEBUG:btfxwss.queue_processor:ts: 1541859470.691349	chan_id: 135	data: [[6452.8, 0, -1]]
DEBUG:btfxwss.connection:_stop_timers(): Timers stopped.
DEBUG:btfxwss.connection:_on_message(): Received new message [135,[6448.7,2,0.64293722]] at 1541859470.6926022
DEBUG:btfxwss.connection:_data_handler(): Passing [135, [6448.7, 2, 0.64293722]] to client..
DEBUG:btfxwss.connection:_start_timers(): Resetting timers..
DEBUG:btfxwss.connection:_stop_timers(): Timers stopped.
DEBUG:btfxwss.queue_processor:_handle_book: book - [135, [6448.7, 2, 0.64293722]] - 1541859470.6926022
DEBUG:btfxwss.queue_processor:ts: 1541859470.6926022	chan_id: 135	data: [[6448.7, 2, 0.64293722]]
DEBUG:btfxwss.connection:_stop_timers(): Timers stopped.
DEBUG:btfxwss.connection:_on_message(): Received new message [135,[6446.9,2,0.18239582]] at 1541859470.693962
DEBUG:btfxwss.connection:_data_handler(): Passing [135, [6446.9, 2, 0.18239582]] to client..
DEBUG:btfxwss.connection:_start_timers(): Resetting timers..
DEBUG:btfxwss.connection:_stop_timers(): Timers stopped.
DEBUG:btfxwss.queue_processor:_handle_book: book - [135, [6446.9, 2, 0.18239582]] - 1541859470.693962
DEBUG:btfxwss.queue_processor:ts: 1541859470.693962	chan_id: 135	data: [[6446.9, 2, 0.18239582]]
DEBUG:btfxwss.connection:_stop_timers(): Timers stopped.
DEBUG:btfxwss.connection:_on_message(): Received new message [135,[6446.8,1,0.1]] at 1541859470.695242
DEBUG:btfxwss.connection:_data_handler(): Passing [135, [6446.8, 1, 0.1]] to client..
DEBUG:btfxwss.connection:_start_timers(): Resetting timers..
DEBUG:btfxwss.queue_processor:_handle_book: book - [135, [6446.8, 1, 0.1]] - 1541859470.695242
DEBUG:btfxwss.connection:_stop_timers(): Timers stopped.
DEBUG:btfxwss.queue_processor:ts: 1541859470.695242	chan_id: 135	data: [[6446.8, 1, 0.1]]
DEBUG:btfxwss.connection:_stop_timers(): Timers stopped.
DEBUG:btfxwss.connection:_on_message(): Received new message [135,[6446.6,2,0.60228697]] at 1541859470.6965609
DEBUG:btfxwss.connection:_data_handler(): Passing [135, [6446.6, 2, 0.60228697]] to client..
DEBUG:btfxwss.connection:_start_timers(): Resetting timers..
DEBUG:btfxwss.connection:_stop_timers(): Timers stopped.
DEBUG:btfxwss.queue_processor:_handle_book: book - [135, [6446.6, 2, 0.60228697]] - 1541859470.6965609
DEBUG:btfxwss.queue_processor:ts: 1541859470.6965609	chan_id: 135	data: [[6446.6, 2, 0.60228697]]
DEBUG:btfxwss.connection:_stop_timers(): Timers stopped.
DEBUG:btfxwss.connection:_on_message(): Received new message [135,[6445.4,1,0.82650678]] at 1541859470.697993
DEBUG:btfxwss.connection:_data_handler(): Passing [135, [6445.4, 1, 0.82650678]] to client..
DEBUG:btfxwss.connection:_start_timers(): Resetting timers..
DEBUG:btfxwss.connection:_stop_timers(): Timers stopped.
DEBUG:btfxwss.queue_processor:_handle_book: book - [135, [6445.4, 1, 0.82650678]] - 1541859470.697993
DEBUG:btfxwss.queue_processor:ts: 1541859470.697993	chan_id: 135	data: [[6445.4, 1, 0.82650678]]
DEBUG:btfxwss.connection:_stop_timers(): Timers stopped.
DEBUG:btfxwss.connection:_on_message(): Received new message [135,[6445.3,1,0.170667]] at 1541859470.699115
DEBUG:btfxwss.connection:_data_handler(): Passing [135, [6445.3, 1, 0.170667]] to client..
DEBUG:btfxwss.connection:_start_timers(): Resetting timers..
DEBUG:btfxwss.queue_processor:_handle_book: book - [135, [6445.3, 1, 0.170667]] - 1541859470.699115
DEBUG:btfxwss.connection:_stop_timers(): Timers stopped.
DEBUG:btfxwss.queue_processor:ts: 1541859470.699115	chan_id: 135	data: [[6445.3, 1, 0.170667]]
DEBUG:btfxwss.connection:_stop_timers(): Timers stopped.
DEBUG:btfxwss.connection:_on_message(): Received new message [135,[6445.2,2,3.30904485]] at 1541859470.700254
DEBUG:btfxwss.connection:_data_handler(): Passing [135, [6445.2, 2, 3.30904485]] to client..
DEBUG:btfxwss.connection:_start_timers(): Resetting timers..
DEBUG:btfxwss.connection:_stop_timers(): Timers stopped.
DEBUG:btfxwss.queue_processor:_handle_book: book - [135, [6445.2, 2, 3.30904485]] - 1541859470.700254
DEBUG:btfxwss.queue_processor:ts: 1541859470.700254	chan_id: 135	data: [[6445.2, 2, 3.30904485]]
DEBUG:btfxwss.connection:_stop_timers(): Timers stopped.
DEBUG:btfxwss.connection:_on_message(): Received new message [135,[6444.7,2,0.37068289]] at 1541859470.701312
DEBUG:btfxwss.connection:_data_handler(): Passing [135, [6444.7, 2, 0.37068289]] to client..
DEBUG:btfxwss.connection:_start_timers(): Resetting timers..
DEBUG:btfxwss.connection:_stop_timers(): Timers stopped.
DEBUG:btfxwss.queue_processor:_handle_book: book - [135, [6444.7, 2, 0.37068289]] - 1541859470.701312
DEBUG:btfxwss.queue_processor:ts: 1541859470.701312	chan_id: 135	data: [[6444.7, 2, 0.37068289]]
DEBUG:btfxwss.connection:_stop_timers(): Timers stopped.
DEBUG:btfxwss.connection:_on_message(): Received new message [135,[6444.6,3,1.91043006]] at 1541859470.7023501
DEBUG:btfxwss.connection:_data_handler(): Passing [135, [6444.6, 3, 1.91043006]] to client..
DEBUG:btfxwss.connection:_start_timers(): Resetting timers..
DEBUG:btfxwss.queue_processor:_handle_book: book - [135, [6444.6, 3, 1.91043006]] - 1541859470.7023501
DEBUG:btfxwss.connection:_stop_timers(): Timers stopped.
DEBUG:btfxwss.queue_processor:ts: 1541859470.7023501	chan_id: 135	data: [[6444.6, 3, 1.91043006]]
DEBUG:btfxwss.connection:_stop_timers(): Timers stopped.
DEBUG:btfxwss.connection:_on_message(): Received new message [135,[6443.3,1,4.80177695]] at 1541859470.7034502
DEBUG:btfxwss.connection:_data_handler(): Passing [135, [6443.3, 1, 4.80177695]] to client..
DEBUG:btfxwss.connection:_start_timers(): Resetting timers..
DEBUG:btfxwss.connection:_stop_timers(): Timers stopped.
DEBUG:btfxwss.queue_processor:_handle_book: book - [135, [6443.3, 1, 4.80177695]] - 1541859470.7034502
DEBUG:btfxwss.queue_processor:ts: 1541859470.7034502	chan_id: 135	data: [[6443.3, 1, 4.80177695]]
DEBUG:btfxwss.connection:_stop_timers(): Timers stopped.
DEBUG:btfxwss.connection:_on_message(): Received new message [135,[6449.1,1,-0.17056644]] at 1541859470.704442
DEBUG:btfxwss.connection:_data_handler(): Passing [135, [6449.1, 1, -0.17056644]] to client..
DEBUG:btfxwss.connection:_start_timers(): Resetting timers..
DEBUG:btfxwss.connection:_stop_timers(): Timers stopped.
DEBUG:btfxwss.queue_processor:_handle_book: book - [135, [6449.1, 1, -0.17056644]] - 1541859470.704442
DEBUG:btfxwss.queue_processor:ts: 1541859470.704442	chan_id: 135	data: [[6449.1, 1, -0.17056644]]
DEBUG:btfxwss.connection:_stop_timers(): Timers stopped.
DEBUG:btfxwss.connection:_on_message(): Received new message [135,[6449.8,2,-0.5]] at 1541859470.7056031
DEBUG:btfxwss.connection:_data_handler(): Passing [135, [6449.8, 2, -0.5]] to client..
DEBUG:btfxwss.connection:_start_timers(): Resetting timers..
DEBUG:btfxwss.connection:_stop_timers(): Timers stopped.
DEBUG:btfxwss.queue_processor:_handle_book: book - [135, [6449.8, 2, -0.5]] - 1541859470.7056031
DEBUG:btfxwss.queue_processor:ts: 1541859470.7056031	chan_id: 135	data: [[6449.8, 2, -0.5]]
DEBUG:btfxwss.connection:_stop_timers(): Timers stopped.
DEBUG:btfxwss.connection:_on_message(): Received new message [135,[6449.9,2,-0.23054528]] at 1541859470.706649
DEBUG:btfxwss.connection:_data_handler(): Passing [135, [6449.9, 2, -0.23054528]] to client..
DEBUG:btfxwss.connection:_start_timers(): Resetting timers..
DEBUG:btfxwss.connection:_stop_timers(): Timers stopped.
DEBUG:btfxwss.queue_processor:_handle_book: book - [135, [6449.9, 2, -0.23054528]] - 1541859470.706649
DEBUG:btfxwss.queue_processor:ts: 1541859470.706649	chan_id: 135	data: [[6449.9, 2, -0.23054528]]
DEBUG:btfxwss.connection:_stop_timers(): Timers stopped.
DEBUG:btfxwss.connection:_on_message(): Received new message [135,[6451.4,1,-0.17050563]] at 1541859470.7076259
DEBUG:btfxwss.connection:_data_handler(): Passing [135, [6451.4, 1, -0.17050563]] to client..
DEBUG:btfxwss.connection:_start_timers(): Resetting timers..
DEBUG:btfxwss.connection:_stop_timers(): Timers stopped.
DEBUG:btfxwss.queue_processor:_handle_book: book - [135, [6451.4, 1, -0.17050563]] - 1541859470.7076259
DEBUG:btfxwss.queue_processor:ts: 1541859470.7076259	chan_id: 135	data: [[6451.4, 1, -0.17050563]]
DEBUG:btfxwss.connection:_stop_timers(): Timers stopped.
DEBUG:btfxwss.connection:_on_message(): Received new message [135,[6452.1,1,-0.17048713]] at 1541859470.708641
DEBUG:btfxwss.connection:_data_handler(): Passing [135, [6452.1, 1, -0.17048713]] to client..
DEBUG:btfxwss.connection:_start_timers(): Resetting timers..
DEBUG:btfxwss.connection:_stop_timers(): Timers stopped.
DEBUG:btfxwss.queue_processor:_handle_book: book - [135, [6452.1, 1, -0.17048713]] - 1541859470.708641
DEBUG:btfxwss.queue_processor:ts: 1541859470.708641	chan_id: 135	data: [[6452.1, 1, -0.17048713]]
DEBUG:btfxwss.connection:_stop_timers(): Timers stopped.
DEBUG:btfxwss.connection:_on_message(): Received new message [135,[6452.9,2,-0.37046599]] at 1541859470.709752
DEBUG:btfxwss.connection:_data_handler(): Passing [135, [6452.9, 2, -0.37046599]] to client..
DEBUG:btfxwss.connection:_start_timers(): Resetting timers..
DEBUG:btfxwss.connection:_stop_timers(): Timers stopped.
DEBUG:btfxwss.queue_processor:_handle_book: book - [135, [6452.9, 2, -0.37046599]] - 1541859470.709752
DEBUG:btfxwss.queue_processor:ts: 1541859470.709752	chan_id: 135	data: [[6452.9, 2, -0.37046599]]
DEBUG:btfxwss.connection:_stop_timers(): Timers stopped.
DEBUG:btfxwss.connection:_on_message(): Received new message [135,[6453.7,2,-2.2]] at 1541859470.7107809
DEBUG:btfxwss.connection:_data_handler(): Passing [135, [6453.7, 2, -2.2]] to client..
DEBUG:btfxwss.connection:_start_timers(): Resetting timers..
DEBUG:btfxwss.connection:_stop_timers(): Timers stopped.
DEBUG:btfxwss.queue_processor:_handle_book: book - [135, [6453.7, 2, -2.2]] - 1541859470.7107809
DEBUG:btfxwss.queue_processor:ts: 1541859470.7107809	chan_id: 135	data: [[6453.7, 2, -2.2]]
DEBUG:btfxwss.connection:_stop_timers(): Timers stopped.
DEBUG:btfxwss.connection:_on_message(): Received new message [2201921,[18888565209,0,1]] at 1541859470.711803
DEBUG:btfxwss.connection:_data_handler(): Passing [2201921, [18888565209, 0, 1]] to client..
DEBUG:btfxwss.connection:_start_timers(): Resetting timers..
DEBUG:btfxwss.connection:_stop_timers(): Timers stopped.
DEBUG:btfxwss.queue_processor:_handle_raw_book: raw_book - [2201921, [18888565209, 0, 1]] - 1541859470.711803
DEBUG:btfxwss.connection:_stop_timers(): Timers stopped.
DEBUG:btfxwss.connection:_on_message(): Received new message [2201921,[18888565223,0,1]] at 1541859470.712724
DEBUG:btfxwss.connection:_data_handler(): Passing [2201921, [18888565223, 0, 1]] to client..
DEBUG:btfxwss.connection:_start_timers(): Resetting timers..
DEBUG:btfxwss.connection:_stop_timers(): Timers stopped.
DEBUG:btfxwss.queue_processor:_handle_raw_book: raw_book - [2201921, [18888565223, 0, 1]] - 1541859470.712724
DEBUG:btfxwss.connection:_stop_timers(): Timers stopped.
DEBUG:btfxwss.connection:_on_message(): Received new message [2201921,[18888558650,0,1]] at 1541859470.713794
DEBUG:btfxwss.connection:_data_handler(): Passing [2201921, [18888558650, 0, 1]] to client..
DEBUG:btfxwss.connection:_start_timers(): Resetting timers..
DEBUG:btfxwss.connection:_stop_timers(): Timers stopped.
DEBUG:btfxwss.queue_processor:_handle_raw_book: raw_book - [2201921, [18888558650, 0, 1]] - 1541859470.713794
DEBUG:btfxwss.connection:_stop_timers(): Timers stopped.
DEBUG:btfxwss.connection:_on_message(): Received new message [2201921,[18888558664,0,1]] at 1541859470.714714
DEBUG:btfxwss.connection:_data_handler(): Passing [2201921, [18888558664, 0, 1]] to client..
DEBUG:btfxwss.connection:_start_timers(): Resetting timers..
DEBUG:btfxwss.connection:_stop_timers(): Timers stopped.
DEBUG:btfxwss.queue_processor:_handle_raw_book: raw_book - [2201921, [18888558664, 0, 1]] - 1541859470.714714
DEBUG:btfxwss.connection:_stop_timers(): Timers stopped.
DEBUG:btfxwss.connection:_on_message(): Received new message [2201921,[18888565498,6448.7,0.62277828]] at 1541859470.7157
DEBUG:btfxwss.connection:_data_handler(): Passing [2201921, [18888565498, 6448.7, 0.62277828]] to client..
DEBUG:btfxwss.connection:_start_timers(): Resetting timers..
DEBUG:btfxwss.connection:_stop_timers(): Timers stopped.
DEBUG:btfxwss.queue_processor:_handle_raw_book: raw_book - [2201921, [18888565498, 6448.7, 0.62277828]] - 1541859470.7157
DEBUG:btfxwss.connection:_stop_timers(): Timers stopped.
DEBUG:btfxwss.connection:_on_message(): Received new message [2201921,[18888548421,6446.9,0.17062464]] at 1541859470.716606
DEBUG:btfxwss.connection:_data_handler(): Passing [2201921, [18888548421, 6446.9, 0.17062464]] to client..
DEBUG:btfxwss.connection:_start_timers(): Resetting timers..
DEBUG:btfxwss.connection:_stop_timers(): Timers stopped.
DEBUG:btfxwss.queue_processor:_handle_raw_book: raw_book - [2201921, [18888548421, 6446.9, 0.17062464]] - 1541859470.716606
DEBUG:btfxwss.connection:_stop_timers(): Timers stopped.
DEBUG:btfxwss.connection:_on_message(): Received new message [2201921,[18888548397,6445.3,0.170667]] at 1541859470.717508
DEBUG:btfxwss.connection:_data_handler(): Passing [2201921, [18888548397, 6445.3, 0.170667]] to client..
DEBUG:btfxwss.connection:_start_timers(): Resetting timers..
DEBUG:btfxwss.connection:_stop_timers(): Timers stopped.
DEBUG:btfxwss.queue_processor:_handle_raw_book: raw_book - [2201921, [18888548397, 6445.3, 0.170667]] - 1541859470.717508
DEBUG:btfxwss.connection:_stop_timers(): Timers stopped.
DEBUG:btfxwss.connection:_on_message(): Received new message [2201921,[18888561528,6445.2,0.31004485]] at 1541859470.7184849
DEBUG:btfxwss.connection:_data_handler(): Passing [2201921, [18888561528, 6445.2, 0.31004485]] to client..
DEBUG:btfxwss.connection:_start_timers(): Resetting timers..
DEBUG:btfxwss.connection:_stop_timers(): Timers stopped.
DEBUG:btfxwss.queue_processor:_handle_raw_book: raw_book - [2201921, [18888561528, 6445.2, 0.31004485]] - 1541859470.7184849
DEBUG:btfxwss.connection:_stop_timers(): Timers stopped.
DEBUG:btfxwss.connection:_on_message(): Received new message [2201921,[18888558414,6445.1,0.2]] at 1541859470.71949
DEBUG:btfxwss.connection:_data_handler(): Passing [2201921, [18888558414, 6445.1, 0.2]] to client..
DEBUG:btfxwss.connection:_start_timers(): Resetting timers..
DEBUG:btfxwss.connection:_stop_timers(): Timers stopped.
DEBUG:btfxwss.queue_processor:_handle_raw_book: raw_book - [2201921, [18888558414, 6445.1, 0.2]] - 1541859470.71949
DEBUG:btfxwss.connection:_stop_timers(): Timers stopped.
DEBUG:btfxwss.connection:_on_message(): Received new message [2201921,[18888563705,6444.9,0.8]] at 1541859470.720432
DEBUG:btfxwss.connection:_data_handler(): Passing [2201921, [18888563705, 6444.9, 0.8]] to client..
DEBUG:btfxwss.connection:_start_timers(): Resetting timers..
DEBUG:btfxwss.connection:_stop_timers(): Timers stopped.
DEBUG:btfxwss.queue_processor:_handle_raw_book: raw_book - [2201921, [18888563705, 6444.9, 0.8]] - 1541859470.720432
DEBUG:btfxwss.connection:_stop_timers(): Timers stopped.
DEBUG:btfxwss.connection:_on_message(): Received new message [2201921,[18888548429,6449.1,-0.17056644]] at 1541859470.7214808
DEBUG:btfxwss.connection:_data_handler(): Passing [2201921, [18888548429, 6449.1, -0.17056644]] to client..
DEBUG:btfxwss.connection:_start_timers(): Resetting timers..
DEBUG:btfxwss.connection:_stop_timers(): Timers stopped.
DEBUG:btfxwss.queue_processor:_handle_raw_book: raw_book - [2201921, [18888548429, 6449.1, -0.17056644]] - 1541859470.7214808
DEBUG:btfxwss.connection:_stop_timers(): Timers stopped.
DEBUG:btfxwss.connection:_on_message(): Received new message [2201921,[18888548416,6449.9,-0.17054528]] at 1541859470.722412
DEBUG:btfxwss.connection:_data_handler(): Passing [2201921, [18888548416, 6449.9, -0.17054528]] to client..
DEBUG:btfxwss.connection:_start_timers(): Resetting timers..
DEBUG:btfxwss.connection:_stop_timers(): Timers stopped.
DEBUG:btfxwss.queue_processor:_handle_raw_book: raw_book - [2201921, [18888548416, 6449.9, -0.17054528]] - 1541859470.722412
DEBUG:btfxwss.connection:_stop_timers(): Timers stopped.
DEBUG:btfxwss.connection:_on_message(): Received new message [2201921,[18888548389,6451.4,-0.17050563]] at 1541859470.7233222
DEBUG:btfxwss.connection:_data_handler(): Passing [2201921, [18888548389, 6451.4, -0.17050563]] to client..
DEBUG:btfxwss.connection:_start_timers(): Resetting timers..
DEBUG:btfxwss.connection:_stop_timers(): Timers stopped.
DEBUG:btfxwss.queue_processor:_handle_raw_book: raw_book - [2201921, [18888548389, 6451.4, -0.17050563]] - 1541859470.7233222
DEBUG:btfxwss.connection:_stop_timers(): Timers stopped.
DEBUG:btfxwss.connection:_on_message(): Received new message [2201921,[18888548376,6452.1,-0.17048713]] at 1541859470.724225
DEBUG:btfxwss.connection:_data_handler(): Passing [2201921, [18888548376, 6452.1, -0.17048713]] to client..
DEBUG:btfxwss.connection:_start_timers(): Resetting timers..
DEBUG:btfxwss.connection:_stop_timers(): Timers stopped.
DEBUG:btfxwss.queue_processor:_handle_raw_book: raw_book - [2201921, [18888548376, 6452.1, -0.17048713]] - 1541859470.724225
DEBUG:btfxwss.connection:_stop_timers(): Timers stopped.
DEBUG:btfxwss.connection:_on_message(): Received new message [135,[6443.5,0,1]] at 1541859471.09966
DEBUG:btfxwss.connection:_data_handler(): Passing [135, [6443.5, 0, 1]] to client..
DEBUG:btfxwss.connection:_start_timers(): Resetting timers..
DEBUG:btfxwss.connection:_stop_timers(): Timers stopped.
DEBUG:btfxwss.queue_processor:_handle_book: book - [135, [6443.5, 0, 1]] - 1541859471.09966
DEBUG:btfxwss.queue_processor:ts: 1541859471.09966	chan_id: 135	data: [[6443.5, 0, 1]]
DEBUG:btfxwss.connection:_stop_timers(): Timers stopped.
DEBUG:btfxwss.connection:_on_message(): Received new message [135,[6443.3,0,1]] at 1541859471.101552
DEBUG:btfxwss.connection:_data_handler(): Passing [135, [6443.3, 0, 1]] to client..
DEBUG:btfxwss.connection:_start_timers(): Resetting timers..
DEBUG:btfxwss.connection:_stop_timers(): Timers stopped.
DEBUG:btfxwss.queue_processor:_handle_book: book - [135, [6443.3, 0, 1]] - 1541859471.101552
DEBUG:btfxwss.queue_processor:ts: 1541859471.101552	chan_id: 135	data: [[6443.3, 0, 1]]
DEBUG:btfxwss.connection:_stop_timers(): Timers stopped.
DEBUG:btfxwss.connection:_on_message(): Received new message [135,[6450.4,0,-1]] at 1541859471.103141
DEBUG:btfxwss.connection:_data_handler(): Passing [135, [6450.4, 0, -1]] to client..
DEBUG:btfxwss.connection:_start_timers(): Resetting timers..
DEBUG:btfxwss.connection:_stop_timers(): Timers stopped.
DEBUG:btfxwss.queue_processor:_handle_book: book - [135, [6450.4, 0, -1]] - 1541859471.103141
DEBUG:btfxwss.queue_processor:ts: 1541859471.103141	chan_id: 135	data: [[6450.4, 0, -1]]
DEBUG:btfxwss.connection:_stop_timers(): Timers stopped.
DEBUG:btfxwss.connection:_on_message(): Received new message [135,[6451.4,0,-1]] at 1541859471.104675
DEBUG:btfxwss.connection:_data_handler(): Passing [135, [6451.4, 0, -1]] to client..
DEBUG:btfxwss.connection:_start_timers(): Resetting timers..
DEBUG:btfxwss.connection:_stop_timers(): Timers stopped.
DEBUG:btfxwss.queue_processor:_handle_book: book - [135, [6451.4, 0, -1]] - 1541859471.104675
DEBUG:btfxwss.queue_processor:ts: 1541859471.104675	chan_id: 135	data: [[6451.4, 0, -1]]
DEBUG:btfxwss.connection:_stop_timers(): Timers stopped.
DEBUG:btfxwss.connection:_on_message(): Received new message [135,[6453.7,0,-1]] at 1541859471.1062028
DEBUG:btfxwss.connection:_data_handler(): Passing [135, [6453.7, 0, -1]] to client..
DEBUG:btfxwss.connection:_start_timers(): Resetting timers..
DEBUG:btfxwss.connection:_stop_timers(): Timers stopped.
DEBUG:btfxwss.queue_processor:_handle_book: book - [135, [6453.7, 0, -1]] - 1541859471.1062028
DEBUG:btfxwss.queue_processor:ts: 1541859471.1062028	chan_id: 135	data: [[6453.7, 0, -1]]
DEBUG:btfxwss.connection:_stop_timers(): Timers stopped.
DEBUG:btfxwss.connection:_on_message(): Received new message [135,[6446.5,1,0.01177121]] at 1541859471.107441
DEBUG:btfxwss.connection:_data_handler(): Passing [135, [6446.5, 1, 0.01177121]] to client..
DEBUG:btfxwss.connection:_start_timers(): Resetting timers..
DEBUG:btfxwss.queue_processor:_handle_book: book - [135, [6446.5, 1, 0.01177121]] - 1541859471.107441
DEBUG:btfxwss.connection:_stop_timers(): Timers stopped.
DEBUG:btfxwss.queue_processor:ts: 1541859471.107441	chan_id: 135	data: [[6446.5, 1, 0.01177121]]
DEBUG:btfxwss.connection:_stop_timers(): Timers stopped.
DEBUG:btfxwss.connection:_on_message(): Received new message [135,[6445.3,2,0.48071015]] at 1541859471.108726
DEBUG:btfxwss.connection:_data_handler(): Passing [135, [6445.3, 2, 0.48071015]] to client..
DEBUG:btfxwss.connection:_start_timers(): Resetting timers..
DEBUG:btfxwss.connection:_stop_timers(): Timers stopped.
DEBUG:btfxwss.queue_processor:_handle_book: book - [135, [6445.3, 2, 0.48071015]] - 1541859471.108726
DEBUG:btfxwss.queue_processor:ts: 1541859471.108726	chan_id: 135	data: [[6445.3, 2, 0.48071015]]
DEBUG:btfxwss.connection:_stop_timers(): Timers stopped.
DEBUG:btfxwss.connection:_on_message(): Received new message [135,[6445.2,3,3.92913115]] at 1541859471.110063
DEBUG:btfxwss.connection:_data_handler(): Passing [135, [6445.2, 3, 3.92913115]] to client..
DEBUG:btfxwss.connection:_start_timers(): Resetting timers..
DEBUG:btfxwss.queue_processor:_handle_book: book - [135, [6445.2, 3, 3.92913115]] - 1541859471.110063
DEBUG:btfxwss.connection:_stop_timers(): Timers stopped.
DEBUG:btfxwss.queue_processor:ts: 1541859471.110063	chan_id: 135	data: [[6445.2, 3, 3.92913115]]
DEBUG:btfxwss.connection:_stop_timers(): Timers stopped.
DEBUG:btfxwss.connection:_on_message(): Received new message [135,[6444.9,2,1]] at 1541859471.111368
DEBUG:btfxwss.connection:_data_handler(): Passing [135, [6444.9, 2, 1]] to client..
DEBUG:btfxwss.connection:_start_timers(): Resetting timers..
DEBUG:btfxwss.connection:_stop_timers(): Timers stopped.
DEBUG:btfxwss.queue_processor:_handle_book: book - [135, [6444.9, 2, 1]] - 1541859471.111368
DEBUG:btfxwss.queue_processor:ts: 1541859471.111368	chan_id: 135	data: [[6444.9, 2, 1]]
DEBUG:btfxwss.connection:_stop_timers(): Timers stopped.
DEBUG:btfxwss.connection:_on_message(): Received new message [135,[6444.5,4,1.420093]] at 1541859471.1126149
DEBUG:btfxwss.connection:_data_handler(): Passing [135, [6444.5, 4, 1.420093]] to client..
DEBUG:btfxwss.connection:_start_timers(): Resetting timers..
DEBUG:btfxwss.connection:_stop_timers(): Timers stopped.
DEBUG:btfxwss.queue_processor:_handle_book: book - [135, [6444.5, 4, 1.420093]] - 1541859471.1126149
DEBUG:btfxwss.queue_processor:ts: 1541859471.1126149	chan_id: 135	data: [[6444.5, 4, 1.420093]]
DEBUG:btfxwss.connection:_stop_timers(): Timers stopped.
DEBUG:btfxwss.connection:_on_message(): Received new message [135,[6443.9,1,1.2401726]] at 1541859471.1138828
DEBUG:btfxwss.connection:_data_handler(): Passing [135, [6443.9, 1, 1.2401726]] to client..
DEBUG:btfxwss.connection:_start_timers(): Resetting timers..
DEBUG:btfxwss.queue_processor:_handle_book: book - [135, [6443.9, 1, 1.2401726]] - 1541859471.1138828
DEBUG:btfxwss.connection:_stop_timers(): Timers stopped.
DEBUG:btfxwss.queue_processor:ts: 1541859471.1138828	chan_id: 135	data: [[6443.9, 1, 1.2401726]]
DEBUG:btfxwss.connection:_stop_timers(): Timers stopped.
DEBUG:btfxwss.connection:_on_message(): Received new message [135,[6449.8,3,-0.67054792]] at 1541859471.1151612
DEBUG:btfxwss.connection:_data_handler(): Passing [135, [6449.8, 3, -0.67054792]] to client..
DEBUG:btfxwss.connection:_start_timers(): Resetting timers..
DEBUG:btfxwss.connection:_stop_timers(): Timers stopped.
DEBUG:btfxwss.queue_processor:_handle_book: book - [135, [6449.8, 3, -0.67054792]] - 1541859471.1151612
DEBUG:btfxwss.queue_processor:ts: 1541859471.1151612	chan_id: 135	data: [[6449.8, 3, -0.67054792]]
DEBUG:btfxwss.connection:_stop_timers(): Timers stopped.
DEBUG:btfxwss.connection:_on_message(): Received new message [135,[6449.9,1,-0.06]] at 1541859471.1163101
DEBUG:btfxwss.connection:_data_handler(): Passing [135, [6449.9, 1, -0.06]] to client..
DEBUG:btfxwss.connection:_start_timers(): Resetting timers..
DEBUG:btfxwss.connection:_stop_timers(): Timers stopped.
DEBUG:btfxwss.queue_processor:_handle_book: book - [135, [6449.9, 1, -0.06]] - 1541859471.1163101
DEBUG:btfxwss.queue_processor:ts: 1541859471.1163101	chan_id: 135	data: [[6449.9, 1, -0.06]]
DEBUG:btfxwss.connection:_stop_timers(): Timers stopped.
DEBUG:btfxwss.connection:_on_message(): Received new message [135,[6450.6,1,-0.17052677]] at 1541859471.1173499
DEBUG:btfxwss.connection:_data_handler(): Passing [135, [6450.6, 1, -0.17052677]] to client..
DEBUG:btfxwss.connection:_start_timers(): Resetting timers..
DEBUG:btfxwss.queue_processor:_handle_book: book - [135, [6450.6, 1, -0.17052677]] - 1541859471.1173499
DEBUG:btfxwss.connection:_stop_timers(): Timers stopped.
DEBUG:btfxwss.queue_processor:ts: 1541859471.1173499	chan_id: 135	data: [[6450.6, 1, -0.17052677]]
DEBUG:btfxwss.connection:_stop_timers(): Timers stopped.
DEBUG:btfxwss.connection:_on_message(): Received new message [135,[6451.3,1,-0.17050827]] at 1541859471.118429
DEBUG:btfxwss.connection:_data_handler(): Passing [135, [6451.3, 1, -0.17050827]] to client..
DEBUG:btfxwss.connection:_start_timers(): Resetting timers..
DEBUG:btfxwss.connection:_stop_timers(): Timers stopped.
DEBUG:btfxwss.queue_processor:_handle_book: book - [135, [6451.3, 1, -0.17050827]] - 1541859471.118429
DEBUG:btfxwss.queue_processor:ts: 1541859471.118429	chan_id: 135	data: [[6451.3, 1, -0.17050827]]
DEBUG:btfxwss.connection:_stop_timers(): Timers stopped.
DEBUG:btfxwss.connection:_on_message(): Received new message [135,[6452.8,1,-0.17046863]] at 1541859471.1194801
DEBUG:btfxwss.connection:_data_handler(): Passing [135, [6452.8, 1, -0.17046863]] to client..
DEBUG:btfxwss.connection:_start_timers(): Resetting timers..
DEBUG:btfxwss.connection:_stop_timers(): Timers stopped.
DEBUG:btfxwss.queue_processor:_handle_book: book - [135, [6452.8, 1, -0.17046863]] - 1541859471.1194801
DEBUG:btfxwss.queue_processor:ts: 1541859471.1194801	chan_id: 135	data: [[6452.8, 1, -0.17046863]]
DEBUG:btfxwss.connection:_stop_timers(): Timers stopped.
DEBUG:btfxwss.connection:_on_message(): Received new message [135,[6452.9,1,-0.2]] at 1541859471.120917
DEBUG:btfxwss.connection:_data_handler(): Passing [135, [6452.9, 1, -0.2]] to client..
DEBUG:btfxwss.connection:_start_timers(): Resetting timers..
DEBUG:btfxwss.queue_processor:_handle_book: book - [135, [6452.9, 1, -0.2]] - 1541859471.120917
DEBUG:btfxwss.connection:_stop_timers(): Timers stopped.
DEBUG:btfxwss.queue_processor:ts: 1541859471.120917	chan_id: 135	data: [[6452.9, 1, -0.2]]
DEBUG:btfxwss.connection:_stop_timers(): Timers stopped.
DEBUG:btfxwss.connection:_on_message(): Received new message [2201921,[18888565266,0,1]] at 1541859471.122029
DEBUG:btfxwss.connection:_data_handler(): Passing [2201921, [18888565266, 0, 1]] to client..
DEBUG:btfxwss.connection:_start_timers(): Resetting timers..
DEBUG:btfxwss.queue_processor:_handle_raw_book: raw_book - [2201921, [18888565266, 0, 1]] - 1541859471.122029
DEBUG:btfxwss.connection:_stop_timers(): Timers stopped.
DEBUG:btfxwss.connection:_stop_timers(): Timers stopped.
DEBUG:btfxwss.connection:_on_message(): Received new message [2201921,[18888558414,0,1]] at 1541859471.123025
DEBUG:btfxwss.connection:_data_handler(): Passing [2201921, [18888558414, 0, 1]] to client..
DEBUG:btfxwss.connection:_start_timers(): Resetting timers..
DEBUG:btfxwss.connection:_stop_timers(): Timers stopped.
DEBUG:btfxwss.queue_processor:_handle_raw_book: raw_book - [2201921, [18888558414, 0, 1]] - 1541859471.123025
DEBUG:btfxwss.connection:_stop_timers(): Timers stopped.
DEBUG:btfxwss.connection:_on_message(): Received new message [2201921,[18888563705,0,1]] at 1541859471.1239161
DEBUG:btfxwss.connection:_data_handler(): Passing [2201921, [18888563705, 0, 1]] to client..
DEBUG:btfxwss.connection:_start_timers(): Resetting timers..
DEBUG:btfxwss.connection:_stop_timers(): Timers stopped.
DEBUG:btfxwss.queue_processor:_handle_raw_book: raw_book - [2201921, [18888563705, 0, 1]] - 1541859471.1239161
DEBUG:btfxwss.connection:_stop_timers(): Timers stopped.
DEBUG:btfxwss.connection:_on_message(): Received new message [2201921,[18888565609,6448.2,0.6908]] at 1541859471.124807
DEBUG:btfxwss.connection:_data_handler(): Passing [2201921, [18888565609, 6448.2, 0.6908]] to client..
DEBUG:btfxwss.connection:_start_timers(): Resetting timers..
DEBUG:btfxwss.connection:_stop_timers(): Timers stopped.
DEBUG:btfxwss.queue_processor:_handle_raw_book: raw_book - [2201921, [18888565609, 6448.2, 0.6908]] - 1541859471.124807
DEBUG:btfxwss.connection:_stop_timers(): Timers stopped.
DEBUG:btfxwss.connection:_on_message(): Received new message [2201921,[18888565637,6446.5,0.01177121]] at 1541859471.125704
DEBUG:btfxwss.connection:_data_handler(): Passing [2201921, [18888565637, 6446.5, 0.01177121]] to client..
DEBUG:btfxwss.connection:_start_timers(): Resetting timers..
DEBUG:btfxwss.connection:_stop_timers(): Timers stopped.
DEBUG:btfxwss.queue_processor:_handle_raw_book: raw_book - [2201921, [18888565637, 6446.5, 0.01177121]] - 1541859471.125704
DEBUG:btfxwss.connection:_stop_timers(): Timers stopped.
DEBUG:btfxwss.connection:_on_message(): Received new message [2201921,[18888565515,6445.3,0.31004315]] at 1541859471.126631
DEBUG:btfxwss.connection:_data_handler(): Passing [2201921, [18888565515, 6445.3, 0.31004315]] to client..
DEBUG:btfxwss.connection:_start_timers(): Resetting timers..
DEBUG:btfxwss.connection:_stop_timers(): Timers stopped.
DEBUG:btfxwss.queue_processor:_handle_raw_book: raw_book - [2201921, [18888565515, 6445.3, 0.31004315]] - 1541859471.126631
DEBUG:btfxwss.connection:_stop_timers(): Timers stopped.
DEBUG:btfxwss.connection:_on_message(): Received new message [2201921,[18888548416,6449.8,-0.17054792]] at 1541859471.12752
DEBUG:btfxwss.connection:_data_handler(): Passing [2201921, [18888548416, 6449.8, -0.17054792]] to client..
DEBUG:btfxwss.connection:_start_timers(): Resetting timers..
DEBUG:btfxwss.connection:_stop_timers(): Timers stopped.
DEBUG:btfxwss.queue_processor:_handle_raw_book: raw_book - [2201921, [18888548416, 6449.8, -0.17054792]] - 1541859471.12752
DEBUG:btfxwss.connection:_stop_timers(): Timers stopped.
DEBUG:btfxwss.connection:_on_message(): Received new message [2201921,[18888548401,6450.6,-0.17052677]] at 1541859471.128433
DEBUG:btfxwss.connection:_data_handler(): Passing [2201921, [18888548401, 6450.6, -0.17052677]] to client..
DEBUG:btfxwss.connection:_start_timers(): Resetting timers..
DEBUG:btfxwss.connection:_stop_timers(): Timers stopped.
DEBUG:btfxwss.queue_processor:_handle_raw_book: raw_book - [2201921, [18888548401, 6450.6, -0.17052677]] - 1541859471.128433
DEBUG:btfxwss.connection:_stop_timers(): Timers stopped.
DEBUG:btfxwss.connection:_on_message(): Received new message [2201921,[18888548389,6451.3,-0.17050827]] at 1541859471.129353
DEBUG:btfxwss.connection:_data_handler(): Passing [2201921, [18888548389, 6451.3, -0.17050827]] to client..
DEBUG:btfxwss.connection:_start_timers(): Resetting timers..
DEBUG:btfxwss.connection:_stop_timers(): Timers stopped.
DEBUG:btfxwss.queue_processor:_handle_raw_book: raw_book - [2201921, [18888548389, 6451.3, -0.17050827]] - 1541859471.129353
DEBUG:btfxwss.connection:_stop_timers(): Timers stopped.
DEBUG:btfxwss.connection:_on_message(): Received new message [135,[6445.1,0,1]] at 1541859472.020746
DEBUG:btfxwss.connection:_data_handler(): Passing [135, [6445.1, 0, 1]] to client..
DEBUG:btfxwss.connection:_start_timers(): Resetting timers..
DEBUG:btfxwss.connection:_stop_timers(): Timers stopped.
DEBUG:btfxwss.queue_processor:_handle_book: book - [135, [6445.1, 0, 1]] - 1541859472.020746
DEBUG:btfxwss.queue_processor:ts: 1541859472.020746	chan_id: 135	data: [[6445.1, 0, 1]]
DEBUG:btfxwss.connection:_stop_timers(): Timers stopped.
DEBUG:btfxwss.connection:_on_message(): Received new message [135,[6443.7,0,1]] at 1541859472.022906
DEBUG:btfxwss.connection:_data_handler(): Passing [135, [6443.7, 0, 1]] to client..
DEBUG:btfxwss.connection:_start_timers(): Resetting timers..
DEBUG:btfxwss.connection:_stop_timers(): Timers stopped.
DEBUG:btfxwss.queue_processor:_handle_book: book - [135, [6443.7, 0, 1]] - 1541859472.022906
DEBUG:btfxwss.queue_processor:ts: 1541859472.022906	chan_id: 135	data: [[6443.7, 0, 1]]
DEBUG:btfxwss.connection:_stop_timers(): Timers stopped.
DEBUG:btfxwss.connection:_on_message(): Received new message [135,[6448.7,1,0.02015894]] at 1541859472.024736
DEBUG:btfxwss.connection:_data_handler(): Passing [135, [6448.7, 1, 0.02015894]] to client..
DEBUG:btfxwss.connection:_start_timers(): Resetting timers..
DEBUG:btfxwss.connection:_stop_timers(): Timers stopped.
DEBUG:btfxwss.queue_processor:_handle_book: book - [135, [6448.7, 1, 0.02015894]] - 1541859472.024736
DEBUG:btfxwss.queue_processor:ts: 1541859472.024736	chan_id: 135	data: [[6448.7, 1, 0.02015894]]
DEBUG:btfxwss.connection:_stop_timers(): Timers stopped.
DEBUG:btfxwss.connection:_on_message(): Received new message [135,[6448.4,1,0.62277828]] at 1541859472.026314
DEBUG:btfxwss.connection:_data_handler(): Passing [135, [6448.4, 1, 0.62277828]] to client..
DEBUG:btfxwss.connection:_start_timers(): Resetting timers..
DEBUG:btfxwss.connection:_stop_timers(): Timers stopped.
DEBUG:btfxwss.queue_processor:_handle_book: book - [135, [6448.4, 1, 0.62277828]] - 1541859472.026314
DEBUG:btfxwss.queue_processor:ts: 1541859472.026314	chan_id: 135	data: [[6448.4, 1, 0.62277828]]
DEBUG:btfxwss.connection:_stop_timers(): Timers stopped.
DEBUG:btfxwss.connection:_on_message(): Received new message [135,[6446.6,1,0.44726613]] at 1541859472.02789
DEBUG:btfxwss.connection:_data_handler(): Passing [135, [6446.6, 1, 0.44726613]] to client..
DEBUG:btfxwss.connection:_start_timers(): Resetting timers..
DEBUG:btfxwss.connection:_stop_timers(): Timers stopped.
DEBUG:btfxwss.queue_processor:_handle_book: book - [135, [6446.6, 1, 0.44726613]] - 1541859472.02789
DEBUG:btfxwss.queue_processor:ts: 1541859472.02789	chan_id: 135	data: [[6446.6, 1, 0.44726613]]
DEBUG:btfxwss.connection:_stop_timers(): Timers stopped.
DEBUG:btfxwss.connection:_on_message(): Received new message [135,[6444.5,3,0.920093]] at 1541859472.0293481
DEBUG:btfxwss.connection:_data_handler(): Passing [135, [6444.5, 3, 0.920093]] to client..
DEBUG:btfxwss.connection:_start_timers(): Resetting timers..
DEBUG:btfxwss.connection:_stop_timers(): Timers stopped.
DEBUG:btfxwss.queue_processor:_handle_book: book - [135, [6444.5, 3, 0.920093]] - 1541859472.0293481
DEBUG:btfxwss.queue_processor:ts: 1541859472.0293481	chan_id: 135	data: [[6444.5, 3, 0.920093]]
DEBUG:btfxwss.connection:_stop_timers(): Timers stopped.
DEBUG:btfxwss.connection:_on_message(): Received new message [135,[6444.2,1,0.5]] at 1541859472.031012
DEBUG:btfxwss.connection:_data_handler(): Passing [135, [6444.2, 1, 0.5]] to client..
DEBUG:btfxwss.connection:_start_timers(): Resetting timers..
DEBUG:btfxwss.connection:_stop_timers(): Timers stopped.
DEBUG:btfxwss.queue_processor:_handle_book: book - [135, [6444.2, 1, 0.5]] - 1541859472.031012
DEBUG:btfxwss.queue_processor:ts: 1541859472.031012	chan_id: 135	data: [[6444.2, 1, 0.5]]
DEBUG:btfxwss.connection:_stop_timers(): Timers stopped.
DEBUG:btfxwss.connection:_on_message(): Received new message [2201921,[18888565498,0,1]] at 1541859472.032707
DEBUG:btfxwss.connection:_data_handler(): Passing [2201921, [18888565498, 0, 1]] to client..
DEBUG:btfxwss.connection:_start_timers(): Resetting timers..
DEBUG:btfxwss.connection:_stop_timers(): Timers stopped.
DEBUG:btfxwss.queue_processor:_handle_raw_book: raw_book - [2201921, [18888565498, 0, 1]] - 1541859472.032707
DEBUG:btfxwss.connection:_stop_timers(): Timers stopped.
DEBUG:btfxwss.connection:_on_message(): Received new message [2201921,[18888548342,0,1]] at 1541859472.0358841
DEBUG:btfxwss.connection:_data_handler(): Passing [2201921, [18888548342, 0, 1]] to client..
DEBUG:btfxwss.connection:_start_timers(): Resetting timers..
DEBUG:btfxwss.connection:_stop_timers(): Timers stopped.
DEBUG:btfxwss.queue_processor:_handle_raw_book: raw_book - [2201921, [18888548342, 0, 1]] - 1541859472.0358841
DEBUG:btfxwss.connection:_stop_timers(): Timers stopped.
DEBUG:btfxwss.connection:_on_message(): Received new message [2201921,[18888565799,6448.4,0.62277828]] at 1541859472.03876
DEBUG:btfxwss.connection:_data_handler(): Passing [2201921, [18888565799, 6448.4, 0.62277828]] to client..
DEBUG:btfxwss.connection:_start_timers(): Resetting timers..
DEBUG:btfxwss.connection:_stop_timers(): Timers stopped.
DEBUG:btfxwss.queue_processor:_handle_raw_book: raw_book - [2201921, [18888565799, 6448.4, 0.62277828]] - 1541859472.03876
DEBUG:btfxwss.connection:_stop_timers(): Timers stopped.
DEBUG:btfxwss.connection:_on_message(): Received new message [2201921,[18888565517,6445.2,0.6200863]] at 1541859472.0405319
DEBUG:btfxwss.connection:_data_handler(): Passing [2201921, [18888565517, 6445.2, 0.6200863]] to client..
DEBUG:btfxwss.connection:_start_timers(): Resetting timers..
DEBUG:btfxwss.connection:_stop_timers(): Timers stopped.
DEBUG:btfxwss.queue_processor:_handle_raw_book: raw_book - [2201921, [18888565517, 6445.2, 0.6200863]] - 1541859472.0405319
DEBUG:btfxwss.connection:_stop_timers(): Timers stopped.
DEBUG:btfxwss.connection:_on_message(): Received new message [135,[6446.5,0,1]] at 1541859472.1526248
DEBUG:btfxwss.connection:_data_handler(): Passing [135, [6446.5, 0, 1]] to client..
DEBUG:btfxwss.connection:_start_timers(): Resetting timers..
DEBUG:btfxwss.connection:_stop_timers(): Timers stopped.
DEBUG:btfxwss.queue_processor:_handle_book: book - [135, [6446.5, 0, 1]] - 1541859472.1526248
DEBUG:btfxwss.queue_processor:ts: 1541859472.1526248	chan_id: 135	data: [[6446.5, 0, 1]]
DEBUG:btfxwss.connection:_stop_timers(): Timers stopped.
DEBUG:btfxwss.connection:_on_message(): Received new message [135,[6444.2,0,1]] at 1541859472.1789272
DEBUG:btfxwss.connection:_data_handler(): Passing [135, [6444.2, 0, 1]] to client..
DEBUG:btfxwss.connection:_start_timers(): Resetting timers..
DEBUG:btfxwss.connection:_stop_timers(): Timers stopped.
DEBUG:btfxwss.queue_processor:_handle_book: book - [135, [6444.2, 0, 1]] - 1541859472.1789272
DEBUG:btfxwss.queue_processor:ts: 1541859472.1789272	chan_id: 135	data: [[6444.2, 0, 1]]
DEBUG:btfxwss.connection:_stop_timers(): Timers stopped.
DEBUG:btfxwss.connection:_on_message(): Received new message [135,[6449.1,0,-1]] at 1541859472.180288
DEBUG:btfxwss.connection:_data_handler(): Passing [135, [6449.1, 0, -1]] to client..
DEBUG:btfxwss.connection:_start_timers(): Resetting timers..
DEBUG:btfxwss.connection:_stop_timers(): Timers stopped.
DEBUG:btfxwss.queue_processor:_handle_book: book - [135, [6449.1, 0, -1]] - 1541859472.180288
DEBUG:btfxwss.queue_processor:ts: 1541859472.180288	chan_id: 135	data: [[6449.1, 0, -1]]
DEBUG:btfxwss.connection:_stop_timers(): Timers stopped.
DEBUG:btfxwss.connection:_on_message(): Received new message [135,[6450.6,0,-1]] at 1541859472.181652
DEBUG:btfxwss.connection:_data_handler(): Passing [135, [6450.6, 0, -1]] to client..
DEBUG:btfxwss.connection:_start_timers(): Resetting timers..
DEBUG:btfxwss.connection:_stop_timers(): Timers stopped.
DEBUG:btfxwss.queue_processor:_handle_book: book - [135, [6450.6, 0, -1]] - 1541859472.181652
DEBUG:btfxwss.queue_processor:ts: 1541859472.181652	chan_id: 135	data: [[6450.6, 0, -1]]
DEBUG:btfxwss.connection:_stop_timers(): Timers stopped.
DEBUG:btfxwss.connection:_on_message(): Received new message [135,[6451.7,0,-1]] at 1541859472.18294
DEBUG:btfxwss.connection:_data_handler(): Passing [135, [6451.7, 0, -1]] to client..
DEBUG:btfxwss.connection:_start_timers(): Resetting timers..
DEBUG:btfxwss.queue_processor:_handle_book: book - [135, [6451.7, 0, -1]] - 1541859472.18294
DEBUG:btfxwss.connection:_stop_timers(): Timers stopped.
DEBUG:btfxwss.queue_processor:ts: 1541859472.18294	chan_id: 135	data: [[6451.7, 0, -1]]
DEBUG:btfxwss.connection:_stop_timers(): Timers stopped.
DEBUG:btfxwss.connection:_on_message(): Received new message [135,[6452.1,0,-1]] at 1541859472.184289
DEBUG:btfxwss.connection:_data_handler(): Passing [135, [6452.1, 0, -1]] to client..
DEBUG:btfxwss.connection:_start_timers(): Resetting timers..
DEBUG:btfxwss.connection:_stop_timers(): Timers stopped.
DEBUG:btfxwss.queue_processor:_handle_book: book - [135, [6452.1, 0, -1]] - 1541859472.184289
DEBUG:btfxwss.queue_processor:ts: 1541859472.184289	chan_id: 135	data: [[6452.1, 0, -1]]
DEBUG:btfxwss.connection:_stop_timers(): Timers stopped.
DEBUG:btfxwss.connection:_on_message(): Received new message [135,[6445.5,2,0.25459945]] at 1541859472.1857762
DEBUG:btfxwss.connection:_data_handler(): Passing [135, [6445.5, 2, 0.25459945]] to client..
DEBUG:btfxwss.connection:_start_timers(): Resetting timers..
DEBUG:btfxwss.connection:_stop_timers(): Timers stopped.
DEBUG:btfxwss.queue_processor:_handle_book: book - [135, [6445.5, 2, 0.25459945]] - 1541859472.1857762
DEBUG:btfxwss.queue_processor:ts: 1541859472.1857762	chan_id: 135	data: [[6445.5, 2, 0.25459945]]
DEBUG:btfxwss.connection:_stop_timers(): Timers stopped.
DEBUG:btfxwss.connection:_on_message(): Received new message [135,[6445.2,4,4.12913115]] at 1541859472.1870642
DEBUG:btfxwss.connection:_data_handler(): Passing [135, [6445.2, 4, 4.12913115]] to client..
DEBUG:btfxwss.connection:_start_timers(): Resetting timers..
DEBUG:btfxwss.connection:_stop_timers(): Timers stopped.
DEBUG:btfxwss.queue_processor:_handle_book: book - [135, [6445.2, 4, 4.12913115]] - 1541859472.1870642
DEBUG:btfxwss.queue_processor:ts: 1541859472.1870642	chan_id: 135	data: [[6445.2, 4, 4.12913115]]
DEBUG:btfxwss.connection:_stop_timers(): Timers stopped.
DEBUG:btfxwss.connection:_on_message(): Received new message [135,[6444.7,1,0.2]] at 1541859472.188409
DEBUG:btfxwss.connection:_data_handler(): Passing [135, [6444.7, 1, 0.2]] to client..
DEBUG:btfxwss.connection:_start_timers(): Resetting timers..
DEBUG:btfxwss.connection:_stop_timers(): Timers stopped.
DEBUG:btfxwss.queue_processor:_handle_book: book - [135, [6444.7, 1, 0.2]] - 1541859472.188409
DEBUG:btfxwss.queue_processor:ts: 1541859472.188409	chan_id: 135	data: [[6444.7, 1, 0.2]]
DEBUG:btfxwss.connection:_stop_timers(): Timers stopped.
DEBUG:btfxwss.connection:_on_message(): Received new message [135,[6444.6,4,2.0811156]] at 1541859472.189676
DEBUG:btfxwss.connection:_data_handler(): Passing [135, [6444.6, 4, 2.0811156]] to client..
DEBUG:btfxwss.connection:_start_timers(): Resetting timers..
DEBUG:btfxwss.connection:_stop_timers(): Timers stopped.
DEBUG:btfxwss.queue_processor:_handle_book: book - [135, [6444.6, 4, 2.0811156]] - 1541859472.189676
DEBUG:btfxwss.queue_processor:ts: 1541859472.189676	chan_id: 135	data: [[6444.6, 4, 2.0811156]]
DEBUG:btfxwss.connection:_stop_timers(): Timers stopped.
DEBUG:btfxwss.connection:_on_message(): Received new message [135,[6443.7,1,0.05344516]] at 1541859472.190722
DEBUG:btfxwss.connection:_data_handler(): Passing [135, [6443.7, 1, 0.05344516]] to client..
DEBUG:btfxwss.connection:_start_timers(): Resetting timers..
DEBUG:btfxwss.queue_processor:_handle_book: book - [135, [6443.7, 1, 0.05344516]] - 1541859472.190722
DEBUG:btfxwss.connection:_stop_timers(): Timers stopped.
DEBUG:btfxwss.queue_processor:ts: 1541859472.190722	chan_id: 135	data: [[6443.7, 1, 0.05344516]]
DEBUG:btfxwss.connection:_stop_timers(): Timers stopped.
DEBUG:btfxwss.connection:_on_message(): Received new message [135,[6443.5,2,2.43442341]] at 1541859472.191814
DEBUG:btfxwss.connection:_data_handler(): Passing [135, [6443.5, 2, 2.43442341]] to client..
DEBUG:btfxwss.connection:_start_timers(): Resetting timers..
DEBUG:btfxwss.queue_processor:_handle_book: book - [135, [6443.5, 2, 2.43442341]] - 1541859472.191814
DEBUG:btfxwss.connection:_stop_timers(): Timers stopped.
DEBUG:btfxwss.queue_processor:ts: 1541859472.191814	chan_id: 135	data: [[6443.5, 2, 2.43442341]]
DEBUG:btfxwss.connection:_stop_timers(): Timers stopped.
DEBUG:btfxwss.connection:_on_message(): Received new message [135,[6448.8,5,-13.35076087]] at 1541859472.192917
DEBUG:btfxwss.connection:_data_handler(): Passing [135, [6448.8, 5, -13.35076087]] to client..
DEBUG:btfxwss.connection:_start_timers(): Resetting timers..
DEBUG:btfxwss.connection:_stop_timers(): Timers stopped.
DEBUG:btfxwss.queue_processor:_handle_book: book - [135, [6448.8, 5, -13.35076087]] - 1541859472.192917
DEBUG:btfxwss.queue_processor:ts: 1541859472.192917	chan_id: 135	data: [[6448.8, 5, -13.35076087]]
DEBUG:btfxwss.connection:_stop_timers(): Timers stopped.
DEBUG:btfxwss.connection:_on_message(): Received new message [135,[6449,2,-1.13056908]] at 1541859472.194447
DEBUG:btfxwss.connection:_data_handler(): Passing [135, [6449, 2, -1.13056908]] to client..
DEBUG:btfxwss.connection:_start_timers(): Resetting timers..
DEBUG:btfxwss.connection:_stop_timers(): Timers stopped.
DEBUG:btfxwss.queue_processor:_handle_book: book - [135, [6449, 2, -1.13056908]] - 1541859472.194447
DEBUG:btfxwss.queue_processor:ts: 1541859472.194447	chan_id: 135	data: [[6449, 2, -1.13056908]]
DEBUG:btfxwss.connection:_stop_timers(): Timers stopped.
DEBUG:btfxwss.connection:_on_message(): Received new message [135,[6450.5,3,-1.23647942]] at 1541859472.195474
DEBUG:btfxwss.connection:_data_handler(): Passing [135, [6450.5, 3, -1.23647942]] to client..
DEBUG:btfxwss.connection:_start_timers(): Resetting timers..
DEBUG:btfxwss.connection:_stop_timers(): Timers stopped.
DEBUG:btfxwss.queue_processor:_handle_book: book - [135, [6450.5, 3, -1.23647942]] - 1541859472.195474
DEBUG:btfxwss.queue_processor:ts: 1541859472.195474	chan_id: 135	data: [[6450.5, 3, -1.23647942]]
DEBUG:btfxwss.connection:_stop_timers(): Timers stopped.
DEBUG:btfxwss.connection:_on_message(): Received new message [135,[6452,1,-0.17048977]] at 1541859472.196456
DEBUG:btfxwss.connection:_data_handler(): Passing [135, [6452, 1, -0.17048977]] to client..
DEBUG:btfxwss.connection:_start_timers(): Resetting timers..
DEBUG:btfxwss.connection:_stop_timers(): Timers stopped.
DEBUG:btfxwss.queue_processor:_handle_book: book - [135, [6452, 1, -0.17048977]] - 1541859472.196456
DEBUG:btfxwss.queue_processor:ts: 1541859472.196456	chan_id: 135	data: [[6452, 1, -0.17048977]]
DEBUG:btfxwss.connection:_stop_timers(): Timers stopped.
DEBUG:btfxwss.connection:_on_message(): Received new message [135,[6453.7,2,-2.2]] at 1541859472.197425
DEBUG:btfxwss.connection:_data_handler(): Passing [135, [6453.7, 2, -2.2]] to client..
DEBUG:btfxwss.connection:_start_timers(): Resetting timers..
DEBUG:btfxwss.connection:_stop_timers(): Timers stopped.
DEBUG:btfxwss.queue_processor:_handle_book: book - [135, [6453.7, 2, -2.2]] - 1541859472.197425
DEBUG:btfxwss.queue_processor:ts: 1541859472.197425	chan_id: 135	data: [[6453.7, 2, -2.2]]
DEBUG:btfxwss.connection:_stop_timers(): Timers stopped.
DEBUG:btfxwss.connection:_on_message(): Received new message [135,[6454,1,-0.2]] at 1541859472.198535
DEBUG:btfxwss.connection:_data_handler(): Passing [135, [6454, 1, -0.2]] to client..
DEBUG:btfxwss.connection:_start_timers(): Resetting timers..
DEBUG:btfxwss.connection:_stop_timers(): Timers stopped.
DEBUG:btfxwss.queue_processor:_handle_book: book - [135, [6454, 1, -0.2]] - 1541859472.198535
DEBUG:btfxwss.queue_processor:ts: 1541859472.198535	chan_id: 135	data: [[6454, 1, -0.2]]
DEBUG:btfxwss.connection:_stop_timers(): Timers stopped.
DEBUG:btfxwss.connection:_on_message(): Received new message [135,[6454.3,1,-2]] at 1541859472.1995032
DEBUG:btfxwss.connection:_data_handler(): Passing [135, [6454.3, 1, -2]] to client..
DEBUG:btfxwss.connection:_start_timers(): Resetting timers..
DEBUG:btfxwss.connection:_stop_timers(): Timers stopped.
DEBUG:btfxwss.queue_processor:_handle_book: book - [135, [6454.3, 1, -2]] - 1541859472.1995032
DEBUG:btfxwss.queue_processor:ts: 1541859472.1995032	chan_id: 135	data: [[6454.3, 1, -2]]
DEBUG:btfxwss.connection:_stop_timers(): Timers stopped.
DEBUG:btfxwss.connection:_on_message(): Received new message [2201921,[18888565637,0,1]] at 1541859472.200504
DEBUG:btfxwss.connection:_data_handler(): Passing [2201921, [18888565637, 0, 1]] to client..
DEBUG:btfxwss.connection:_start_timers(): Resetting timers..
DEBUG:btfxwss.connection:_stop_timers(): Timers stopped.
DEBUG:btfxwss.queue_processor:_handle_raw_book: raw_book - [2201921, [18888565637, 0, 1]] - 1541859472.200504
DEBUG:btfxwss.connection:_stop_timers(): Timers stopped.
DEBUG:btfxwss.connection:_on_message(): Received new message [2201921,[18888551431,0,-1]] at 1541859472.201532
DEBUG:btfxwss.connection:_data_handler(): Passing [2201921, [18888551431, 0, -1]] to client..
DEBUG:btfxwss.connection:_start_timers(): Resetting timers..
DEBUG:btfxwss.connection:_stop_timers(): Timers stopped.
DEBUG:btfxwss.queue_processor:_handle_raw_book: raw_book - [2201921, [18888551431, 0, -1]] - 1541859472.201532
DEBUG:btfxwss.connection:_stop_timers(): Timers stopped.
DEBUG:btfxwss.connection:_on_message(): Received new message [2201921,[18888565903,6445.5,0.15502373]] at 1541859472.202538
DEBUG:btfxwss.connection:_data_handler(): Passing [2201921, [18888565903, 6445.5, 0.15502373]] to client..
DEBUG:btfxwss.connection:_start_timers(): Resetting timers..
DEBUG:btfxwss.connection:_stop_timers(): Timers stopped.
DEBUG:btfxwss.queue_processor:_handle_raw_book: raw_book - [2201921, [18888565903, 6445.5, 0.15502373]] - 1541859472.202538
DEBUG:btfxwss.connection:_stop_timers(): Timers stopped.
DEBUG:btfxwss.connection:_on_message(): Received new message [2201921,[18888565912,6448.8,-2.5]] at 1541859472.203476
DEBUG:btfxwss.connection:_data_handler(): Passing [2201921, [18888565912, 6448.8, -2.5]] to client..
DEBUG:btfxwss.connection:_start_timers(): Resetting timers..
DEBUG:btfxwss.connection:_stop_timers(): Timers stopped.
DEBUG:btfxwss.queue_processor:_handle_raw_book: raw_book - [2201921, [18888565912, 6448.8, -2.5]] - 1541859472.203476
DEBUG:btfxwss.connection:_stop_timers(): Timers stopped.
DEBUG:btfxwss.connection:_on_message(): Received new message [2201921,[18888548429,6449,-0.17056908]] at 1541859472.204382
DEBUG:btfxwss.connection:_data_handler(): Passing [2201921, [18888548429, 6449, -0.17056908]] to client..
DEBUG:btfxwss.connection:_start_timers(): Resetting timers..
DEBUG:btfxwss.connection:_stop_timers(): Timers stopped.
DEBUG:btfxwss.queue_processor:_handle_raw_book: raw_book - [2201921, [18888548429, 6449, -0.17056908]] - 1541859472.204382
DEBUG:btfxwss.connection:_stop_timers(): Timers stopped.
DEBUG:btfxwss.connection:_on_message(): Received new message [2201921,[18888548401,6450.5,-0.17052942]] at 1541859472.2052832
DEBUG:btfxwss.connection:_data_handler(): Passing [2201921, [18888548401, 6450.5, -0.17052942]] to client..
DEBUG:btfxwss.connection:_start_timers(): Resetting timers..
DEBUG:btfxwss.connection:_stop_timers(): Timers stopped.
DEBUG:btfxwss.queue_processor:_handle_raw_book: raw_book - [2201921, [18888548401, 6450.5, -0.17052942]] - 1541859472.2052832
DEBUG:btfxwss.connection:_stop_timers(): Timers stopped.
DEBUG:btfxwss.connection:_on_message(): Received new message [2201921,[18888548376,6452,-0.17048977]] at 1541859472.20618
DEBUG:btfxwss.connection:_data_handler(): Passing [2201921, [18888548376, 6452, -0.17048977]] to client..
DEBUG:btfxwss.connection:_start_timers(): Resetting timers..
DEBUG:btfxwss.connection:_stop_timers(): Timers stopped.
DEBUG:btfxwss.queue_processor:_handle_raw_book: raw_book - [2201921, [18888548376, 6452, -0.17048977]] - 1541859472.20618
DEBUG:btfxwss.connection:_stop_timers(): Timers stopped.
DEBUG:btfxwss.connection:_on_message(): Received new message [135,[6448.4,0,1]] at 1541859472.635233
DEBUG:btfxwss.connection:_data_handler(): Passing [135, [6448.4, 0, 1]] to client..
DEBUG:btfxwss.connection:_start_timers(): Resetting timers..
DEBUG:btfxwss.connection:_stop_timers(): Timers stopped.
DEBUG:btfxwss.queue_processor:_handle_book: book - [135, [6448.4, 0, 1]] - 1541859472.635233
DEBUG:btfxwss.queue_processor:ts: 1541859472.635233	chan_id: 135	data: [[6448.4, 0, 1]]
DEBUG:btfxwss.connection:_stop_timers(): Timers stopped.
DEBUG:btfxwss.connection:_on_message(): Received new message [135,[6448.2,0,1]] at 1541859472.63694
DEBUG:btfxwss.connection:_data_handler(): Passing [135, [6448.2, 0, 1]] to client..
DEBUG:btfxwss.connection:_start_timers(): Resetting timers..
DEBUG:btfxwss.connection:_stop_timers(): Timers stopped.
DEBUG:btfxwss.queue_processor:_handle_book: book - [135, [6448.2, 0, 1]] - 1541859472.63694
DEBUG:btfxwss.queue_processor:ts: 1541859472.63694	chan_id: 135	data: [[6448.2, 0, 1]]
DEBUG:btfxwss.connection:_stop_timers(): Timers stopped.
DEBUG:btfxwss.connection:_on_message(): Received new message [135,[6448.7,2,0.64433628]] at 1541859472.638227
DEBUG:btfxwss.connection:_data_handler(): Passing [135, [6448.7, 2, 0.64433628]] to client..
DEBUG:btfxwss.connection:_start_timers(): Resetting timers..
DEBUG:btfxwss.connection:_stop_timers(): Timers stopped.
DEBUG:btfxwss.queue_processor:_handle_book: book - [135, [6448.7, 2, 0.64433628]] - 1541859472.638227
DEBUG:btfxwss.queue_processor:ts: 1541859472.638227	chan_id: 135	data: [[6448.7, 2, 0.64433628]]
DEBUG:btfxwss.connection:_stop_timers(): Timers stopped.
DEBUG:btfxwss.connection:_on_message(): Received new message [135,[6444.7,2,0.37068289]] at 1541859472.6394958
DEBUG:btfxwss.connection:_data_handler(): Passing [135, [6444.7, 2, 0.37068289]] to client..
DEBUG:btfxwss.connection:_start_timers(): Resetting timers..
DEBUG:btfxwss.connection:_stop_timers(): Timers stopped.
DEBUG:btfxwss.queue_processor:_handle_book: book - [135, [6444.7, 2, 0.37068289]] - 1541859472.6394958
DEBUG:btfxwss.queue_processor:ts: 1541859472.6394958	chan_id: 135	data: [[6444.7, 2, 0.37068289]]
DEBUG:btfxwss.connection:_stop_timers(): Timers stopped.
DEBUG:btfxwss.connection:_on_message(): Received new message [135,[6444.6,3,1.91043006]] at 1541859472.6407008
DEBUG:btfxwss.connection:_data_handler(): Passing [135, [6444.6, 3, 1.91043006]] to client..
DEBUG:btfxwss.connection:_start_timers(): Resetting timers..
DEBUG:btfxwss.connection:_stop_timers(): Timers stopped.
DEBUG:btfxwss.queue_processor:_handle_book: book - [135, [6444.6, 3, 1.91043006]] - 1541859472.6407008
DEBUG:btfxwss.queue_processor:ts: 1541859472.6407008	chan_id: 135	data: [[6444.6, 3, 1.91043006]]
DEBUG:btfxwss.connection:_stop_timers(): Timers stopped.
DEBUG:btfxwss.connection:_on_message(): Received new message [135,[6444.2,1,0.5]] at 1541859472.64186
DEBUG:btfxwss.connection:_data_handler(): Passing [135, [6444.2, 1, 0.5]] to client..
DEBUG:btfxwss.connection:_start_timers(): Resetting timers..
DEBUG:btfxwss.connection:_stop_timers(): Timers stopped.
DEBUG:btfxwss.queue_processor:_handle_book: book - [135, [6444.2, 1, 0.5]] - 1541859472.64186
DEBUG:btfxwss.queue_processor:ts: 1541859472.64186	chan_id: 135	data: [[6444.2, 1, 0.5]]
DEBUG:btfxwss.connection:_stop_timers(): Timers stopped.
DEBUG:btfxwss.connection:_on_message(): Received new message [135,[6443.3,1,4.80177695]] at 1541859472.643039
DEBUG:btfxwss.connection:_data_handler(): Passing [135, [6443.3, 1, 4.80177695]] to client..
DEBUG:btfxwss.connection:_start_timers(): Resetting timers..
DEBUG:btfxwss.connection:_stop_timers(): Timers stopped.
DEBUG:btfxwss.queue_processor:_handle_book: book - [135, [6443.3, 1, 4.80177695]] - 1541859472.643039
DEBUG:btfxwss.queue_processor:ts: 1541859472.643039	chan_id: 135	data: [[6443.3, 1, 4.80177695]]
DEBUG:btfxwss.connection:_stop_timers(): Timers stopped.
DEBUG:btfxwss.connection:_on_message(): Received new message [135,[6448.8,4,-10.85076087]] at 1541859472.6442082
DEBUG:btfxwss.connection:_data_handler(): Passing [135, [6448.8, 4, -10.85076087]] to client..
DEBUG:btfxwss.connection:_start_timers(): Resetting timers..
DEBUG:btfxwss.connection:_stop_timers(): Timers stopped.
DEBUG:btfxwss.queue_processor:_handle_book: book - [135, [6448.8, 4, -10.85076087]] - 1541859472.6442082
DEBUG:btfxwss.queue_processor:ts: 1541859472.6442082	chan_id: 135	data: [[6448.8, 4, -10.85076087]]
DEBUG:btfxwss.connection:_stop_timers(): Timers stopped.
DEBUG:btfxwss.connection:_on_message(): Received new message [2201921,[18888565799,0,1]] at 1541859472.6453881
DEBUG:btfxwss.connection:_data_handler(): Passing [2201921, [18888565799, 0, 1]] to client..
DEBUG:btfxwss.connection:_start_timers(): Resetting timers..
DEBUG:btfxwss.connection:_stop_timers(): Timers stopped.
DEBUG:btfxwss.queue_processor:_handle_raw_book: raw_book - [2201921, [18888565799, 0, 1]] - 1541859472.6453881
DEBUG:btfxwss.connection:_stop_timers(): Timers stopped.
DEBUG:btfxwss.connection:_on_message(): Received new message [2201921,[18888565609,0,1]] at 1541859472.6464798
DEBUG:btfxwss.connection:_data_handler(): Passing [2201921, [18888565609, 0, 1]] to client..
DEBUG:btfxwss.connection:_start_timers(): Resetting timers..
DEBUG:btfxwss.connection:_stop_timers(): Timers stopped.
DEBUG:btfxwss.queue_processor:_handle_raw_book: raw_book - [2201921, [18888565609, 0, 1]] - 1541859472.6464798
DEBUG:btfxwss.connection:_stop_timers(): Timers stopped.
DEBUG:btfxwss.connection:_on_message(): Received new message [2201921,[18888565912,0,-1]] at 1541859472.647541
DEBUG:btfxwss.connection:_data_handler(): Passing [2201921, [18888565912, 0, -1]] to client..
DEBUG:btfxwss.connection:_start_timers(): Resetting timers..
DEBUG:btfxwss.connection:_stop_timers(): Timers stopped.
DEBUG:btfxwss.queue_processor:_handle_raw_book: raw_book - [2201921, [18888565912, 0, -1]] - 1541859472.647541
DEBUG:btfxwss.connection:_stop_timers(): Timers stopped.
DEBUG:btfxwss.connection:_on_message(): Received new message [2201921,[18888566079,6448.7,0.62417734]] at 1541859472.648602
DEBUG:btfxwss.connection:_data_handler(): Passing [2201921, [18888566079, 6448.7, 0.62417734]] to client..
DEBUG:btfxwss.connection:_start_timers(): Resetting timers..
DEBUG:btfxwss.connection:_stop_timers(): Timers stopped.
DEBUG:btfxwss.queue_processor:_handle_raw_book: raw_book - [2201921, [18888566079, 6448.7, 0.62417734]] - 1541859472.648602
DEBUG:btfxwss.connection:_stop_timers(): Timers stopped.
DEBUG:btfxwss.connection:_on_message(): Received new message [2201921,[18888565938,6445.2,0.2]] at 1541859472.649757
DEBUG:btfxwss.connection:_data_handler(): Passing [2201921, [18888565938, 6445.2, 0.2]] to client..
DEBUG:btfxwss.connection:_start_timers(): Resetting timers..
DEBUG:btfxwss.connection:_stop_timers(): Timers stopped.
DEBUG:btfxwss.queue_processor:_handle_raw_book: raw_book - [2201921, [18888565938, 6445.2, 0.2]] - 1541859472.649757
DEBUG:btfxwss.connection:_stop_timers(): Timers stopped.
DEBUG:btfxwss.connection:_on_message(): Received new message [2201921,[18887228980,6452.5,-0.2]] at 1541859472.650843
DEBUG:btfxwss.connection:_data_handler(): Passing [2201921, [18887228980, 6452.5, -0.2]] to client..
DEBUG:btfxwss.connection:_start_timers(): Resetting timers..
DEBUG:btfxwss.connection:_stop_timers(): Timers stopped.
DEBUG:btfxwss.queue_processor:_handle_raw_book: raw_book - [2201921, [18887228980, 6452.5, -0.2]] - 1541859472.650843
DEBUG:btfxwss.connection:_stop_timers(): Timers stopped.
DEBUG:btfxwss.connection:_on_message(): Received new message [135,[6443.3,0,1]] at 1541859472.942752
DEBUG:btfxwss.connection:_data_handler(): Passing [135, [6443.3, 0, 1]] to client..
DEBUG:btfxwss.connection:_start_timers(): Resetting timers..
DEBUG:btfxwss.connection:_stop_timers(): Timers stopped.
DEBUG:btfxwss.queue_processor:_handle_book: book - [135, [6443.3, 0, 1]] - 1541859472.942752
DEBUG:btfxwss.queue_processor:ts: 1541859472.942752	chan_id: 135	data: [[6443.3, 0, 1]]
DEBUG:btfxwss.connection:_stop_timers(): Timers stopped.
DEBUG:btfxwss.connection:_on_message(): Received new message [135,[6454.3,0,-1]] at 1541859472.9445848
DEBUG:btfxwss.connection:_data_handler(): Passing [135, [6454.3, 0, -1]] to client..
DEBUG:btfxwss.connection:_start_timers(): Resetting timers..
DEBUG:btfxwss.connection:_stop_timers(): Timers stopped.
DEBUG:btfxwss.queue_processor:_handle_book: book - [135, [6454.3, 0, -1]] - 1541859472.9445848
DEBUG:btfxwss.queue_processor:ts: 1541859472.9445848	chan_id: 135	data: [[6454.3, 0, -1]]
DEBUG:btfxwss.connection:_stop_timers(): Timers stopped.
DEBUG:btfxwss.connection:_on_message(): Received new message [135,[6447.6,1,0.16]] at 1541859472.945934
DEBUG:btfxwss.connection:_data_handler(): Passing [135, [6447.6, 1, 0.16]] to client..
DEBUG:btfxwss.connection:_start_timers(): Resetting timers..
DEBUG:btfxwss.connection:_stop_timers(): Timers stopped.
DEBUG:btfxwss.queue_processor:_handle_book: book - [135, [6447.6, 1, 0.16]] - 1541859472.945934
DEBUG:btfxwss.queue_processor:ts: 1541859472.945934	chan_id: 135	data: [[6447.6, 1, 0.16]]
DEBUG:btfxwss.connection:_stop_timers(): Timers stopped.
DEBUG:btfxwss.connection:_on_message(): Received new message [135,[6444.7,1,0.2]] at 1541859472.9473379
DEBUG:btfxwss.connection:_data_handler(): Passing [135, [6444.7, 1, 0.2]] to client..
DEBUG:btfxwss.connection:_start_timers(): Resetting timers..
DEBUG:btfxwss.connection:_stop_timers(): Timers stopped.
DEBUG:btfxwss.queue_processor:_handle_book: book - [135, [6444.7, 1, 0.2]] - 1541859472.9473379
DEBUG:btfxwss.queue_processor:ts: 1541859472.9473379	chan_id: 135	data: [[6444.7, 1, 0.2]]
DEBUG:btfxwss.connection:_stop_timers(): Timers stopped.
DEBUG:btfxwss.connection:_on_message(): Received new message [135,[6444.6,4,2.0811156]] at 1541859472.94867
DEBUG:btfxwss.connection:_data_handler(): Passing [135, [6444.6, 4, 2.0811156]] to client..
DEBUG:btfxwss.connection:_start_timers(): Resetting timers..
DEBUG:btfxwss.connection:_stop_timers(): Timers stopped.
DEBUG:btfxwss.queue_processor:_handle_book: book - [135, [6444.6, 4, 2.0811156]] - 1541859472.94867
DEBUG:btfxwss.queue_processor:ts: 1541859472.94867	chan_id: 135	data: [[6444.6, 4, 2.0811156]]
DEBUG:btfxwss.connection:_stop_timers(): Timers stopped.
DEBUG:btfxwss.connection:_on_message(): Received new message [135,[6452,2,-6.40048977]] at 1541859472.9498749
DEBUG:btfxwss.connection:_data_handler(): Passing [135, [6452, 2, -6.40048977]] to client..
DEBUG:btfxwss.connection:_start_timers(): Resetting timers..
DEBUG:btfxwss.connection:_stop_timers(): Timers stopped.
DEBUG:btfxwss.queue_processor:_handle_book: book - [135, [6452, 2, -6.40048977]] - 1541859472.9498749
DEBUG:btfxwss.queue_processor:ts: 1541859472.9498749	chan_id: 135	data: [[6452, 2, -6.40048977]]
DEBUG:btfxwss.connection:_stop_timers(): Timers stopped.
DEBUG:btfxwss.connection:_on_message(): Received new message [135,[6453.4,1,-0.1]] at 1541859472.951201
DEBUG:btfxwss.connection:_data_handler(): Passing [135, [6453.4, 1, -0.1]] to client..
DEBUG:btfxwss.connection:_start_timers(): Resetting timers..
DEBUG:btfxwss.connection:_stop_timers(): Timers stopped.
DEBUG:btfxwss.queue_processor:_handle_book: book - [135, [6453.4, 1, -0.1]] - 1541859472.951201
DEBUG:btfxwss.queue_processor:ts: 1541859472.951201	chan_id: 135	data: [[6453.4, 1, -0.1]]
DEBUG:btfxwss.connection:_stop_timers(): Timers stopped.
DEBUG:btfxwss.connection:_on_message(): Received new message [2201921,[18888565938,0,1]] at 1541859472.952439
DEBUG:btfxwss.connection:_data_handler(): Passing [2201921, [18888565938, 0, 1]] to client..
DEBUG:btfxwss.connection:_start_timers(): Resetting timers..
DEBUG:btfxwss.connection:_stop_timers(): Timers stopped.
DEBUG:btfxwss.queue_processor:_handle_raw_book: raw_book - [2201921, [18888565938, 0, 1]] - 1541859472.952439
DEBUG:btfxwss.connection:_stop_timers(): Timers stopped.
DEBUG:btfxwss.connection:_on_message(): Received new message [2201921,[18887228980,0,-1]] at 1541859472.953598
DEBUG:btfxwss.connection:_data_handler(): Passing [2201921, [18887228980, 0, -1]] to client..
DEBUG:btfxwss.connection:_start_timers(): Resetting timers..
DEBUG:btfxwss.connection:_stop_timers(): Timers stopped.
DEBUG:btfxwss.queue_processor:_handle_raw_book: raw_book - [2201921, [18887228980, 0, -1]] - 1541859472.953598
DEBUG:btfxwss.connection:_stop_timers(): Timers stopped.
DEBUG:btfxwss.connection:_on_message(): Received new message [2201921,[18888566189,6447.6,0.16]] at 1541859472.9547331
DEBUG:btfxwss.connection:_data_handler(): Passing [2201921, [18888566189, 6447.6, 0.16]] to client..
DEBUG:btfxwss.connection:_start_timers(): Resetting timers..
DEBUG:btfxwss.connection:_stop_timers(): Timers stopped.
DEBUG:btfxwss.queue_processor:_handle_raw_book: raw_book - [2201921, [18888566189, 6447.6, 0.16]] - 1541859472.9547331
DEBUG:btfxwss.connection:_stop_timers(): Timers stopped.
DEBUG:btfxwss.connection:_on_message(): Received new message [2201921,[18888566217,6452,-6.23]] at 1541859472.9558809
DEBUG:btfxwss.connection:_data_handler(): Passing [2201921, [18888566217, 6452, -6.23]] to client..
DEBUG:btfxwss.connection:_start_timers(): Resetting timers..
DEBUG:btfxwss.connection:_stop_timers(): Timers stopped.
DEBUG:btfxwss.queue_processor:_handle_raw_book: raw_book - [2201921, [18888566217, 6452, -6.23]] - 1541859472.9558809
DEBUG:btfxwss.connection:_stop_timers(): Timers stopped.
DEBUG:btfxwss.connection:_on_message(): Received new message [135,[6446.2,0,1]] at 1541859473.250088
DEBUG:btfxwss.connection:_data_handler(): Passing [135, [6446.2, 0, 1]] to client..
DEBUG:btfxwss.connection:_start_timers(): Resetting timers..
DEBUG:btfxwss.connection:_stop_timers(): Timers stopped.
DEBUG:btfxwss.queue_processor:_handle_book: book - [135, [6446.2, 0, 1]] - 1541859473.250088
DEBUG:btfxwss.queue_processor:ts: 1541859473.250088	chan_id: 135	data: [[6446.2, 0, 1]]
DEBUG:btfxwss.connection:_stop_timers(): Timers stopped.
DEBUG:btfxwss.connection:_on_message(): Received new message [135,[6452.2,0,-1]] at 1541859473.2519062
DEBUG:btfxwss.connection:_data_handler(): Passing [135, [6452.2, 0, -1]] to client..
DEBUG:btfxwss.connection:_start_timers(): Resetting timers..
DEBUG:btfxwss.connection:_stop_timers(): Timers stopped.
DEBUG:btfxwss.queue_processor:_handle_book: book - [135, [6452.2, 0, -1]] - 1541859473.2519062
DEBUG:btfxwss.queue_processor:ts: 1541859473.2519062	chan_id: 135	data: [[6452.2, 0, -1]]
DEBUG:btfxwss.connection:_stop_timers(): Timers stopped.
DEBUG:btfxwss.connection:_on_message(): Received new message [135,[6446.1,1,0.17064582]] at 1541859473.253506
DEBUG:btfxwss.connection:_data_handler(): Passing [135, [6446.1, 1, 0.17064582]] to client..
DEBUG:btfxwss.connection:_start_timers(): Resetting timers..
DEBUG:btfxwss.connection:_stop_timers(): Timers stopped.
DEBUG:btfxwss.queue_processor:_handle_book: book - [135, [6446.1, 1, 0.17064582]] - 1541859473.253506
DEBUG:btfxwss.queue_processor:ts: 1541859473.253506	chan_id: 135	data: [[6446.1, 1, 0.17064582]]
DEBUG:btfxwss.connection:_stop_timers(): Timers stopped.
DEBUG:btfxwss.connection:_on_message(): Received new message [135,[6444.7,2,0.37068289]] at 1541859473.2550662
DEBUG:btfxwss.connection:_data_handler(): Passing [135, [6444.7, 2, 0.37068289]] to client..
DEBUG:btfxwss.connection:_start_timers(): Resetting timers..
DEBUG:btfxwss.queue_processor:_handle_book: book - [135, [6444.7, 2, 0.37068289]] - 1541859473.2550662
DEBUG:btfxwss.connection:_stop_timers(): Timers stopped.
DEBUG:btfxwss.queue_processor:ts: 1541859473.2550662	chan_id: 135	data: [[6444.7, 2, 0.37068289]]
DEBUG:btfxwss.connection:_stop_timers(): Timers stopped.
DEBUG:btfxwss.connection:_on_message(): Received new message [135,[6444.6,3,1.91043006]] at 1541859473.2564118
DEBUG:btfxwss.connection:_data_handler(): Passing [135, [6444.6, 3, 1.91043006]] to client..
DEBUG:btfxwss.connection:_start_timers(): Resetting timers..
DEBUG:btfxwss.connection:_stop_timers(): Timers stopped.
DEBUG:btfxwss.queue_processor:_handle_book: book - [135, [6444.6, 3, 1.91043006]] - 1541859473.2564118
DEBUG:btfxwss.queue_processor:ts: 1541859473.2564118	chan_id: 135	data: [[6444.6, 3, 1.91043006]]
DEBUG:btfxwss.connection:_stop_timers(): Timers stopped.
DEBUG:btfxwss.connection:_on_message(): Received new message [135,[6450.8,1,-1]] at 1541859473.25765
DEBUG:btfxwss.connection:_data_handler(): Passing [135, [6450.8, 1, -1]] to client..
DEBUG:btfxwss.connection:_start_timers(): Resetting timers..
DEBUG:btfxwss.connection:_stop_timers(): Timers stopped.
DEBUG:btfxwss.queue_processor:_handle_book: book - [135, [6450.8, 1, -1]] - 1541859473.25765
DEBUG:btfxwss.queue_processor:ts: 1541859473.25765	chan_id: 135	data: [[6450.8, 1, -1]]
DEBUG:btfxwss.connection:_stop_timers(): Timers stopped.
DEBUG:btfxwss.connection:_on_message(): Received new message [2201921,[18888553588,0,-1]] at 1541859473.258924
DEBUG:btfxwss.connection:_data_handler(): Passing [2201921, [18888553588, 0, -1]] to client..
DEBUG:btfxwss.connection:_start_timers(): Resetting timers..
DEBUG:btfxwss.connection:_stop_timers(): Timers stopped.
DEBUG:btfxwss.queue_processor:_handle_raw_book: raw_book - [2201921, [18888553588, 0, -1]] - 1541859473.258924
DEBUG:btfxwss.connection:_stop_timers(): Timers stopped.
DEBUG:btfxwss.connection:_on_message(): Received new message [2201921,[18888548407,6446.1,0.17064582]] at 1541859473.260104
DEBUG:btfxwss.connection:_data_handler(): Passing [2201921, [18888548407, 6446.1, 0.17064582]] to client..
DEBUG:btfxwss.connection:_start_timers(): Resetting timers..
DEBUG:btfxwss.queue_processor:_handle_raw_book: raw_book - [2201921, [18888548407, 6446.1, 0.17064582]] - 1541859473.260104
DEBUG:btfxwss.connection:_stop_timers(): Timers stopped.
DEBUG:btfxwss.connection:_stop_timers(): Timers stopped.
DEBUG:btfxwss.connection:_on_message(): Received new message [2201921,[18888566333,6450.8,-1]] at 1541859473.261405
DEBUG:btfxwss.connection:_data_handler(): Passing [2201921, [18888566333, 6450.8, -1]] to client..
DEBUG:btfxwss.connection:_start_timers(): Resetting timers..
DEBUG:btfxwss.connection:_stop_timers(): Timers stopped.
DEBUG:btfxwss.queue_processor:_handle_raw_book: raw_book - [2201921, [18888566333, 6450.8, -1]] - 1541859473.261405
DEBUG:btfxwss.connection:_stop_timers(): Timers stopped.
DEBUG:btfxwss.connection:_on_message(): Received new message [135,[6447.5,0,1]] at 1541859473.864268
DEBUG:btfxwss.connection:_data_handler(): Passing [135, [6447.5, 0, 1]] to client..
DEBUG:btfxwss.connection:_start_timers(): Resetting timers..
DEBUG:btfxwss.connection:_stop_timers(): Timers stopped.
DEBUG:btfxwss.queue_processor:_handle_book: book - [135, [6447.5, 0, 1]] - 1541859473.864268
DEBUG:btfxwss.queue_processor:ts: 1541859473.864268	chan_id: 135	data: [[6447.5, 0, 1]]
DEBUG:btfxwss.connection:_stop_timers(): Timers stopped.
DEBUG:btfxwss.connection:_on_message(): Received new message [135,[6448.7,1,0.02015894]] at 1541859473.866169
DEBUG:btfxwss.connection:_data_handler(): Passing [135, [6448.7, 1, 0.02015894]] to client..
DEBUG:btfxwss.connection:_start_timers(): Resetting timers..
DEBUG:btfxwss.connection:_stop_timers(): Timers stopped.
DEBUG:btfxwss.queue_processor:_handle_book: book - [135, [6448.7, 1, 0.02015894]] - 1541859473.866169
DEBUG:btfxwss.queue_processor:ts: 1541859473.866169	chan_id: 135	data: [[6448.7, 1, 0.02015894]]
DEBUG:btfxwss.connection:_stop_timers(): Timers stopped.
DEBUG:btfxwss.connection:_on_message(): Received new message [135,[6448.4,1,0.62417734]] at 1541859473.867845
DEBUG:btfxwss.connection:_data_handler(): Passing [135, [6448.4, 1, 0.62417734]] to client..
DEBUG:btfxwss.connection:_start_timers(): Resetting timers..
DEBUG:btfxwss.connection:_stop_timers(): Timers stopped.
DEBUG:btfxwss.queue_processor:_handle_book: book - [135, [6448.4, 1, 0.62417734]] - 1541859473.867845
DEBUG:btfxwss.queue_processor:ts: 1541859473.867845	chan_id: 135	data: [[6448.4, 1, 0.62417734]]
DEBUG:btfxwss.connection:_stop_timers(): Timers stopped.
DEBUG:btfxwss.connection:_on_message(): Received new message [2201921,[18888566079,0,1]] at 1541859473.869477
DEBUG:btfxwss.connection:_data_handler(): Passing [2201921, [18888566079, 0, 1]] to client..
DEBUG:btfxwss.connection:_start_timers(): Resetting timers..
DEBUG:btfxwss.connection:_stop_timers(): Timers stopped.
DEBUG:btfxwss.queue_processor:_handle_raw_book: raw_book - [2201921, [18888566079, 0, 1]] - 1541859473.869477
DEBUG:btfxwss.connection:_stop_timers(): Timers stopped.
DEBUG:btfxwss.connection:_on_message(): Received new message [2201921,[18888562453,0,1]] at 1541859473.870707
DEBUG:btfxwss.connection:_data_handler(): Passing [2201921, [18888562453, 0, 1]] to client..
DEBUG:btfxwss.connection:_start_timers(): Resetting timers..
DEBUG:btfxwss.connection:_stop_timers(): Timers stopped.
DEBUG:btfxwss.queue_processor:_handle_raw_book: raw_book - [2201921, [18888562453, 0, 1]] - 1541859473.870707
DEBUG:btfxwss.connection:_stop_timers(): Timers stopped.
DEBUG:btfxwss.connection:_on_message(): Received new message [2201921,[18888566420,6448.4,0.62417734]] at 1541859473.8720021
DEBUG:btfxwss.connection:_data_handler(): Passing [2201921, [18888566420, 6448.4, 0.62417734]] to client..
DEBUG:btfxwss.connection:_start_timers(): Resetting timers..
DEBUG:btfxwss.connection:_stop_timers(): Timers stopped.
DEBUG:btfxwss.queue_processor:_handle_raw_book: raw_book - [2201921, [18888566420, 6448.4, 0.62417734]] - 1541859473.8720021
DEBUG:btfxwss.connection:_stop_timers(): Timers stopped.
DEBUG:btfxwss.connection:_on_message(): Received new message [2201921,[18888565938,6445.2,0.2]] at 1541859473.873333
DEBUG:btfxwss.connection:_data_handler(): Passing [2201921, [18888565938, 6445.2, 0.2]] to client..
DEBUG:btfxwss.connection:_start_timers(): Resetting timers..
DEBUG:btfxwss.queue_processor:_handle_raw_book: raw_book - [2201921, [18888565938, 6445.2, 0.2]] - 1541859473.873333
DEBUG:btfxwss.connection:_stop_timers(): Timers stopped.
DEBUG:btfxwss.connection:_stop_timers(): Timers stopped.
DEBUG:btfxwss.connection:_on_message(): Received new message [135,[6446.9,1,0.01177118]] at 1541859473.9916291
DEBUG:btfxwss.connection:_data_handler(): Passing [135, [6446.9, 1, 0.01177118]] to client..
DEBUG:btfxwss.connection:_start_timers(): Resetting timers..
DEBUG:btfxwss.connection:_stop_timers(): Timers stopped.
DEBUG:btfxwss.queue_processor:_handle_book: book - [135, [6446.9, 1, 0.01177118]] - 1541859473.9916291
DEBUG:btfxwss.queue_processor:ts: 1541859473.9916291	chan_id: 135	data: [[6446.9, 1, 0.01177118]]
DEBUG:btfxwss.connection:_stop_timers(): Timers stopped.
DEBUG:btfxwss.connection:_on_message(): Received new message [135,[6446.8,2,0.27062728]] at 1541859473.993438
DEBUG:btfxwss.connection:_data_handler(): Passing [135, [6446.8, 2, 0.27062728]] to client..
DEBUG:btfxwss.connection:_start_timers(): Resetting timers..
DEBUG:btfxwss.connection:_stop_timers(): Timers stopped.
DEBUG:btfxwss.queue_processor:_handle_book: book - [135, [6446.8, 2, 0.27062728]] - 1541859473.993438
DEBUG:btfxwss.queue_processor:ts: 1541859473.993438	chan_id: 135	data: [[6446.8, 2, 0.27062728]]
DEBUG:btfxwss.connection:_stop_timers(): Timers stopped.
DEBUG:btfxwss.connection:_on_message(): Received new message [135,[6444.7,1,0.2]] at 1541859473.994792
DEBUG:btfxwss.connection:_data_handler(): Passing [135, [6444.7, 1, 0.2]] to client..
DEBUG:btfxwss.connection:_start_timers(): Resetting timers..
DEBUG:btfxwss.connection:_stop_timers(): Timers stopped.
DEBUG:btfxwss.queue_processor:_handle_book: book - [135, [6444.7, 1, 0.2]] - 1541859473.994792
DEBUG:btfxwss.queue_processor:ts: 1541859473.994792	chan_id: 135	data: [[6444.7, 1, 0.2]]
DEBUG:btfxwss.connection:_stop_timers(): Timers stopped.
DEBUG:btfxwss.connection:_on_message(): Received new message [135,[6444.6,4,2.0811156]] at 1541859473.9965498
DEBUG:btfxwss.connection:_data_handler(): Passing [135, [6444.6, 4, 2.0811156]] to client..
DEBUG:btfxwss.connection:_start_timers(): Resetting timers..
DEBUG:btfxwss.connection:_stop_timers(): Timers stopped.
DEBUG:btfxwss.queue_processor:_handle_book: book - [135, [6444.6, 4, 2.0811156]] - 1541859473.9965498
DEBUG:btfxwss.queue_processor:ts: 1541859473.9965498	chan_id: 135	data: [[6444.6, 4, 2.0811156]]
DEBUG:btfxwss.connection:_stop_timers(): Timers stopped.
DEBUG:btfxwss.connection:_on_message(): Received new message [135,[6448.8,5,-13.25076087]] at 1541859473.9984698
DEBUG:btfxwss.connection:_data_handler(): Passing [135, [6448.8, 5, -13.25076087]] to client..
DEBUG:btfxwss.connection:_start_timers(): Resetting timers..
DEBUG:btfxwss.connection:_stop_timers(): Timers stopped.
DEBUG:btfxwss.queue_processor:_handle_book: book - [135, [6448.8, 5, -13.25076087]] - 1541859473.9984698
DEBUG:btfxwss.queue_processor:ts: 1541859473.9984698	chan_id: 135	data: [[6448.8, 5, -13.25076087]]
DEBUG:btfxwss.connection:_stop_timers(): Timers stopped.
DEBUG:btfxwss.connection:_on_message(): Received new message [2201921,[18888566217,0,-1]] at 1541859474.012047
DEBUG:btfxwss.connection:_data_handler(): Passing [2201921, [18888566217, 0, -1]] to client..
DEBUG:btfxwss.connection:_start_timers(): Resetting timers..
DEBUG:btfxwss.connection:_stop_timers(): Timers stopped.
DEBUG:btfxwss.queue_processor:_handle_raw_book: raw_book - [2201921, [18888566217, 0, -1]] - 1541859474.012047
DEBUG:btfxwss.connection:_stop_timers(): Timers stopped.
DEBUG:btfxwss.connection:_on_message(): Received new message [2201921,[18888548421,6446.8,0.17062729]] at 1541859474.0135272
DEBUG:btfxwss.connection:_data_handler(): Passing [2201921, [18888548421, 6446.8, 0.17062729]] to client..
DEBUG:btfxwss.connection:_start_timers(): Resetting timers..
DEBUG:btfxwss.connection:_stop_timers(): Timers stopped.
DEBUG:btfxwss.queue_processor:_handle_raw_book: raw_book - [2201921, [18888548421, 6446.8, 0.17062729]] - 1541859474.0135272
DEBUG:btfxwss.connection:_stop_timers(): Timers stopped.
DEBUG:btfxwss.connection:_on_message(): Received new message [2201921,[18888566529,6448.8,-2.4]] at 1541859474.015161
DEBUG:btfxwss.connection:_data_handler(): Passing [2201921, [18888566529, 6448.8, -2.4]] to client..
DEBUG:btfxwss.connection:_start_timers(): Resetting timers..
DEBUG:btfxwss.connection:_stop_timers(): Timers stopped.
DEBUG:btfxwss.queue_processor:_handle_raw_book: raw_book - [2201921, [18888566529, 6448.8, -2.4]] - 1541859474.015161
DEBUG:btfxwss.connection:_stop_timers(): Timers stopped.
DEBUG:btfxwss.connection:_on_message(): Received new message [135,[6450.8,0,-1]] at 1541859474.4788191
DEBUG:btfxwss.connection:_data_handler(): Passing [135, [6450.8, 0, -1]] to client..
DEBUG:btfxwss.connection:_start_timers(): Resetting timers..
DEBUG:btfxwss.connection:_stop_timers(): Timers stopped.
DEBUG:btfxwss.queue_processor:_handle_book: book - [135, [6450.8, 0, -1]] - 1541859474.4788191
DEBUG:btfxwss.queue_processor:ts: 1541859474.4788191	chan_id: 135	data: [[6450.8, 0, -1]]
DEBUG:btfxwss.connection:_stop_timers(): Timers stopped.
DEBUG:btfxwss.connection:_on_message(): Received new message [135,[6451.3,0,-1]] at 1541859474.480651
DEBUG:btfxwss.connection:_data_handler(): Passing [135, [6451.3, 0, -1]] to client..
DEBUG:btfxwss.connection:_start_timers(): Resetting timers..
DEBUG:btfxwss.connection:_stop_timers(): Timers stopped.
DEBUG:btfxwss.queue_processor:_handle_book: book - [135, [6451.3, 0, -1]] - 1541859474.480651
DEBUG:btfxwss.queue_processor:ts: 1541859474.480651	chan_id: 135	data: [[6451.3, 0, -1]]
DEBUG:btfxwss.connection:_stop_timers(): Timers stopped.
DEBUG:btfxwss.connection:_on_message(): Received new message [135,[6452.8,0,-1]] at 1541859474.4822478
DEBUG:btfxwss.connection:_data_handler(): Passing [135, [6452.8, 0, -1]] to client..
DEBUG:btfxwss.connection:_start_timers(): Resetting timers..
DEBUG:btfxwss.connection:_stop_timers(): Timers stopped.
DEBUG:btfxwss.queue_processor:_handle_book: book - [135, [6452.8, 0, -1]] - 1541859474.4822478
DEBUG:btfxwss.queue_processor:ts: 1541859474.4822478	chan_id: 135	data: [[6452.8, 0, -1]]
DEBUG:btfxwss.connection:_stop_timers(): Timers stopped.
DEBUG:btfxwss.connection:_on_message(): Received new message [135,[6443.5,1,0.03442341]] at 1541859474.483897
DEBUG:btfxwss.connection:_data_handler(): Passing [135, [6443.5, 1, 0.03442341]] to client..
DEBUG:btfxwss.connection:_start_timers(): Resetting timers..
DEBUG:btfxwss.connection:_stop_timers(): Timers stopped.
DEBUG:btfxwss.queue_processor:_handle_book: book - [135, [6443.5, 1, 0.03442341]] - 1541859474.483897
DEBUG:btfxwss.queue_processor:ts: 1541859474.483897	chan_id: 135	data: [[6443.5, 1, 0.03442341]]
DEBUG:btfxwss.connection:_stop_timers(): Timers stopped.
DEBUG:btfxwss.connection:_on_message(): Received new message [135,[6449.4,2,-1.38479736]] at 1541859474.485263
DEBUG:btfxwss.connection:_data_handler(): Passing [135, [6449.4, 2, -1.38479736]] to client..
DEBUG:btfxwss.connection:_start_timers(): Resetting timers..
DEBUG:btfxwss.queue_processor:_handle_book: book - [135, [6449.4, 2, -1.38479736]] - 1541859474.485263
DEBUG:btfxwss.connection:_stop_timers(): Timers stopped.
DEBUG:btfxwss.queue_processor:ts: 1541859474.485263	chan_id: 135	data: [[6449.4, 2, -1.38479736]]
DEBUG:btfxwss.connection:_stop_timers(): Timers stopped.
DEBUG:btfxwss.connection:_on_message(): Received new message [135,[6449.6,2,-3.17055321]] at 1541859474.486667
DEBUG:btfxwss.connection:_data_handler(): Passing [135, [6449.6, 2, -3.17055321]] to client..
DEBUG:btfxwss.connection:_start_timers(): Resetting timers..
DEBUG:btfxwss.connection:_stop_timers(): Timers stopped.
DEBUG:btfxwss.queue_processor:_handle_book: book - [135, [6449.6, 2, -3.17055321]] - 1541859474.486667
DEBUG:btfxwss.queue_processor:ts: 1541859474.486667	chan_id: 135	data: [[6449.6, 2, -3.17055321]]
DEBUG:btfxwss.connection:_stop_timers(): Timers stopped.
DEBUG:btfxwss.connection:_on_message(): Received new message [135,[6449.8,2,-0.5]] at 1541859474.487909
DEBUG:btfxwss.connection:_data_handler(): Passing [135, [6449.8, 2, -0.5]] to client..
DEBUG:btfxwss.connection:_start_timers(): Resetting timers..
DEBUG:btfxwss.connection:_stop_timers(): Timers stopped.
DEBUG:btfxwss.queue_processor:_handle_book: book - [135, [6449.8, 2, -0.5]] - 1541859474.487909
DEBUG:btfxwss.queue_processor:ts: 1541859474.487909	chan_id: 135	data: [[6449.8, 2, -0.5]]
DEBUG:btfxwss.connection:_stop_timers(): Timers stopped.
DEBUG:btfxwss.connection:_on_message(): Received new message [135,[6450.5,2,-0.37052942]] at 1541859474.4892092
DEBUG:btfxwss.connection:_data_handler(): Passing [135, [6450.5, 2, -0.37052942]] to client..
DEBUG:btfxwss.connection:_start_timers(): Resetting timers..
DEBUG:btfxwss.connection:_stop_timers(): Timers stopped.
DEBUG:btfxwss.queue_processor:_handle_book: book - [135, [6450.5, 2, -0.37052942]] - 1541859474.4892092
DEBUG:btfxwss.queue_processor:ts: 1541859474.4892092	chan_id: 135	data: [[6450.5, 2, -0.37052942]]
DEBUG:btfxwss.connection:_stop_timers(): Timers stopped.
DEBUG:btfxwss.connection:_on_message(): Received new message [135,[6451.1,1,-0.17051356]] at 1541859474.490471
DEBUG:btfxwss.connection:_data_handler(): Passing [135, [6451.1, 1, -0.17051356]] to client..
DEBUG:btfxwss.connection:_start_timers(): Resetting timers..
DEBUG:btfxwss.connection:_stop_timers(): Timers stopped.
DEBUG:btfxwss.queue_processor:_handle_book: book - [135, [6451.1, 1, -0.17051356]] - 1541859474.490471
DEBUG:btfxwss.queue_processor:ts: 1541859474.490471	chan_id: 135	data: [[6451.1, 1, -0.17051356]]
DEBUG:btfxwss.connection:_stop_timers(): Timers stopped.
DEBUG:btfxwss.connection:_on_message(): Received new message [135,[6451.5,1,-1]] at 1541859474.49171
DEBUG:btfxwss.connection:_data_handler(): Passing [135, [6451.5, 1, -1]] to client..
DEBUG:btfxwss.connection:_start_timers(): Resetting timers..
DEBUG:btfxwss.queue_processor:_handle_book: book - [135, [6451.5, 1, -1]] - 1541859474.49171
DEBUG:btfxwss.connection:_stop_timers(): Timers stopped.
DEBUG:btfxwss.queue_processor:ts: 1541859474.49171	chan_id: 135	data: [[6451.5, 1, -1]]
DEBUG:btfxwss.connection:_stop_timers(): Timers stopped.
DEBUG:btfxwss.connection:_on_message(): Received new message [135,[6452.6,2,-0.37047392]] at 1541859474.493008
DEBUG:btfxwss.connection:_data_handler(): Passing [135, [6452.6, 2, -0.37047392]] to client..
DEBUG:btfxwss.connection:_start_timers(): Resetting timers..
DEBUG:btfxwss.connection:_stop_timers(): Timers stopped.
DEBUG:btfxwss.queue_processor:_handle_book: book - [135, [6452.6, 2, -0.37047392]] - 1541859474.493008
DEBUG:btfxwss.queue_processor:ts: 1541859474.493008	chan_id: 135	data: [[6452.6, 2, -0.37047392]]
DEBUG:btfxwss.connection:_stop_timers(): Timers stopped.
DEBUG:btfxwss.connection:_on_message(): Received new message [135,[6454.3,1,-2]] at 1541859474.4943109
DEBUG:btfxwss.connection:_data_handler(): Passing [135, [6454.3, 1, -2]] to client..
DEBUG:btfxwss.connection:_start_timers(): Resetting timers..
DEBUG:btfxwss.connection:_stop_timers(): Timers stopped.
DEBUG:btfxwss.queue_processor:_handle_book: book - [135, [6454.3, 1, -2]] - 1541859474.4943109
DEBUG:btfxwss.queue_processor:ts: 1541859474.4943109	chan_id: 135	data: [[6454.3, 1, -2]]
DEBUG:btfxwss.connection:_stop_timers(): Timers stopped.
DEBUG:btfxwss.connection:_on_message(): Received new message [2201921,[18888558304,0,-1]] at 1541859474.495575
DEBUG:btfxwss.connection:_data_handler(): Passing [2201921, [18888558304, 0, -1]] to client..
DEBUG:btfxwss.connection:_start_timers(): Resetting timers..
DEBUG:btfxwss.connection:_stop_timers(): Timers stopped.
DEBUG:btfxwss.queue_processor:_handle_raw_book: raw_book - [2201921, [18888558304, 0, -1]] - 1541859474.495575
DEBUG:btfxwss.connection:_stop_timers(): Timers stopped.
DEBUG:btfxwss.connection:_on_message(): Received new message [2201921,[18888566333,0,-1]] at 1541859474.496563
DEBUG:btfxwss.connection:_data_handler(): Passing [2201921, [18888566333, 0, -1]] to client..
DEBUG:btfxwss.connection:_start_timers(): Resetting timers..
DEBUG:btfxwss.connection:_stop_timers(): Timers stopped.
DEBUG:btfxwss.queue_processor:_handle_raw_book: raw_book - [2201921, [18888566333, 0, -1]] - 1541859474.496563
DEBUG:btfxwss.connection:_stop_timers(): Timers stopped.
DEBUG:btfxwss.connection:_on_message(): Received new message [2201921,[18888566613,6449.4,-0.86595]] at 1541859474.497559
DEBUG:btfxwss.connection:_data_handler(): Passing [2201921, [18888566613, 6449.4, -0.86595]] to client..
DEBUG:btfxwss.connection:_start_timers(): Resetting timers..
DEBUG:btfxwss.connection:_stop_timers(): Timers stopped.
DEBUG:btfxwss.queue_processor:_handle_raw_book: raw_book - [2201921, [18888566613, 6449.4, -0.86595]] - 1541859474.497559
DEBUG:btfxwss.connection:_stop_timers(): Timers stopped.
DEBUG:btfxwss.connection:_on_message(): Received new message [2201921,[18888548416,6449.6,-0.17055321]] at 1541859474.498561
DEBUG:btfxwss.connection:_data_handler(): Passing [2201921, [18888548416, 6449.6, -0.17055321]] to client..
DEBUG:btfxwss.connection:_start_timers(): Resetting timers..
DEBUG:btfxwss.queue_processor:_handle_raw_book: raw_book - [2201921, [18888548416, 6449.6, -0.17055321]] - 1541859474.498561
DEBUG:btfxwss.connection:_stop_timers(): Timers stopped.
DEBUG:btfxwss.connection:_stop_timers(): Timers stopped.
DEBUG:btfxwss.connection:_on_message(): Received new message [2201921,[18888548389,6451.1,-0.17051356]] at 1541859474.4995751
DEBUG:btfxwss.connection:_data_handler(): Passing [2201921, [18888548389, 6451.1, -0.17051356]] to client..
DEBUG:btfxwss.connection:_start_timers(): Resetting timers..
DEBUG:btfxwss.connection:_stop_timers(): Timers stopped.
DEBUG:btfxwss.queue_processor:_handle_raw_book: raw_book - [2201921, [18888548389, 6451.1, -0.17051356]] - 1541859474.4995751
DEBUG:btfxwss.connection:_stop_timers(): Timers stopped.
DEBUG:btfxwss.connection:_on_message(): Received new message [2201921,[18888566627,6451.5,-1]] at 1541859474.5005639
DEBUG:btfxwss.connection:_data_handler(): Passing [2201921, [18888566627, 6451.5, -1]] to client..
DEBUG:btfxwss.connection:_start_timers(): Resetting timers..
DEBUG:btfxwss.connection:_stop_timers(): Timers stopped.
DEBUG:btfxwss.queue_processor:_handle_raw_book: raw_book - [2201921, [18888566627, 6451.5, -1]] - 1541859474.5005639
DEBUG:btfxwss.connection:_stop_timers(): Timers stopped.
DEBUG:btfxwss.connection:_on_message(): Received new message [135,[6448.4,0,1]] at 1541859474.7874079
DEBUG:btfxwss.connection:_data_handler(): Passing [135, [6448.4, 0, 1]] to client..
DEBUG:btfxwss.connection:_start_timers(): Resetting timers..
DEBUG:btfxwss.connection:_stop_timers(): Timers stopped.
DEBUG:btfxwss.queue_processor:_handle_book: book - [135, [6448.4, 0, 1]] - 1541859474.7874079
DEBUG:btfxwss.queue_processor:ts: 1541859474.7874079	chan_id: 135	data: [[6448.4, 0, 1]]
DEBUG:btfxwss.connection:_stop_timers(): Timers stopped.
DEBUG:btfxwss.connection:_on_message(): Received new message [135,[6448.7,2,0.64433628]] at 1541859474.789095
DEBUG:btfxwss.connection:_data_handler(): Passing [135, [6448.7, 2, 0.64433628]] to client..
DEBUG:btfxwss.connection:_start_timers(): Resetting timers..
DEBUG:btfxwss.connection:_stop_timers(): Timers stopped.
DEBUG:btfxwss.queue_processor:_handle_book: book - [135, [6448.7, 2, 0.64433628]] - 1541859474.789095
DEBUG:btfxwss.queue_processor:ts: 1541859474.789095	chan_id: 135	data: [[6448.7, 2, 0.64433628]]
DEBUG:btfxwss.connection:_stop_timers(): Timers stopped.
DEBUG:btfxwss.connection:_on_message(): Received new message [135,[6446.4,4,2.32513076]] at 1541859474.7903318
DEBUG:btfxwss.connection:_data_handler(): Passing [135, [6446.4, 4, 2.32513076]] to client..
DEBUG:btfxwss.connection:_start_timers(): Resetting timers..
DEBUG:btfxwss.connection:_stop_timers(): Timers stopped.
DEBUG:btfxwss.queue_processor:_handle_book: book - [135, [6446.4, 4, 2.32513076]] - 1541859474.7903318
DEBUG:btfxwss.queue_processor:ts: 1541859474.7903318	chan_id: 135	data: [[6446.4, 4, 2.32513076]]
DEBUG:btfxwss.connection:_stop_timers(): Timers stopped.
DEBUG:btfxwss.connection:_on_message(): Received new message [135,[6445.2,3,3.50904485]] at 1541859474.792305
DEBUG:btfxwss.connection:_data_handler(): Passing [135, [6445.2, 3, 3.50904485]] to client..
DEBUG:btfxwss.connection:_start_timers(): Resetting timers..
DEBUG:btfxwss.connection:_stop_timers(): Timers stopped.
DEBUG:btfxwss.queue_processor:_handle_book: book - [135, [6445.2, 3, 3.50904485]] - 1541859474.792305
DEBUG:btfxwss.queue_processor:ts: 1541859474.792305	chan_id: 135	data: [[6445.2, 3, 3.50904485]]
DEBUG:btfxwss.connection:_stop_timers(): Timers stopped.
DEBUG:btfxwss.connection:_on_message(): Received new message [135,[6445,1,2.48012413]] at 1541859474.793615
DEBUG:btfxwss.connection:_data_handler(): Passing [135, [6445, 1, 2.48012413]] to client..
DEBUG:btfxwss.connection:_start_timers(): Resetting timers..
DEBUG:btfxwss.connection:_stop_timers(): Timers stopped.
DEBUG:btfxwss.queue_processor:_handle_book: book - [135, [6445, 1, 2.48012413]] - 1541859474.793615
DEBUG:btfxwss.queue_processor:ts: 1541859474.793615	chan_id: 135	data: [[6445, 1, 2.48012413]]
DEBUG:btfxwss.connection:_stop_timers(): Timers stopped.
DEBUG:btfxwss.connection:_on_message(): Received new message [135,[6443.9,1,0.62009495]] at 1541859474.794781
DEBUG:btfxwss.connection:_data_handler(): Passing [135, [6443.9, 1, 0.62009495]] to client..
DEBUG:btfxwss.connection:_start_timers(): Resetting timers..
DEBUG:btfxwss.connection:_stop_timers(): Timers stopped.
DEBUG:btfxwss.queue_processor:_handle_book: book - [135, [6443.9, 1, 0.62009495]] - 1541859474.794781
DEBUG:btfxwss.queue_processor:ts: 1541859474.794781	chan_id: 135	data: [[6443.9, 1, 0.62009495]]
DEBUG:btfxwss.connection:_stop_timers(): Timers stopped.
DEBUG:btfxwss.connection:_on_message(): Received new message [135,[6448.8,4,-10.85076087]] at 1541859474.795975
DEBUG:btfxwss.connection:_data_handler(): Passing [135, [6448.8, 4, -10.85076087]] to client..
DEBUG:btfxwss.connection:_start_timers(): Resetting timers..
DEBUG:btfxwss.connection:_stop_timers(): Timers stopped.
DEBUG:btfxwss.queue_processor:_handle_book: book - [135, [6448.8, 4, -10.85076087]] - 1541859474.795975
DEBUG:btfxwss.queue_processor:ts: 1541859474.795975	chan_id: 135	data: [[6448.8, 4, -10.85076087]]
DEBUG:btfxwss.connection:_stop_timers(): Timers stopped.
DEBUG:btfxwss.connection:_on_message(): Received new message [135,[6452.9,2,-0.26993]] at 1541859474.797132
DEBUG:btfxwss.connection:_data_handler(): Passing [135, [6452.9, 2, -0.26993]] to client..
DEBUG:btfxwss.connection:_start_timers(): Resetting timers..
DEBUG:btfxwss.connection:_stop_timers(): Timers stopped.
DEBUG:btfxwss.queue_processor:_handle_book: book - [135, [6452.9, 2, -0.26993]] - 1541859474.797132
DEBUG:btfxwss.queue_processor:ts: 1541859474.797132	chan_id: 135	data: [[6452.9, 2, -0.26993]]
DEBUG:btfxwss.connection:_stop_timers(): Timers stopped.
DEBUG:btfxwss.connection:_on_message(): Received new message [2201921,[18888566420,0,1]] at 1541859474.799349
DEBUG:btfxwss.connection:_data_handler(): Passing [2201921, [18888566420, 0, 1]] to client..
DEBUG:btfxwss.connection:_start_timers(): Resetting timers..
DEBUG:btfxwss.connection:_stop_timers(): Timers stopped.
DEBUG:btfxwss.queue_processor:_handle_raw_book: raw_book - [2201921, [18888566420, 0, 1]] - 1541859474.799349
DEBUG:btfxwss.connection:_stop_timers(): Timers stopped.
DEBUG:btfxwss.connection:_on_message(): Received new message [2201921,[18888555778,0,1]] at 1541859474.801097
DEBUG:btfxwss.connection:_data_handler(): Passing [2201921, [18888555778, 0, 1]] to client..
DEBUG:btfxwss.connection:_start_timers(): Resetting timers..
DEBUG:btfxwss.connection:_stop_timers(): Timers stopped.
DEBUG:btfxwss.queue_processor:_handle_raw_book: raw_book - [2201921, [18888555778, 0, 1]] - 1541859474.801097
DEBUG:btfxwss.connection:_stop_timers(): Timers stopped.
DEBUG:btfxwss.connection:_on_message(): Received new message [2201921,[18888565517,0,1]] at 1541859474.8025532
DEBUG:btfxwss.connection:_data_handler(): Passing [2201921, [18888565517, 0, 1]] to client..
DEBUG:btfxwss.connection:_start_timers(): Resetting timers..
DEBUG:btfxwss.connection:_stop_timers(): Timers stopped.
DEBUG:btfxwss.queue_processor:_handle_raw_book: raw_book - [2201921, [18888565517, 0, 1]] - 1541859474.8025532
DEBUG:btfxwss.connection:_stop_timers(): Timers stopped.
DEBUG:btfxwss.connection:_on_message(): Received new message [2201921,[18888566529,0,-1]] at 1541859474.80384
DEBUG:btfxwss.connection:_data_handler(): Passing [2201921, [18888566529, 0, -1]] to client..
DEBUG:btfxwss.connection:_start_timers(): Resetting timers..
DEBUG:btfxwss.connection:_stop_timers(): Timers stopped.
DEBUG:btfxwss.queue_processor:_handle_raw_book: raw_book - [2201921, [18888566529, 0, -1]] - 1541859474.80384
DEBUG:btfxwss.connection:_stop_timers(): Timers stopped.
DEBUG:btfxwss.connection:_on_message(): Received new message [2201921,[18888566723,6448.7,0.62417734]] at 1541859474.80498
DEBUG:btfxwss.connection:_data_handler(): Passing [2201921, [18888566723, 6448.7, 0.62417734]] to client..
DEBUG:btfxwss.connection:_start_timers(): Resetting timers..
DEBUG:btfxwss.connection:_stop_timers(): Timers stopped.
DEBUG:btfxwss.queue_processor:_handle_raw_book: raw_book - [2201921, [18888566723, 6448.7, 0.62417734]] - 1541859474.80498
DEBUG:btfxwss.connection:_stop_timers(): Timers stopped.
DEBUG:btfxwss.connection:_on_message(): Received new message [2201921,[18888566801,6445,2.48012413]] at 1541859474.8061068
DEBUG:btfxwss.connection:_data_handler(): Passing [2201921, [18888566801, 6445, 2.48012413]] to client..
DEBUG:btfxwss.connection:_start_timers(): Resetting timers..
DEBUG:btfxwss.connection:_stop_timers(): Timers stopped.
DEBUG:btfxwss.queue_processor:_handle_raw_book: raw_book - [2201921, [18888566801, 6445, 2.48012413]] - 1541859474.8061068
DEBUG:btfxwss.connection:_stop_timers(): Timers stopped.
DEBUG:btfxwss.connection:_on_message(): Received new message [2201921,[18888565555,6444.90552933,0.2]] at 1541859474.807371
DEBUG:btfxwss.connection:_data_handler(): Passing [2201921, [18888565555, 6444.90552933, 0.2]] to client..
DEBUG:btfxwss.connection:_start_timers(): Resetting timers..
DEBUG:btfxwss.connection:_stop_timers(): Timers stopped.
DEBUG:btfxwss.queue_processor:_handle_raw_book: raw_book - [2201921, [18888565555, 6444.90552933, 0.2]] - 1541859474.807371
DEBUG:btfxwss.connection:_stop_timers(): Timers stopped.
DEBUG:btfxwss.connection:_on_message(): Received new message [2201921,[18888566217,6452,-6.23]] at 1541859474.809064
DEBUG:btfxwss.connection:_data_handler(): Passing [2201921, [18888566217, 6452, -6.23]] to client..
DEBUG:btfxwss.connection:_start_timers(): Resetting timers..
DEBUG:btfxwss.connection:_stop_timers(): Timers stopped.
DEBUG:btfxwss.queue_processor:_handle_raw_book: raw_book - [2201921, [18888566217, 6452, -6.23]] - 1541859474.809064
DEBUG:btfxwss.connection:_stop_timers(): Timers stopped.
DEBUG:btfxwss.connection:_on_message(): Received new message [135,[6446.1,0,1]] at 1541859475.400507
DEBUG:btfxwss.connection:_data_handler(): Passing [135, [6446.1, 0, 1]] to client..
DEBUG:btfxwss.connection:_start_timers(): Resetting timers..
DEBUG:btfxwss.connection:_stop_timers(): Timers stopped.
DEBUG:btfxwss.queue_processor:_handle_book: book - [135, [6446.1, 0, 1]] - 1541859475.400507
DEBUG:btfxwss.queue_processor:ts: 1541859475.400507	chan_id: 135	data: [[6446.1, 0, 1]]
DEBUG:btfxwss.connection:_stop_timers(): Timers stopped.
DEBUG:btfxwss.connection:_on_message(): Received new message [135,[6443.8,0,1]] at 1541859475.402356
DEBUG:btfxwss.connection:_data_handler(): Passing [135, [6443.8, 0, 1]] to client..
DEBUG:btfxwss.connection:_start_timers(): Resetting timers..
DEBUG:btfxwss.connection:_stop_timers(): Timers stopped.
DEBUG:btfxwss.queue_processor:_handle_book: book - [135, [6443.8, 0, 1]] - 1541859475.402356
DEBUG:btfxwss.queue_processor:ts: 1541859475.402356	chan_id: 135	data: [[6443.8, 0, 1]]
DEBUG:btfxwss.connection:_stop_timers(): Timers stopped.
DEBUG:btfxwss.connection:_on_message(): Received new message [135,[6443.7,0,1]] at 1541859475.403981
DEBUG:btfxwss.connection:_data_handler(): Passing [135, [6443.7, 0, 1]] to client..
DEBUG:btfxwss.connection:_start_timers(): Resetting timers..
DEBUG:btfxwss.queue_processor:_handle_book: book - [135, [6443.7, 0, 1]] - 1541859475.403981
DEBUG:btfxwss.connection:_stop_timers(): Timers stopped.
DEBUG:btfxwss.queue_processor:ts: 1541859475.403981	chan_id: 135	data: [[6443.7, 0, 1]]
DEBUG:btfxwss.connection:_stop_timers(): Timers stopped.
DEBUG:btfxwss.connection:_on_message(): Received new message [135,[6443.5,0,1]] at 1541859475.405571
DEBUG:btfxwss.connection:_data_handler(): Passing [135, [6443.5, 0, 1]] to client..
DEBUG:btfxwss.connection:_start_timers(): Resetting timers..
DEBUG:btfxwss.connection:_stop_timers(): Timers stopped.
DEBUG:btfxwss.queue_processor:_handle_book: book - [135, [6443.5, 0, 1]] - 1541859475.405571
DEBUG:btfxwss.queue_processor:ts: 1541859475.405571	chan_id: 135	data: [[6443.5, 0, 1]]
DEBUG:btfxwss.connection:_stop_timers(): Timers stopped.
DEBUG:btfxwss.connection:_on_message(): Received new message [135,[6451.1,0,-1]] at 1541859475.407135
DEBUG:btfxwss.connection:_data_handler(): Passing [135, [6451.1, 0, -1]] to client..
DEBUG:btfxwss.connection:_start_timers(): Resetting timers..
DEBUG:btfxwss.connection:_stop_timers(): Timers stopped.
DEBUG:btfxwss.queue_processor:_handle_book: book - [135, [6451.1, 0, -1]] - 1541859475.407135
DEBUG:btfxwss.queue_processor:ts: 1541859475.407135	chan_id: 135	data: [[6451.1, 0, -1]]
DEBUG:btfxwss.connection:_stop_timers(): Timers stopped.
DEBUG:btfxwss.connection:_on_message(): Received new message [135,[6451.5,0,-1]] at 1541859475.4085839
DEBUG:btfxwss.connection:_data_handler(): Passing [135, [6451.5, 0, -1]] to client..
DEBUG:btfxwss.connection:_start_timers(): Resetting timers..
DEBUG:btfxwss.queue_processor:_handle_book: book - [135, [6451.5, 0, -1]] - 1541859475.4085839
DEBUG:btfxwss.connection:_stop_timers(): Timers stopped.
DEBUG:btfxwss.queue_processor:ts: 1541859475.4085839	chan_id: 135	data: [[6451.5, 0, -1]]
DEBUG:btfxwss.connection:_stop_timers(): Timers stopped.
DEBUG:btfxwss.connection:_on_message(): Received new message [135,[6454,0,-1]] at 1541859475.4098601
DEBUG:btfxwss.connection:_data_handler(): Passing [135, [6454, 0, -1]] to client..
DEBUG:btfxwss.connection:_start_timers(): Resetting timers..
DEBUG:btfxwss.connection:_stop_timers(): Timers stopped.
DEBUG:btfxwss.queue_processor:_handle_book: book - [135, [6454, 0, -1]] - 1541859475.4098601
DEBUG:btfxwss.queue_processor:ts: 1541859475.4098601	chan_id: 135	data: [[6454, 0, -1]]
DEBUG:btfxwss.connection:_stop_timers(): Timers stopped.
DEBUG:btfxwss.connection:_on_message(): Received new message [135,[6454.3,0,-1]] at 1541859475.411092
DEBUG:btfxwss.connection:_data_handler(): Passing [135, [6454.3, 0, -1]] to client..
DEBUG:btfxwss.connection:_start_timers(): Resetting timers..
DEBUG:btfxwss.connection:_stop_timers(): Timers stopped.
DEBUG:btfxwss.queue_processor:_handle_book: book - [135, [6454.3, 0, -1]] - 1541859475.411092
DEBUG:btfxwss.queue_processor:ts: 1541859475.411092	chan_id: 135	data: [[6454.3, 0, -1]]
DEBUG:btfxwss.connection:_stop_timers(): Timers stopped.
DEBUG:btfxwss.connection:_on_message(): Received new message [135,[6446.8,1,0.1]] at 1541859475.41232
DEBUG:btfxwss.connection:_data_handler(): Passing [135, [6446.8, 1, 0.1]] to client..
DEBUG:btfxwss.connection:_start_timers(): Resetting timers..
DEBUG:btfxwss.connection:_stop_timers(): Timers stopped.
DEBUG:btfxwss.queue_processor:_handle_book: book - [135, [6446.8, 1, 0.1]] - 1541859475.41232
DEBUG:btfxwss.queue_processor:ts: 1541859475.41232	chan_id: 135	data: [[6446.8, 1, 0.1]]
DEBUG:btfxwss.connection:_stop_timers(): Timers stopped.
DEBUG:btfxwss.connection:_on_message(): Received new message [135,[6446.7,1,0.17062993]] at 1541859475.413555
DEBUG:btfxwss.connection:_data_handler(): Passing [135, [6446.7, 1, 0.17062993]] to client..
DEBUG:btfxwss.connection:_start_timers(): Resetting timers..
DEBUG:btfxwss.queue_processor:_handle_book: book - [135, [6446.7, 1, 0.17062993]] - 1541859475.413555
DEBUG:btfxwss.connection:_stop_timers(): Timers stopped.
DEBUG:btfxwss.queue_processor:ts: 1541859475.413555	chan_id: 135	data: [[6446.7, 1, 0.17062993]]
DEBUG:btfxwss.connection:_stop_timers(): Timers stopped.
DEBUG:btfxwss.connection:_on_message(): Received new message [135,[6445.9,1,0.17065111]] at 1541859475.414837
DEBUG:btfxwss.connection:_data_handler(): Passing [135, [6445.9, 1, 0.17065111]] to client..
DEBUG:btfxwss.connection:_start_timers(): Resetting timers..
DEBUG:btfxwss.queue_processor:_handle_book: book - [135, [6445.9, 1, 0.17065111]] - 1541859475.414837
DEBUG:btfxwss.connection:_stop_timers(): Timers stopped.
DEBUG:btfxwss.queue_processor:ts: 1541859475.414837	chan_id: 135	data: [[6445.9, 1, 0.17065111]]
DEBUG:btfxwss.connection:_stop_timers(): Timers stopped.
DEBUG:btfxwss.connection:_on_message(): Received new message [135,[6445.3,1,0.31004315]] at 1541859475.416127
DEBUG:btfxwss.connection:_data_handler(): Passing [135, [6445.3, 1, 0.31004315]] to client..
DEBUG:btfxwss.connection:_start_timers(): Resetting timers..
DEBUG:btfxwss.queue_processor:_handle_book: book - [135, [6445.3, 1, 0.31004315]] - 1541859475.416127
DEBUG:btfxwss.connection:_stop_timers(): Timers stopped.
DEBUG:btfxwss.queue_processor:ts: 1541859475.416127	chan_id: 135	data: [[6445.3, 1, 0.31004315]]
DEBUG:btfxwss.connection:_stop_timers(): Timers stopped.
DEBUG:btfxwss.connection:_on_message(): Received new message [135,[6445.2,2,0.51004485]] at 1541859475.417425
DEBUG:btfxwss.connection:_data_handler(): Passing [135, [6445.2, 2, 0.51004485]] to client..
DEBUG:btfxwss.connection:_start_timers(): Resetting timers..
DEBUG:btfxwss.connection:_stop_timers(): Timers stopped.
DEBUG:btfxwss.queue_processor:_handle_book: book - [135, [6445.2, 2, 0.51004485]] - 1541859475.417425
DEBUG:btfxwss.queue_processor:ts: 1541859475.417425	chan_id: 135	data: [[6445.2, 2, 0.51004485]]
DEBUG:btfxwss.connection:_stop_timers(): Timers stopped.
DEBUG:btfxwss.connection:_on_message(): Received new message [135,[6445.1,1,0.17067229]] at 1541859475.418748
DEBUG:btfxwss.connection:_data_handler(): Passing [135, [6445.1, 1, 0.17067229]] to client..
DEBUG:btfxwss.connection:_start_timers(): Resetting timers..
DEBUG:btfxwss.connection:_stop_timers(): Timers stopped.
DEBUG:btfxwss.queue_processor:_handle_book: book - [135, [6445.1, 1, 0.17067229]] - 1541859475.418748
DEBUG:btfxwss.queue_processor:ts: 1541859475.418748	chan_id: 135	data: [[6445.1, 1, 0.17067229]]
DEBUG:btfxwss.connection:_stop_timers(): Timers stopped.
DEBUG:btfxwss.connection:_on_message(): Received new message [135,[6444.6,3,1.91043006]] at 1541859475.419789
DEBUG:btfxwss.connection:_data_handler(): Passing [135, [6444.6, 3, 1.91043006]] to client..
DEBUG:btfxwss.connection:_start_timers(): Resetting timers..
DEBUG:btfxwss.queue_processor:_handle_book: book - [135, [6444.6, 3, 1.91043006]] - 1541859475.419789
DEBUG:btfxwss.connection:_stop_timers(): Timers stopped.
DEBUG:btfxwss.queue_processor:ts: 1541859475.419789	chan_id: 135	data: [[6444.6, 3, 1.91043006]]
DEBUG:btfxwss.connection:_stop_timers(): Timers stopped.
DEBUG:btfxwss.connection:_on_message(): Received new message [135,[6444.5,2,0.3]] at 1541859475.420865
DEBUG:btfxwss.connection:_data_handler(): Passing [135, [6444.5, 2, 0.3]] to client..
DEBUG:btfxwss.connection:_start_timers(): Resetting timers..
DEBUG:btfxwss.connection:_stop_timers(): Timers stopped.
DEBUG:btfxwss.queue_processor:_handle_book: book - [135, [6444.5, 2, 0.3]] - 1541859475.420865
DEBUG:btfxwss.queue_processor:ts: 1541859475.420865	chan_id: 135	data: [[6444.5, 2, 0.3]]
DEBUG:btfxwss.connection:_stop_timers(): Timers stopped.
DEBUG:btfxwss.connection:_on_message(): Received new message [135,[6444.4,1,0.17069083]] at 1541859475.421906
DEBUG:btfxwss.connection:_data_handler(): Passing [135, [6444.4, 1, 0.17069083]] to client..
DEBUG:btfxwss.connection:_start_timers(): Resetting timers..
DEBUG:btfxwss.queue_processor:_handle_book: book - [135, [6444.4, 1, 0.17069083]] - 1541859475.421906
DEBUG:btfxwss.connection:_stop_timers(): Timers stopped.
DEBUG:btfxwss.queue_processor:ts: 1541859475.421906	chan_id: 135	data: [[6444.4, 1, 0.17069083]]
DEBUG:btfxwss.connection:_stop_timers(): Timers stopped.
DEBUG:btfxwss.connection:_on_message(): Received new message [135,[6448.9,1,-0.17057173]] at 1541859475.422982
DEBUG:btfxwss.connection:_data_handler(): Passing [135, [6448.9, 1, -0.17057173]] to client..
DEBUG:btfxwss.connection:_start_timers(): Resetting timers..
DEBUG:btfxwss.queue_processor:_handle_book: book - [135, [6448.9, 1, -0.17057173]] - 1541859475.422982
DEBUG:btfxwss.connection:_stop_timers(): Timers stopped.
DEBUG:btfxwss.queue_processor:ts: 1541859475.422982	chan_id: 135	data: [[6448.9, 1, -0.17057173]]
DEBUG:btfxwss.connection:_stop_timers(): Timers stopped.
DEBUG:btfxwss.connection:_on_message(): Received new message [135,[6449,1,-0.96]] at 1541859475.424059
DEBUG:btfxwss.connection:_data_handler(): Passing [135, [6449, 1, -0.96]] to client..
DEBUG:btfxwss.connection:_start_timers(): Resetting timers..
DEBUG:btfxwss.connection:_stop_timers(): Timers stopped.
DEBUG:btfxwss.queue_processor:_handle_book: book - [135, [6449, 1, -0.96]] - 1541859475.424059
DEBUG:btfxwss.queue_processor:ts: 1541859475.424059	chan_id: 135	data: [[6449, 1, -0.96]]
DEBUG:btfxwss.connection:_stop_timers(): Timers stopped.
DEBUG:btfxwss.connection:_on_message(): Received new message [135,[6450.4,1,-0.17053206]] at 1541859475.4251032
DEBUG:btfxwss.connection:_data_handler(): Passing [135, [6450.4, 1, -0.17053206]] to client..
DEBUG:btfxwss.connection:_start_timers(): Resetting timers..
DEBUG:btfxwss.connection:_stop_timers(): Timers stopped.
DEBUG:btfxwss.queue_processor:_handle_book: book - [135, [6450.4, 1, -0.17053206]] - 1541859475.4251032
DEBUG:btfxwss.queue_processor:ts: 1541859475.4251032	chan_id: 135	data: [[6450.4, 1, -0.17053206]]
DEBUG:btfxwss.connection:_stop_timers(): Timers stopped.
DEBUG:btfxwss.connection:_on_message(): Received new message [135,[6450.5,1,-0.2]] at 1541859475.426063
DEBUG:btfxwss.connection:_data_handler(): Passing [135, [6450.5, 1, -0.2]] to client..
DEBUG:btfxwss.connection:_start_timers(): Resetting timers..
DEBUG:btfxwss.connection:_stop_timers(): Timers stopped.
DEBUG:btfxwss.queue_processor:_handle_book: book - [135, [6450.5, 1, -0.2]] - 1541859475.426063
DEBUG:btfxwss.queue_processor:ts: 1541859475.426063	chan_id: 135	data: [[6450.5, 1, -0.2]]
DEBUG:btfxwss.connection:_stop_timers(): Timers stopped.
DEBUG:btfxwss.connection:_on_message(): Received new message [135,[6451,3,-10.17356379]] at 1541859475.4270148
DEBUG:btfxwss.connection:_data_handler(): Passing [135, [6451, 3, -10.17356379]] to client..
DEBUG:btfxwss.connection:_start_timers(): Resetting timers..
DEBUG:btfxwss.connection:_stop_timers(): Timers stopped.
DEBUG:btfxwss.queue_processor:_handle_book: book - [135, [6451, 3, -10.17356379]] - 1541859475.4270148
DEBUG:btfxwss.queue_processor:ts: 1541859475.4270148	chan_id: 135	data: [[6451, 3, -10.17356379]]
DEBUG:btfxwss.connection:_stop_timers(): Timers stopped.
DEBUG:btfxwss.connection:_on_message(): Received new message [135,[6451.3,1,-1]] at 1541859475.427964
DEBUG:btfxwss.connection:_data_handler(): Passing [135, [6451.3, 1, -1]] to client..
DEBUG:btfxwss.connection:_start_timers(): Resetting timers..
DEBUG:btfxwss.connection:_stop_timers(): Timers stopped.
DEBUG:btfxwss.queue_processor:_handle_book: book - [135, [6451.3, 1, -1]] - 1541859475.427964
DEBUG:btfxwss.queue_processor:ts: 1541859475.427964	chan_id: 135	data: [[6451.3, 1, -1]]
DEBUG:btfxwss.connection:_stop_timers(): Timers stopped.
DEBUG:btfxwss.connection:_on_message(): Received new message [135,[6451.9,1,-0.17049241]] at 1541859475.4289129
DEBUG:btfxwss.connection:_data_handler(): Passing [135, [6451.9, 1, -0.17049241]] to client..
DEBUG:btfxwss.connection:_start_timers(): Resetting timers..
DEBUG:btfxwss.connection:_stop_timers(): Timers stopped.
DEBUG:btfxwss.queue_processor:_handle_book: book - [135, [6451.9, 1, -0.17049241]] - 1541859475.4289129
DEBUG:btfxwss.queue_processor:ts: 1541859475.4289129	chan_id: 135	data: [[6451.9, 1, -0.17049241]]
DEBUG:btfxwss.connection:_stop_timers(): Timers stopped.
DEBUG:btfxwss.connection:_on_message(): Received new message [135,[6452,1,-6.23]] at 1541859475.429875
DEBUG:btfxwss.connection:_data_handler(): Passing [135, [6452, 1, -6.23]] to client..
DEBUG:btfxwss.connection:_start_timers(): Resetting timers..
DEBUG:btfxwss.connection:_stop_timers(): Timers stopped.
DEBUG:btfxwss.queue_processor:_handle_book: book - [135, [6452, 1, -6.23]] - 1541859475.429875
DEBUG:btfxwss.queue_processor:ts: 1541859475.429875	chan_id: 135	data: [[6452, 1, -6.23]]
DEBUG:btfxwss.connection:_stop_timers(): Timers stopped.
DEBUG:btfxwss.connection:_on_message(): Received new message [2201921,[18888562133,0,1]] at 1541859475.43093
DEBUG:btfxwss.connection:_data_handler(): Passing [2201921, [18888562133, 0, 1]] to client..
DEBUG:btfxwss.connection:_start_timers(): Resetting timers..
DEBUG:btfxwss.connection:_stop_timers(): Timers stopped.
DEBUG:btfxwss.queue_processor:_handle_raw_book: raw_book - [2201921, [18888562133, 0, 1]] - 1541859475.43093
DEBUG:btfxwss.connection:_stop_timers(): Timers stopped.
DEBUG:btfxwss.connection:_on_message(): Received new message [2201921,[18888566627,0,-1]] at 1541859475.431832
DEBUG:btfxwss.connection:_data_handler(): Passing [2201921, [18888566627, 0, -1]] to client..
DEBUG:btfxwss.connection:_start_timers(): Resetting timers..
DEBUG:btfxwss.connection:_stop_timers(): Timers stopped.
DEBUG:btfxwss.queue_processor:_handle_raw_book: raw_book - [2201921, [18888566627, 0, -1]] - 1541859475.431832
DEBUG:btfxwss.connection:_stop_timers(): Timers stopped.
DEBUG:btfxwss.connection:_on_message(): Received new message [2201921,[18888548421,6446.7,0.17062993]] at 1541859475.432727
DEBUG:btfxwss.connection:_data_handler(): Passing [2201921, [18888548421, 6446.7, 0.17062993]] to client..
DEBUG:btfxwss.connection:_start_timers(): Resetting timers..
DEBUG:btfxwss.connection:_stop_timers(): Timers stopped.
DEBUG:btfxwss.queue_processor:_handle_raw_book: raw_book - [2201921, [18888548421, 6446.7, 0.17062993]] - 1541859475.432727
DEBUG:btfxwss.connection:_stop_timers(): Timers stopped.
DEBUG:btfxwss.connection:_on_message(): Received new message [2201921,[18888548407,6445.9,0.17065111]] at 1541859475.4336278
DEBUG:btfxwss.connection:_data_handler(): Passing [2201921, [18888548407, 6445.9, 0.17065111]] to client..
DEBUG:btfxwss.connection:_start_timers(): Resetting timers..
DEBUG:btfxwss.connection:_stop_timers(): Timers stopped.
DEBUG:btfxwss.queue_processor:_handle_raw_book: raw_book - [2201921, [18888548407, 6445.9, 0.17065111]] - 1541859475.4336278
DEBUG:btfxwss.connection:_stop_timers(): Timers stopped.
DEBUG:btfxwss.connection:_on_message(): Received new message [2201921,[18888548397,6445.1,0.17067229]] at 1541859475.434515
DEBUG:btfxwss.connection:_data_handler(): Passing [2201921, [18888548397, 6445.1, 0.17067229]] to client..
DEBUG:btfxwss.connection:_start_timers(): Resetting timers..
DEBUG:btfxwss.connection:_stop_timers(): Timers stopped.
DEBUG:btfxwss.queue_processor:_handle_raw_book: raw_book - [2201921, [18888548397, 6445.1, 0.17067229]] - 1541859475.434515
DEBUG:btfxwss.connection:_stop_timers(): Timers stopped.
DEBUG:btfxwss.connection:_on_message(): Received new message [2201921,[18888563705,6444.9,0.8]] at 1541859475.4353971
DEBUG:btfxwss.connection:_data_handler(): Passing [2201921, [18888563705, 6444.9, 0.8]] to client..
DEBUG:btfxwss.connection:_start_timers(): Resetting timers..
DEBUG:btfxwss.connection:_stop_timers(): Timers stopped.
DEBUG:btfxwss.queue_processor:_handle_raw_book: raw_book - [2201921, [18888563705, 6444.9, 0.8]] - 1541859475.4353971
DEBUG:btfxwss.connection:_stop_timers(): Timers stopped.
DEBUG:btfxwss.connection:_on_message(): Received new message [2201921,[18888548429,6448.9,-0.17057173]] at 1541859475.4363039
DEBUG:btfxwss.connection:_data_handler(): Passing [2201921, [18888548429, 6448.9, -0.17057173]] to client..
DEBUG:btfxwss.connection:_start_timers(): Resetting timers..
DEBUG:btfxwss.connection:_stop_timers(): Timers stopped.
DEBUG:btfxwss.queue_processor:_handle_raw_book: raw_book - [2201921, [18888548429, 6448.9, -0.17057173]] - 1541859475.4363039
DEBUG:btfxwss.connection:_stop_timers(): Timers stopped.
DEBUG:btfxwss.connection:_on_message(): Received new message [2201921,[18888548401,6450.4,-0.17053206]] at 1541859475.437214
DEBUG:btfxwss.connection:_data_handler(): Passing [2201921, [18888548401, 6450.4, -0.17053206]] to client..
DEBUG:btfxwss.connection:_start_timers(): Resetting timers..
DEBUG:btfxwss.connection:_stop_timers(): Timers stopped.
DEBUG:btfxwss.queue_processor:_handle_raw_book: raw_book - [2201921, [18888548401, 6450.4, -0.17053206]] - 1541859475.437214
DEBUG:btfxwss.connection:_stop_timers(): Timers stopped.
DEBUG:btfxwss.connection:_on_message(): Received new message [2201921,[18888548389,6451,-0.1705162]] at 1541859475.4383712
DEBUG:btfxwss.connection:_data_handler(): Passing [2201921, [18888548389, 6451, -0.1705162]] to client..
DEBUG:btfxwss.connection:_start_timers(): Resetting timers..
DEBUG:btfxwss.connection:_stop_timers(): Timers stopped.
DEBUG:btfxwss.queue_processor:_handle_raw_book: raw_book - [2201921, [18888548389, 6451, -0.1705162]] - 1541859475.4383712
DEBUG:btfxwss.connection:_stop_timers(): Timers stopped.
DEBUG:btfxwss.connection:_on_message(): Received new message [2201921,[18888566982,6451.3,-1]] at 1541859475.439271
DEBUG:btfxwss.connection:_data_handler(): Passing [2201921, [18888566982, 6451.3, -1]] to client..
DEBUG:btfxwss.connection:_start_timers(): Resetting timers..
DEBUG:btfxwss.connection:_stop_timers(): Timers stopped.
DEBUG:btfxwss.queue_processor:_handle_raw_book: raw_book - [2201921, [18888566982, 6451.3, -1]] - 1541859475.439271
DEBUG:btfxwss.connection:_stop_timers(): Timers stopped.
DEBUG:btfxwss.connection:_on_message(): Received new message [2201921,[18888548376,6451.9,-0.17049241]] at 1541859475.440172
DEBUG:btfxwss.connection:_data_handler(): Passing [2201921, [18888548376, 6451.9, -0.17049241]] to client..
DEBUG:btfxwss.connection:_start_timers(): Resetting timers..
DEBUG:btfxwss.connection:_stop_timers(): Timers stopped.
DEBUG:btfxwss.queue_processor:_handle_raw_book: raw_book - [2201921, [18888548376, 6451.9, -0.17049241]] - 1541859475.440172
DEBUG:btfxwss.connection:_stop_timers(): Timers stopped.
DEBUG:btfxwss.connection:_on_message(): Received new message [135,[6445,0,1]] at 1541859475.480015
DEBUG:btfxwss.connection:_data_handler(): Passing [135, [6445, 0, 1]] to client..
DEBUG:btfxwss.connection:_start_timers(): Resetting timers..
DEBUG:btfxwss.connection:_stop_timers(): Timers stopped.
DEBUG:btfxwss.queue_processor:_handle_book: book - [135, [6445, 0, 1]] - 1541859475.480015
DEBUG:btfxwss.queue_processor:ts: 1541859475.480015	chan_id: 135	data: [[6445, 0, 1]]
DEBUG:btfxwss.connection:_stop_timers(): Timers stopped.
DEBUG:btfxwss.connection:_on_message(): Received new message [135,[6444.7,0,1]] at 1541859475.4820118
DEBUG:btfxwss.connection:_data_handler(): Passing [135, [6444.7, 0, 1]] to client..
DEBUG:btfxwss.connection:_start_timers(): Resetting timers..
DEBUG:btfxwss.connection:_stop_timers(): Timers stopped.
DEBUG:btfxwss.queue_processor:_handle_book: book - [135, [6444.7, 0, 1]] - 1541859475.4820118
DEBUG:btfxwss.queue_processor:ts: 1541859475.4820118	chan_id: 135	data: [[6444.7, 0, 1]]
DEBUG:btfxwss.connection:_stop_timers(): Timers stopped.
DEBUG:btfxwss.connection:_on_message(): Received new message [135,[6444.2,0,1]] at 1541859475.4836779
DEBUG:btfxwss.connection:_data_handler(): Passing [135, [6444.2, 0, 1]] to client..
DEBUG:btfxwss.connection:_start_timers(): Resetting timers..
DEBUG:btfxwss.connection:_stop_timers(): Timers stopped.
DEBUG:btfxwss.queue_processor:_handle_book: book - [135, [6444.2, 0, 1]] - 1541859475.4836779
DEBUG:btfxwss.queue_processor:ts: 1541859475.4836779	chan_id: 135	data: [[6444.2, 0, 1]]
DEBUG:btfxwss.connection:_stop_timers(): Timers stopped.
DEBUG:btfxwss.connection:_on_message(): Received new message [135,[6448.9,0,-1]] at 1541859475.485249
DEBUG:btfxwss.connection:_data_handler(): Passing [135, [6448.9, 0, -1]] to client..
DEBUG:btfxwss.connection:_start_timers(): Resetting timers..
DEBUG:btfxwss.connection:_stop_timers(): Timers stopped.
DEBUG:btfxwss.queue_processor:_handle_book: book - [135, [6448.9, 0, -1]] - 1541859475.485249
DEBUG:btfxwss.queue_processor:ts: 1541859475.485249	chan_id: 135	data: [[6448.9, 0, -1]]
DEBUG:btfxwss.connection:_stop_timers(): Timers stopped.
DEBUG:btfxwss.connection:_on_message(): Received new message [135,[6450.4,0,-1]] at 1541859475.486651
DEBUG:btfxwss.connection:_data_handler(): Passing [135, [6450.4, 0, -1]] to client..
DEBUG:btfxwss.connection:_start_timers(): Resetting timers..
DEBUG:btfxwss.connection:_stop_timers(): Timers stopped.
DEBUG:btfxwss.queue_processor:_handle_book: book - [135, [6450.4, 0, -1]] - 1541859475.486651
DEBUG:btfxwss.queue_processor:ts: 1541859475.486651	chan_id: 135	data: [[6450.4, 0, -1]]
DEBUG:btfxwss.connection:_stop_timers(): Timers stopped.
DEBUG:btfxwss.connection:_on_message(): Received new message [135,[6451.9,0,-1]] at 1541859475.4879758
DEBUG:btfxwss.connection:_data_handler(): Passing [135, [6451.9, 0, -1]] to client..
DEBUG:btfxwss.connection:_start_timers(): Resetting timers..
DEBUG:btfxwss.queue_processor:_handle_book: book - [135, [6451.9, 0, -1]] - 1541859475.4879758
DEBUG:btfxwss.connection:_stop_timers(): Timers stopped.
DEBUG:btfxwss.queue_processor:ts: 1541859475.4879758	chan_id: 135	data: [[6451.9, 0, -1]]
DEBUG:btfxwss.connection:_stop_timers(): Timers stopped.
DEBUG:btfxwss.connection:_on_message(): Received new message [135,[6448.7,1,0.02015894]] at 1541859475.48926
DEBUG:btfxwss.connection:_data_handler(): Passing [135, [6448.7, 1, 0.02015894]] to client..
DEBUG:btfxwss.connection:_start_timers(): Resetting timers..
DEBUG:btfxwss.queue_processor:_handle_book: book - [135, [6448.7, 1, 0.02015894]] - 1541859475.48926
DEBUG:btfxwss.connection:_stop_timers(): Timers stopped.
DEBUG:btfxwss.queue_processor:ts: 1541859475.48926	chan_id: 135	data: [[6448.7, 1, 0.02015894]]
DEBUG:btfxwss.connection:_stop_timers(): Timers stopped.
DEBUG:btfxwss.connection:_on_message(): Received new message [135,[6448.5,1,0.62417734]] at 1541859475.4906292
DEBUG:btfxwss.connection:_data_handler(): Passing [135, [6448.5, 1, 0.62417734]] to client..
DEBUG:btfxwss.connection:_start_timers(): Resetting timers..
DEBUG:btfxwss.connection:_stop_timers(): Timers stopped.
DEBUG:btfxwss.queue_processor:_handle_book: book - [135, [6448.5, 1, 0.62417734]] - 1541859475.4906292
DEBUG:btfxwss.queue_processor:ts: 1541859475.4906292	chan_id: 135	data: [[6448.5, 1, 0.62417734]]
DEBUG:btfxwss.connection:_stop_timers(): Timers stopped.
DEBUG:btfxwss.connection:_on_message(): Received new message [135,[6443.8,2,7.44160347]] at 1541859475.491874
DEBUG:btfxwss.connection:_data_handler(): Passing [135, [6443.8, 2, 7.44160347]] to client..
DEBUG:btfxwss.connection:_start_timers(): Resetting timers..
DEBUG:btfxwss.connection:_stop_timers(): Timers stopped.
DEBUG:btfxwss.queue_processor:_handle_book: book - [135, [6443.8, 2, 7.44160347]] - 1541859475.491874
DEBUG:btfxwss.queue_processor:ts: 1541859475.491874	chan_id: 135	data: [[6443.8, 2, 7.44160347]]
DEBUG:btfxwss.connection:_stop_timers(): Timers stopped.
DEBUG:btfxwss.connection:_on_message(): Received new message [135,[6443.7,1,0.05344516]] at 1541859475.493103
DEBUG:btfxwss.connection:_data_handler(): Passing [135, [6443.7, 1, 0.05344516]] to client..
DEBUG:btfxwss.connection:_start_timers(): Resetting timers..
DEBUG:btfxwss.connection:_stop_timers(): Timers stopped.
DEBUG:btfxwss.queue_processor:_handle_book: book - [135, [6443.7, 1, 0.05344516]] - 1541859475.493103
DEBUG:btfxwss.queue_processor:ts: 1541859475.493103	chan_id: 135	data: [[6443.7, 1, 0.05344516]]
DEBUG:btfxwss.connection:_stop_timers(): Timers stopped.
DEBUG:btfxwss.connection:_on_message(): Received new message [135,[6448.8,5,-11.02133524]] at 1541859475.494524
DEBUG:btfxwss.connection:_data_handler(): Passing [135, [6448.8, 5, -11.02133524]] to client..
DEBUG:btfxwss.connection:_start_timers(): Resetting timers..
DEBUG:btfxwss.connection:_stop_timers(): Timers stopped.
DEBUG:btfxwss.queue_processor:_handle_book: book - [135, [6448.8, 5, -11.02133524]] - 1541859475.494524
DEBUG:btfxwss.queue_processor:ts: 1541859475.494524	chan_id: 135	data: [[6448.8, 5, -11.02133524]]
DEBUG:btfxwss.connection:_stop_timers(): Timers stopped.
DEBUG:btfxwss.connection:_on_message(): Received new message [135,[6450.3,1,-0.1705347]] at 1541859475.495816
DEBUG:btfxwss.connection:_data_handler(): Passing [135, [6450.3, 1, -0.1705347]] to client..
DEBUG:btfxwss.connection:_start_timers(): Resetting timers..
DEBUG:btfxwss.connection:_stop_timers(): Timers stopped.
DEBUG:btfxwss.queue_processor:_handle_book: book - [135, [6450.3, 1, -0.1705347]] - 1541859475.495816
DEBUG:btfxwss.queue_processor:ts: 1541859475.495816	chan_id: 135	data: [[6450.3, 1, -0.1705347]]
DEBUG:btfxwss.connection:_stop_timers(): Timers stopped.
DEBUG:btfxwss.connection:_on_message(): Received new message [135,[6451.8,1,-0.17049506]] at 1541859475.4971242
DEBUG:btfxwss.connection:_data_handler(): Passing [135, [6451.8, 1, -0.17049506]] to client..
DEBUG:btfxwss.connection:_start_timers(): Resetting timers..
DEBUG:btfxwss.queue_processor:_handle_book: book - [135, [6451.8, 1, -0.17049506]] - 1541859475.4971242
DEBUG:btfxwss.connection:_stop_timers(): Timers stopped.
DEBUG:btfxwss.queue_processor:ts: 1541859475.4971242	chan_id: 135	data: [[6451.8, 1, -0.17049506]]
DEBUG:btfxwss.connection:_stop_timers(): Timers stopped.
DEBUG:btfxwss.connection:_on_message(): Received new message [135,[6452.9,1,-0.2]] at 1541859475.498202
DEBUG:btfxwss.connection:_data_handler(): Passing [135, [6452.9, 1, -0.2]] to client..
DEBUG:btfxwss.connection:_start_timers(): Resetting timers..
DEBUG:btfxwss.queue_processor:_handle_book: book - [135, [6452.9, 1, -0.2]] - 1541859475.498202
DEBUG:btfxwss.connection:_stop_timers(): Timers stopped.
DEBUG:btfxwss.queue_processor:ts: 1541859475.498202	chan_id: 135	data: [[6452.9, 1, -0.2]]
DEBUG:btfxwss.connection:_stop_timers(): Timers stopped.
DEBUG:btfxwss.connection:_on_message(): Received new message [135,[6454,1,-0.2]] at 1541859475.4993842
DEBUG:btfxwss.connection:_data_handler(): Passing [135, [6454, 1, -0.2]] to client..
DEBUG:btfxwss.connection:_start_timers(): Resetting timers..
DEBUG:btfxwss.connection:_stop_timers(): Timers stopped.
DEBUG:btfxwss.queue_processor:_handle_book: book - [135, [6454, 1, -0.2]] - 1541859475.4993842
DEBUG:btfxwss.queue_processor:ts: 1541859475.4993842	chan_id: 135	data: [[6454, 1, -0.2]]
DEBUG:btfxwss.connection:_stop_timers(): Timers stopped.
DEBUG:btfxwss.connection:_on_message(): Received new message [2201921,[18888566723,0,1]] at 1541859475.5004601
DEBUG:btfxwss.connection:_data_handler(): Passing [2201921, [18888566723, 0, 1]] to client..
DEBUG:btfxwss.connection:_start_timers(): Resetting timers..
DEBUG:btfxwss.connection:_stop_timers(): Timers stopped.
DEBUG:btfxwss.queue_processor:_handle_raw_book: raw_book - [2201921, [18888566723, 0, 1]] - 1541859475.5004601
DEBUG:btfxwss.connection:_stop_timers(): Timers stopped.
DEBUG:btfxwss.connection:_on_message(): Received new message [2201921,[18888566801,0,1]] at 1541859475.501462
DEBUG:btfxwss.connection:_data_handler(): Passing [2201921, [18888566801, 0, 1]] to client..
DEBUG:btfxwss.connection:_start_timers(): Resetting timers..
DEBUG:btfxwss.connection:_stop_timers(): Timers stopped.
DEBUG:btfxwss.queue_processor:_handle_raw_book: raw_book - [2201921, [18888566801, 0, 1]] - 1541859475.501462
DEBUG:btfxwss.connection:_stop_timers(): Timers stopped.
DEBUG:btfxwss.connection:_on_message(): Received new message [2201921,[18888567078,6448.5,0.62417734]] at 1541859475.502435
DEBUG:btfxwss.connection:_data_handler(): Passing [2201921, [18888567078, 6448.5, 0.62417734]] to client..
DEBUG:btfxwss.connection:_start_timers(): Resetting timers..
DEBUG:btfxwss.connection:_stop_timers(): Timers stopped.
DEBUG:btfxwss.queue_processor:_handle_raw_book: raw_book - [2201921, [18888567078, 6448.5, 0.62417734]] - 1541859475.502435
DEBUG:btfxwss.connection:_stop_timers(): Timers stopped.
DEBUG:btfxwss.connection:_on_message(): Received new message [2201921,[18888564716,6444.61315436,0.5]] at 1541859475.503496
DEBUG:btfxwss.connection:_data_handler(): Passing [2201921, [18888564716, 6444.61315436, 0.5]] to client..
DEBUG:btfxwss.connection:_start_timers(): Resetting timers..
DEBUG:btfxwss.connection:_stop_timers(): Timers stopped.
DEBUG:btfxwss.queue_processor:_handle_raw_book: raw_book - [2201921, [18888564716, 6444.61315436, 0.5]] - 1541859475.503496
DEBUG:btfxwss.connection:_stop_timers(): Timers stopped.
DEBUG:btfxwss.connection:_on_message(): Received new message [2201921,[18888548429,6448.8,-0.17057437]] at 1541859475.5043929
DEBUG:btfxwss.connection:_data_handler(): Passing [2201921, [18888548429, 6448.8, -0.17057437]] to client..
DEBUG:btfxwss.connection:_start_timers(): Resetting timers..
DEBUG:btfxwss.connection:_stop_timers(): Timers stopped.
DEBUG:btfxwss.queue_processor:_handle_raw_book: raw_book - [2201921, [18888548429, 6448.8, -0.17057437]] - 1541859475.5043929
DEBUG:btfxwss.connection:_stop_timers(): Timers stopped.
DEBUG:btfxwss.connection:_on_message(): Received new message [2201921,[18888548401,6450.3,-0.1705347]] at 1541859475.505285
DEBUG:btfxwss.connection:_data_handler(): Passing [2201921, [18888548401, 6450.3, -0.1705347]] to client..
DEBUG:btfxwss.connection:_start_timers(): Resetting timers..
DEBUG:btfxwss.connection:_stop_timers(): Timers stopped.
DEBUG:btfxwss.queue_processor:_handle_raw_book: raw_book - [2201921, [18888548401, 6450.3, -0.1705347]] - 1541859475.505285
DEBUG:btfxwss.connection:_stop_timers(): Timers stopped.
DEBUG:btfxwss.connection:_on_message(): Received new message [2201921,[18888548376,6451.8,-0.17049506]] at 1541859475.5062451
DEBUG:btfxwss.connection:_data_handler(): Passing [2201921, [18888548376, 6451.8, -0.17049506]] to client..
DEBUG:btfxwss.connection:_start_timers(): Resetting timers..
DEBUG:btfxwss.connection:_stop_timers(): Timers stopped.
DEBUG:btfxwss.queue_processor:_handle_raw_book: raw_book - [2201921, [18888548376, 6451.8, -0.17049506]] - 1541859475.5062451
DEBUG:btfxwss.connection:_stop_timers(): Timers stopped.
DEBUG:btfxwss.connection:_on_message(): Received new message [135,[6446.8,0,1]] at 1541859476.0144992
DEBUG:btfxwss.connection:_data_handler(): Passing [135, [6446.8, 0, 1]] to client..
DEBUG:btfxwss.connection:_start_timers(): Resetting timers..
DEBUG:btfxwss.connection:_stop_timers(): Timers stopped.
DEBUG:btfxwss.queue_processor:_handle_book: book - [135, [6446.8, 0, 1]] - 1541859476.0144992
DEBUG:btfxwss.queue_processor:ts: 1541859476.0144992	chan_id: 135	data: [[6446.8, 0, 1]]
DEBUG:btfxwss.connection:_stop_timers(): Timers stopped.
DEBUG:btfxwss.connection:_on_message(): Received new message [135,[6446.7,0,1]] at 1541859476.016298
DEBUG:btfxwss.connection:_data_handler(): Passing [135, [6446.7, 0, 1]] to client..
DEBUG:btfxwss.connection:_start_timers(): Resetting timers..
DEBUG:btfxwss.connection:_stop_timers(): Timers stopped.
DEBUG:btfxwss.queue_processor:_handle_book: book - [135, [6446.7, 0, 1]] - 1541859476.016298
DEBUG:btfxwss.queue_processor:ts: 1541859476.016298	chan_id: 135	data: [[6446.7, 0, 1]]
DEBUG:btfxwss.connection:_stop_timers(): Timers stopped.
DEBUG:btfxwss.connection:_on_message(): Received new message [135,[6446.6,2,0.61789871]] at 1541859476.017857
DEBUG:btfxwss.connection:_data_handler(): Passing [135, [6446.6, 2, 0.61789871]] to client..
DEBUG:btfxwss.connection:_start_timers(): Resetting timers..
DEBUG:btfxwss.connection:_stop_timers(): Timers stopped.
DEBUG:btfxwss.queue_processor:_handle_book: book - [135, [6446.6, 2, 0.61789871]] - 1541859476.017857
DEBUG:btfxwss.queue_processor:ts: 1541859476.017857	chan_id: 135	data: [[6446.6, 2, 0.61789871]]
DEBUG:btfxwss.connection:_stop_timers(): Timers stopped.
DEBUG:btfxwss.connection:_on_message(): Received new message [135,[6446.1,1,2.48012028]] at 1541859476.019242
DEBUG:btfxwss.connection:_data_handler(): Passing [135, [6446.1, 1, 2.48012028]] to client..
DEBUG:btfxwss.connection:_start_timers(): Resetting timers..
DEBUG:btfxwss.queue_processor:_handle_book: book - [135, [6446.1, 1, 2.48012028]] - 1541859476.019242
DEBUG:btfxwss.connection:_stop_timers(): Timers stopped.
DEBUG:btfxwss.queue_processor:ts: 1541859476.019242	chan_id: 135	data: [[6446.1, 1, 2.48012028]]
DEBUG:btfxwss.connection:_stop_timers(): Timers stopped.
DEBUG:btfxwss.connection:_on_message(): Received new message [135,[6444.9,1,0.8]] at 1541859476.020524
DEBUG:btfxwss.connection:_data_handler(): Passing [135, [6444.9, 1, 0.8]] to client..
DEBUG:btfxwss.connection:_start_timers(): Resetting timers..
DEBUG:btfxwss.connection:_stop_timers(): Timers stopped.
DEBUG:btfxwss.queue_processor:_handle_book: book - [135, [6444.9, 1, 0.8]] - 1541859476.020524
DEBUG:btfxwss.queue_processor:ts: 1541859476.020524	chan_id: 135	data: [[6444.9, 1, 0.8]]
DEBUG:btfxwss.connection:_stop_timers(): Timers stopped.
DEBUG:btfxwss.connection:_on_message(): Received new message [135,[6444.4,2,0.67069083]] at 1541859476.021709
DEBUG:btfxwss.connection:_data_handler(): Passing [135, [6444.4, 2, 0.67069083]] to client..
DEBUG:btfxwss.connection:_start_timers(): Resetting timers..
DEBUG:btfxwss.connection:_stop_timers(): Timers stopped.
DEBUG:btfxwss.queue_processor:_handle_book: book - [135, [6444.4, 2, 0.67069083]] - 1541859476.021709
DEBUG:btfxwss.queue_processor:ts: 1541859476.021709	chan_id: 135	data: [[6444.4, 2, 0.67069083]]
DEBUG:btfxwss.connection:_stop_timers(): Timers stopped.
DEBUG:btfxwss.connection:_on_message(): Received new message [135,[6443.6,2,0.79080171]] at 1541859476.0227258
DEBUG:btfxwss.connection:_data_handler(): Passing [135, [6443.6, 2, 0.79080171]] to client..
DEBUG:btfxwss.connection:_start_timers(): Resetting timers..
DEBUG:btfxwss.connection:_stop_timers(): Timers stopped.
DEBUG:btfxwss.queue_processor:_handle_book: book - [135, [6443.6, 2, 0.79080171]] - 1541859476.0227258
DEBUG:btfxwss.queue_processor:ts: 1541859476.0227258	chan_id: 135	data: [[6443.6, 2, 0.79080171]]
DEBUG:btfxwss.connection:_stop_timers(): Timers stopped.
DEBUG:btfxwss.connection:_on_message(): Received new message [135,[6448.8,6,-13.52133524]] at 1541859476.02372
DEBUG:btfxwss.connection:_data_handler(): Passing [135, [6448.8, 6, -13.52133524]] to client..
DEBUG:btfxwss.connection:_start_timers(): Resetting timers..
DEBUG:btfxwss.connection:_stop_timers(): Timers stopped.
DEBUG:btfxwss.queue_processor:_handle_book: book - [135, [6448.8, 6, -13.52133524]] - 1541859476.02372
DEBUG:btfxwss.queue_processor:ts: 1541859476.02372	chan_id: 135	data: [[6448.8, 6, -13.52133524]]
DEBUG:btfxwss.connection:_stop_timers(): Timers stopped.
DEBUG:btfxwss.connection:_on_message(): Received new message [135,[6449.5,2,-4.16955586]] at 1541859476.024697
DEBUG:btfxwss.connection:_data_handler(): Passing [135, [6449.5, 2, -4.16955586]] to client..
DEBUG:btfxwss.connection:_start_timers(): Resetting timers..
DEBUG:btfxwss.connection:_stop_timers(): Timers stopped.
DEBUG:btfxwss.queue_processor:_handle_book: book - [135, [6449.5, 2, -4.16955586]] - 1541859476.024697
DEBUG:btfxwss.queue_processor:ts: 1541859476.024697	chan_id: 135	data: [[6449.5, 2, -4.16955586]]
DEBUG:btfxwss.connection:_stop_timers(): Timers stopped.
DEBUG:btfxwss.connection:_on_message(): Received new message [135,[6449.6,1,-3]] at 1541859476.025677
DEBUG:btfxwss.connection:_data_handler(): Passing [135, [6449.6, 1, -3]] to client..
DEBUG:btfxwss.connection:_start_timers(): Resetting timers..
DEBUG:btfxwss.connection:_stop_timers(): Timers stopped.
DEBUG:btfxwss.queue_processor:_handle_book: book - [135, [6449.6, 1, -3]] - 1541859476.025677
DEBUG:btfxwss.queue_processor:ts: 1541859476.025677	chan_id: 135	data: [[6449.6, 1, -3]]
DEBUG:btfxwss.connection:_stop_timers(): Timers stopped.
DEBUG:btfxwss.connection:_on_message(): Received new message [135,[6452.5,4,-1.07319672]] at 1541859476.026654
DEBUG:btfxwss.connection:_data_handler(): Passing [135, [6452.5, 4, -1.07319672]] to client..
DEBUG:btfxwss.connection:_start_timers(): Resetting timers..
DEBUG:btfxwss.connection:_stop_timers(): Timers stopped.
DEBUG:btfxwss.queue_processor:_handle_book: book - [135, [6452.5, 4, -1.07319672]] - 1541859476.026654
DEBUG:btfxwss.queue_processor:ts: 1541859476.026654	chan_id: 135	data: [[6452.5, 4, -1.07319672]]
DEBUG:btfxwss.connection:_stop_timers(): Timers stopped.
DEBUG:btfxwss.connection:_on_message(): Received new message [135,[6452.6,1,-0.2]] at 1541859476.027623
DEBUG:btfxwss.connection:_data_handler(): Passing [135, [6452.6, 1, -0.2]] to client..
DEBUG:btfxwss.connection:_start_timers(): Resetting timers..
DEBUG:btfxwss.connection:_stop_timers(): Timers stopped.
DEBUG:btfxwss.queue_processor:_handle_book: book - [135, [6452.6, 1, -0.2]] - 1541859476.027623
DEBUG:btfxwss.queue_processor:ts: 1541859476.027623	chan_id: 135	data: [[6452.6, 1, -0.2]]
DEBUG:btfxwss.connection:_stop_timers(): Timers stopped.
DEBUG:btfxwss.connection:_on_message(): Received new message [2201921,[18888552986,0,1]] at 1541859476.0286222
DEBUG:btfxwss.connection:_data_handler(): Passing [2201921, [18888552986, 0, 1]] to client..
DEBUG:btfxwss.connection:_start_timers(): Resetting timers..
DEBUG:btfxwss.connection:_stop_timers(): Timers stopped.
DEBUG:btfxwss.queue_processor:_handle_raw_book: raw_book - [2201921, [18888552986, 0, 1]] - 1541859476.0286222
DEBUG:btfxwss.connection:_stop_timers(): Timers stopped.
DEBUG:btfxwss.connection:_on_message(): Received new message [2201921,[18888565555,0,1]] at 1541859476.029525
DEBUG:btfxwss.connection:_data_handler(): Passing [2201921, [18888565555, 0, 1]] to client..
DEBUG:btfxwss.connection:_start_timers(): Resetting timers..
DEBUG:btfxwss.connection:_stop_timers(): Timers stopped.
DEBUG:btfxwss.queue_processor:_handle_raw_book: raw_book - [2201921, [18888565555, 0, 1]] - 1541859476.029525
DEBUG:btfxwss.connection:_stop_timers(): Timers stopped.
DEBUG:btfxwss.connection:_on_message(): Received new message [2201921,[18888566217,0,-1]] at 1541859476.03042
DEBUG:btfxwss.connection:_data_handler(): Passing [2201921, [18888566217, 0, -1]] to client..
DEBUG:btfxwss.connection:_start_timers(): Resetting timers..
DEBUG:btfxwss.connection:_stop_timers(): Timers stopped.
DEBUG:btfxwss.queue_processor:_handle_raw_book: raw_book - [2201921, [18888566217, 0, -1]] - 1541859476.03042
DEBUG:btfxwss.connection:_stop_timers(): Timers stopped.
DEBUG:btfxwss.connection:_on_message(): Received new message [2201921,[18888548421,6446.6,0.17063258]] at 1541859476.031426
DEBUG:btfxwss.connection:_data_handler(): Passing [2201921, [18888548421, 6446.6, 0.17063258]] to client..
DEBUG:btfxwss.connection:_start_timers(): Resetting timers..
DEBUG:btfxwss.connection:_stop_timers(): Timers stopped.
DEBUG:btfxwss.queue_processor:_handle_raw_book: raw_book - [2201921, [18888548421, 6446.6, 0.17063258]] - 1541859476.031426
DEBUG:btfxwss.connection:_stop_timers(): Timers stopped.
DEBUG:btfxwss.connection:_on_message(): Received new message [2201921,[18888567135,6446.1,2.48012028]] at 1541859476.032386
DEBUG:btfxwss.connection:_data_handler(): Passing [2201921, [18888567135, 6446.1, 2.48012028]] to client..
DEBUG:btfxwss.connection:_start_timers(): Resetting timers..
DEBUG:btfxwss.connection:_stop_timers(): Timers stopped.
DEBUG:btfxwss.queue_processor:_handle_raw_book: raw_book - [2201921, [18888567135, 6446.1, 2.48012028]] - 1541859476.032386
DEBUG:btfxwss.connection:_stop_timers(): Timers stopped.
DEBUG:btfxwss.connection:_on_message(): Received new message [2201921,[18881925002,6444.6,1]] at 1541859476.033299
DEBUG:btfxwss.connection:_data_handler(): Passing [2201921, [18881925002, 6444.6, 1]] to client..
DEBUG:btfxwss.connection:_start_timers(): Resetting timers..
DEBUG:btfxwss.connection:_stop_timers(): Timers stopped.
DEBUG:btfxwss.queue_processor:_handle_raw_book: raw_book - [2201921, [18881925002, 6444.6, 1]] - 1541859476.033299
DEBUG:btfxwss.connection:_stop_timers(): Timers stopped.
DEBUG:btfxwss.connection:_on_message(): Received new message [2201921,[18888567235,6448.8,-2.5]] at 1541859476.0342028
DEBUG:btfxwss.connection:_data_handler(): Passing [2201921, [18888567235, 6448.8, -2.5]] to client..
DEBUG:btfxwss.connection:_start_timers(): Resetting timers..
DEBUG:btfxwss.connection:_stop_timers(): Timers stopped.
DEBUG:btfxwss.queue_processor:_handle_raw_book: raw_book - [2201921, [18888567235, 6448.8, -2.5]] - 1541859476.0342028
DEBUG:btfxwss.connection:_stop_timers(): Timers stopped.
DEBUG:btfxwss.connection:_on_message(): Received new message [2201921,[18888548416,6449.5,-0.17055586]] at 1541859476.035119
DEBUG:btfxwss.connection:_data_handler(): Passing [2201921, [18888548416, 6449.5, -0.17055586]] to client..
DEBUG:btfxwss.connection:_start_timers(): Resetting timers..
DEBUG:btfxwss.connection:_stop_timers(): Timers stopped.
DEBUG:btfxwss.queue_processor:_handle_raw_book: raw_book - [2201921, [18888548416, 6449.5, -0.17055586]] - 1541859476.035119
DEBUG:btfxwss.connection:_stop_timers(): Timers stopped.
DEBUG:btfxwss.connection:_on_message(): Received new message [135,[6448.5,0,1]] at 1541859476.214387
DEBUG:btfxwss.connection:_data_handler(): Passing [135, [6448.5, 0, 1]] to client..
DEBUG:btfxwss.connection:_start_timers(): Resetting timers..
DEBUG:btfxwss.connection:_stop_timers(): Timers stopped.
DEBUG:btfxwss.queue_processor:_handle_book: book - [135, [6448.5, 0, 1]] - 1541859476.214387
DEBUG:btfxwss.queue_processor:ts: 1541859476.214387	chan_id: 135	data: [[6448.5, 0, 1]]
DEBUG:btfxwss.connection:_stop_timers(): Timers stopped.
DEBUG:btfxwss.connection:_on_message(): Received new message [135,[6445.1,0,1]] at 1541859476.215641
DEBUG:btfxwss.connection:_data_handler(): Passing [135, [6445.1, 0, 1]] to client..
DEBUG:btfxwss.connection:_start_timers(): Resetting timers..
DEBUG:btfxwss.connection:_stop_timers(): Timers stopped.
DEBUG:btfxwss.queue_processor:_handle_book: book - [135, [6445.1, 0, 1]] - 1541859476.215641
DEBUG:btfxwss.queue_processor:ts: 1541859476.215641	chan_id: 135	data: [[6445.1, 0, 1]]
DEBUG:btfxwss.connection:_stop_timers(): Timers stopped.
DEBUG:btfxwss.connection:_on_message(): Received new message [135,[6451.3,0,-1]] at 1541859476.216647
DEBUG:btfxwss.connection:_data_handler(): Passing [135, [6451.3, 0, -1]] to client..
DEBUG:btfxwss.connection:_start_timers(): Resetting timers..
DEBUG:btfxwss.connection:_stop_timers(): Timers stopped.
DEBUG:btfxwss.queue_processor:_handle_book: book - [135, [6451.3, 0, -1]] - 1541859476.216647
DEBUG:btfxwss.queue_processor:ts: 1541859476.216647	chan_id: 135	data: [[6451.3, 0, -1]]
DEBUG:btfxwss.connection:_stop_timers(): Timers stopped.
DEBUG:btfxwss.connection:_on_message(): Received new message [135,[6447.6,2,0.1717704]] at 1541859476.217633
DEBUG:btfxwss.connection:_data_handler(): Passing [135, [6447.6, 2, 0.1717704]] to client..
DEBUG:btfxwss.connection:_start_timers(): Resetting timers..
DEBUG:btfxwss.queue_processor:_handle_book: book - [135, [6447.6, 2, 0.1717704]] - 1541859476.217633
DEBUG:btfxwss.connection:_stop_timers(): Timers stopped.
DEBUG:btfxwss.queue_processor:ts: 1541859476.217633	chan_id: 135	data: [[6447.6, 2, 0.1717704]]
DEBUG:btfxwss.connection:_stop_timers(): Timers stopped.
DEBUG:btfxwss.connection:_on_message(): Received new message [135,[6446.7,1,0.17062993]] at 1541859476.218658
DEBUG:btfxwss.connection:_data_handler(): Passing [135, [6446.7, 1, 0.17062993]] to client..
DEBUG:btfxwss.connection:_start_timers(): Resetting timers..
DEBUG:btfxwss.connection:_stop_timers(): Timers stopped.
DEBUG:btfxwss.queue_processor:_handle_book: book - [135, [6446.7, 1, 0.17062993]] - 1541859476.218658
DEBUG:btfxwss.queue_processor:ts: 1541859476.218658	chan_id: 135	data: [[6446.7, 1, 0.17062993]]
DEBUG:btfxwss.connection:_stop_timers(): Timers stopped.
DEBUG:btfxwss.connection:_on_message(): Received new message [135,[6446.6,1,0.44726613]] at 1541859476.219616
DEBUG:btfxwss.connection:_data_handler(): Passing [135, [6446.6, 1, 0.44726613]] to client..
DEBUG:btfxwss.connection:_start_timers(): Resetting timers..
DEBUG:btfxwss.connection:_stop_timers(): Timers stopped.
DEBUG:btfxwss.queue_processor:_handle_book: book - [135, [6446.6, 1, 0.44726613]] - 1541859476.219616
DEBUG:btfxwss.queue_processor:ts: 1541859476.219616	chan_id: 135	data: [[6446.6, 1, 0.44726613]]
DEBUG:btfxwss.connection:_stop_timers(): Timers stopped.
DEBUG:btfxwss.connection:_on_message(): Received new message [135,[6445.2,3,0.6807145]] at 1541859476.22058
DEBUG:btfxwss.connection:_data_handler(): Passing [135, [6445.2, 3, 0.6807145]] to client..
DEBUG:btfxwss.connection:_start_timers(): Resetting timers..
DEBUG:btfxwss.connection:_stop_timers(): Timers stopped.
DEBUG:btfxwss.queue_processor:_handle_book: book - [135, [6445.2, 3, 0.6807145]] - 1541859476.22058
DEBUG:btfxwss.queue_processor:ts: 1541859476.22058	chan_id: 135	data: [[6445.2, 3, 0.6807145]]
DEBUG:btfxwss.connection:_stop_timers(): Timers stopped.
DEBUG:btfxwss.connection:_on_message(): Received new message [135,[6444.7,1,0.2]] at 1541859476.221535
DEBUG:btfxwss.connection:_data_handler(): Passing [135, [6444.7, 1, 0.2]] to client..
DEBUG:btfxwss.connection:_start_timers(): Resetting timers..
DEBUG:btfxwss.connection:_stop_timers(): Timers stopped.
DEBUG:btfxwss.queue_processor:_handle_book: book - [135, [6444.7, 1, 0.2]] - 1541859476.221535
DEBUG:btfxwss.queue_processor:ts: 1541859476.221535	chan_id: 135	data: [[6444.7, 1, 0.2]]
DEBUG:btfxwss.connection:_stop_timers(): Timers stopped.
DEBUG:btfxwss.connection:_on_message(): Received new message [135,[6443.7,2,0.22415453]] at 1541859476.222523
DEBUG:btfxwss.connection:_data_handler(): Passing [135, [6443.7, 2, 0.22415453]] to client..
DEBUG:btfxwss.connection:_start_timers(): Resetting timers..
DEBUG:btfxwss.queue_processor:_handle_book: book - [135, [6443.7, 2, 0.22415453]] - 1541859476.222523
DEBUG:btfxwss.connection:_stop_timers(): Timers stopped.
DEBUG:btfxwss.queue_processor:ts: 1541859476.222523	chan_id: 135	data: [[6443.7, 2, 0.22415453]]
DEBUG:btfxwss.connection:_stop_timers(): Timers stopped.
DEBUG:btfxwss.connection:_on_message(): Received new message [135,[6443.6,1,0.6200897]] at 1541859476.223609
DEBUG:btfxwss.connection:_data_handler(): Passing [135, [6443.6, 1, 0.6200897]] to client..
DEBUG:btfxwss.connection:_start_timers(): Resetting timers..
DEBUG:btfxwss.queue_processor:_handle_book: book - [135, [6443.6, 1, 0.6200897]] - 1541859476.223609
DEBUG:btfxwss.connection:_stop_timers(): Timers stopped.
DEBUG:btfxwss.queue_processor:ts: 1541859476.223609	chan_id: 135	data: [[6443.6, 1, 0.6200897]]
DEBUG:btfxwss.connection:_stop_timers(): Timers stopped.
DEBUG:btfxwss.connection:_on_message(): Received new message [135,[6451.8,2,-1.17049506]] at 1541859476.224629
DEBUG:btfxwss.connection:_data_handler(): Passing [135, [6451.8, 2, -1.17049506]] to client..
DEBUG:btfxwss.connection:_start_timers(): Resetting timers..
DEBUG:btfxwss.connection:_stop_timers(): Timers stopped.
DEBUG:btfxwss.queue_processor:_handle_book: book - [135, [6451.8, 2, -1.17049506]] - 1541859476.224629
DEBUG:btfxwss.queue_processor:ts: 1541859476.224629	chan_id: 135	data: [[6451.8, 2, -1.17049506]]
DEBUG:btfxwss.connection:_stop_timers(): Timers stopped.
DEBUG:btfxwss.connection:_on_message(): Received new message [135,[6454.3,1,-2]] at 1541859476.225585
DEBUG:btfxwss.connection:_data_handler(): Passing [135, [6454.3, 1, -2]] to client..
DEBUG:btfxwss.connection:_start_timers(): Resetting timers..
DEBUG:btfxwss.connection:_stop_timers(): Timers stopped.
DEBUG:btfxwss.queue_processor:_handle_book: book - [135, [6454.3, 1, -2]] - 1541859476.225585
DEBUG:btfxwss.queue_processor:ts: 1541859476.225585	chan_id: 135	data: [[6454.3, 1, -2]]
DEBUG:btfxwss.connection:_stop_timers(): Timers stopped.
DEBUG:btfxwss.connection:_on_message(): Received new message [2201921,[18888567078,0,1]] at 1541859476.226593
DEBUG:btfxwss.connection:_data_handler(): Passing [2201921, [18888567078, 0, 1]] to client..
DEBUG:btfxwss.connection:_start_timers(): Resetting timers..
DEBUG:btfxwss.connection:_stop_timers(): Timers stopped.
DEBUG:btfxwss.queue_processor:_handle_raw_book: raw_book - [2201921, [18888567078, 0, 1]] - 1541859476.226593
DEBUG:btfxwss.connection:_stop_timers(): Timers stopped.
DEBUG:btfxwss.connection:_on_message(): Received new message [2201921,[18881925002,0,1]] at 1541859476.227499
DEBUG:btfxwss.connection:_data_handler(): Passing [2201921, [18881925002, 0, 1]] to client..
DEBUG:btfxwss.connection:_start_timers(): Resetting timers..
DEBUG:btfxwss.connection:_stop_timers(): Timers stopped.
DEBUG:btfxwss.queue_processor:_handle_raw_book: raw_book - [2201921, [18881925002, 0, 1]] - 1541859476.227499
DEBUG:btfxwss.connection:_stop_timers(): Timers stopped.
DEBUG:btfxwss.connection:_on_message(): Received new message [2201921,[18888566982,0,-1]] at 1541859476.228399
DEBUG:btfxwss.connection:_data_handler(): Passing [2201921, [18888566982, 0, -1]] to client..
DEBUG:btfxwss.connection:_start_timers(): Resetting timers..
DEBUG:btfxwss.connection:_stop_timers(): Timers stopped.
DEBUG:btfxwss.queue_processor:_handle_raw_book: raw_book - [2201921, [18888566982, 0, -1]] - 1541859476.228399
DEBUG:btfxwss.connection:_stop_timers(): Timers stopped.
DEBUG:btfxwss.connection:_on_message(): Received new message [2201921,[18888567364,6447.6,0.0117704]] at 1541859476.229307
DEBUG:btfxwss.connection:_data_handler(): Passing [2201921, [18888567364, 6447.6, 0.0117704]] to client..
DEBUG:btfxwss.connection:_start_timers(): Resetting timers..
DEBUG:btfxwss.connection:_stop_timers(): Timers stopped.
DEBUG:btfxwss.queue_processor:_handle_raw_book: raw_book - [2201921, [18888567364, 6447.6, 0.0117704]] - 1541859476.229307
DEBUG:btfxwss.connection:_stop_timers(): Timers stopped.
DEBUG:btfxwss.connection:_on_message(): Received new message [2201921,[18888548421,6446.7,0.17062993]] at 1541859476.230211
DEBUG:btfxwss.connection:_data_handler(): Passing [2201921, [18888548421, 6446.7, 0.17062993]] to client..
DEBUG:btfxwss.connection:_start_timers(): Resetting timers..
DEBUG:btfxwss.connection:_stop_timers(): Timers stopped.
DEBUG:btfxwss.queue_processor:_handle_raw_book: raw_book - [2201921, [18888548421, 6446.7, 0.17062993]] - 1541859476.230211
DEBUG:btfxwss.connection:_stop_timers(): Timers stopped.
DEBUG:btfxwss.connection:_on_message(): Received new message [2201921,[18888548397,6445.2,0.17066965]] at 1541859476.231176
DEBUG:btfxwss.connection:_data_handler(): Passing [2201921, [18888548397, 6445.2, 0.17066965]] to client..
DEBUG:btfxwss.connection:_start_timers(): Resetting timers..
DEBUG:btfxwss.connection:_stop_timers(): Timers stopped.
DEBUG:btfxwss.queue_processor:_handle_raw_book: raw_book - [2201921, [18888548397, 6445.2, 0.17066965]] - 1541859476.231176
DEBUG:btfxwss.connection:_stop_timers(): Timers stopped.
DEBUG:btfxwss.connection:_on_message(): Received new message [2201921,[18888567295,6444.74293432,0.2]] at 1541859476.232176
DEBUG:btfxwss.connection:_data_handler(): Passing [2201921, [18888567295, 6444.74293432, 0.2]] to client..
DEBUG:btfxwss.connection:_start_timers(): Resetting timers..
DEBUG:btfxwss.connection:_stop_timers(): Timers stopped.
DEBUG:btfxwss.queue_processor:_handle_raw_book: raw_book - [2201921, [18888567295, 6444.74293432, 0.2]] - 1541859476.232176
DEBUG:btfxwss.connection:_stop_timers(): Timers stopped.
DEBUG:btfxwss.connection:_on_message(): Received new message [2201921,[18888567341,6451.8,-1]] at 1541859476.233108
DEBUG:btfxwss.connection:_data_handler(): Passing [2201921, [18888567341, 6451.8, -1]] to client..
DEBUG:btfxwss.connection:_start_timers(): Resetting timers..
DEBUG:btfxwss.connection:_stop_timers(): Timers stopped.
DEBUG:btfxwss.queue_processor:_handle_raw_book: raw_book - [2201921, [18888567341, 6451.8, -1]] - 1541859476.233108
DEBUG:btfxwss.connection:_stop_timers(): Timers stopped.
DEBUG:btfxwss.connection:_on_message(): Received new message [135,[6446.9,0,1]] at 1541859476.632145
DEBUG:btfxwss.connection:_data_handler(): Passing [135, [6446.9, 0, 1]] to client..
DEBUG:btfxwss.connection:_start_timers(): Resetting timers..
DEBUG:btfxwss.connection:_stop_timers(): Timers stopped.
DEBUG:btfxwss.queue_processor:_handle_book: book - [135, [6446.9, 0, 1]] - 1541859476.632145
DEBUG:btfxwss.queue_processor:ts: 1541859476.632145	chan_id: 135	data: [[6446.9, 0, 1]]
DEBUG:btfxwss.connection:_stop_timers(): Timers stopped.
DEBUG:btfxwss.connection:_on_message(): Received new message [135,[6446.7,0,1]] at 1541859476.633816
DEBUG:btfxwss.connection:_data_handler(): Passing [135, [6446.7, 0, 1]] to client..
DEBUG:btfxwss.connection:_start_timers(): Resetting timers..
DEBUG:btfxwss.connection:_stop_timers(): Timers stopped.
DEBUG:btfxwss.queue_processor:_handle_book: book - [135, [6446.7, 0, 1]] - 1541859476.633816
DEBUG:btfxwss.queue_processor:ts: 1541859476.633816	chan_id: 135	data: [[6446.7, 0, 1]]
DEBUG:btfxwss.connection:_stop_timers(): Timers stopped.
DEBUG:btfxwss.connection:_on_message(): Received new message [135,[6445.9,0,1]] at 1541859476.634996
DEBUG:btfxwss.connection:_data_handler(): Passing [135, [6445.9, 0, 1]] to client..
DEBUG:btfxwss.connection:_start_timers(): Resetting timers..
DEBUG:btfxwss.connection:_stop_timers(): Timers stopped.
DEBUG:btfxwss.queue_processor:_handle_book: book - [135, [6445.9, 0, 1]] - 1541859476.634996
DEBUG:btfxwss.queue_processor:ts: 1541859476.634996	chan_id: 135	data: [[6445.9, 0, 1]]
DEBUG:btfxwss.connection:_stop_timers(): Timers stopped.
DEBUG:btfxwss.connection:_on_message(): Received new message [135,[6443.9,0,1]] at 1541859476.6363971
DEBUG:btfxwss.connection:_data_handler(): Passing [135, [6443.9, 0, 1]] to client..
DEBUG:btfxwss.connection:_start_timers(): Resetting timers..
DEBUG:btfxwss.connection:_stop_timers(): Timers stopped.
DEBUG:btfxwss.queue_processor:_handle_book: book - [135, [6443.9, 0, 1]] - 1541859476.6363971
DEBUG:btfxwss.queue_processor:ts: 1541859476.6363971	chan_id: 135	data: [[6443.9, 0, 1]]
DEBUG:btfxwss.connection:_stop_timers(): Timers stopped.
DEBUG:btfxwss.connection:_on_message(): Received new message [135,[6443.6,0,1]] at 1541859476.638151
DEBUG:btfxwss.connection:_data_handler(): Passing [135, [6443.6, 0, 1]] to client..
DEBUG:btfxwss.connection:_start_timers(): Resetting timers..
DEBUG:btfxwss.connection:_stop_timers(): Timers stopped.
DEBUG:btfxwss.queue_processor:_handle_book: book - [135, [6443.6, 0, 1]] - 1541859476.638151
DEBUG:btfxwss.queue_processor:ts: 1541859476.638151	chan_id: 135	data: [[6443.6, 0, 1]]
DEBUG:btfxwss.connection:_stop_timers(): Timers stopped.
DEBUG:btfxwss.connection:_on_message(): Received new message [135,[6450.3,0,-1]] at 1541859476.639553
DEBUG:btfxwss.connection:_data_handler(): Passing [135, [6450.3, 0, -1]] to client..
DEBUG:btfxwss.connection:_start_timers(): Resetting timers..
DEBUG:btfxwss.connection:_stop_timers(): Timers stopped.
DEBUG:btfxwss.queue_processor:_handle_book: book - [135, [6450.3, 0, -1]] - 1541859476.639553
DEBUG:btfxwss.queue_processor:ts: 1541859476.639553	chan_id: 135	data: [[6450.3, 0, -1]]
DEBUG:btfxwss.connection:_stop_timers(): Timers stopped.
DEBUG:btfxwss.connection:_on_message(): Received new message [135,[6453.2,0,-1]] at 1541859476.640863
DEBUG:btfxwss.connection:_data_handler(): Passing [135, [6453.2, 0, -1]] to client..
DEBUG:btfxwss.connection:_start_timers(): Resetting timers..
DEBUG:btfxwss.connection:_stop_timers(): Timers stopped.
DEBUG:btfxwss.queue_processor:_handle_book: book - [135, [6453.2, 0, -1]] - 1541859476.640863
DEBUG:btfxwss.queue_processor:ts: 1541859476.640863	chan_id: 135	data: [[6453.2, 0, -1]]
DEBUG:btfxwss.connection:_stop_timers(): Timers stopped.
DEBUG:btfxwss.connection:_on_message(): Received new message [135,[6453.4,0,-1]] at 1541859476.642517
DEBUG:btfxwss.connection:_data_handler(): Passing [135, [6453.4, 0, -1]] to client..
DEBUG:btfxwss.connection:_start_timers(): Resetting timers..
DEBUG:btfxwss.connection:_stop_timers(): Timers stopped.
DEBUG:btfxwss.queue_processor:_handle_book: book - [135, [6453.4, 0, -1]] - 1541859476.642517
DEBUG:btfxwss.queue_processor:ts: 1541859476.642517	chan_id: 135	data: [[6453.4, 0, -1]]
DEBUG:btfxwss.connection:_stop_timers(): Timers stopped.
DEBUG:btfxwss.connection:_on_message(): Received new message [135,[6453.7,0,-1]] at 1541859476.643755
DEBUG:btfxwss.connection:_data_handler(): Passing [135, [6453.7, 0, -1]] to client..
DEBUG:btfxwss.connection:_start_timers(): Resetting timers..
DEBUG:btfxwss.connection:_stop_timers(): Timers stopped.
DEBUG:btfxwss.queue_processor:_handle_book: book - [135, [6453.7, 0, -1]] - 1541859476.643755
DEBUG:btfxwss.queue_processor:ts: 1541859476.643755	chan_id: 135	data: [[6453.7, 0, -1]]
DEBUG:btfxwss.connection:_stop_timers(): Timers stopped.
DEBUG:btfxwss.connection:_on_message(): Received new message [135,[6454,0,-1]] at 1541859476.6448488
DEBUG:btfxwss.connection:_data_handler(): Passing [135, [6454, 0, -1]] to client..
DEBUG:btfxwss.connection:_start_timers(): Resetting timers..
DEBUG:btfxwss.connection:_stop_timers(): Timers stopped.
DEBUG:btfxwss.queue_processor:_handle_book: book - [135, [6454, 0, -1]] - 1541859476.6448488
DEBUG:btfxwss.queue_processor:ts: 1541859476.6448488	chan_id: 135	data: [[6454, 0, -1]]
DEBUG:btfxwss.connection:_stop_timers(): Timers stopped.
DEBUG:btfxwss.connection:_on_message(): Received new message [135,[6454.3,0,-1]] at 1541859476.64582
DEBUG:btfxwss.connection:_data_handler(): Passing [135, [6454.3, 0, -1]] to client..
DEBUG:btfxwss.connection:_start_timers(): Resetting timers..
DEBUG:btfxwss.connection:_stop_timers(): Timers stopped.
DEBUG:btfxwss.queue_processor:_handle_book: book - [135, [6454.3, 0, -1]] - 1541859476.64582
DEBUG:btfxwss.queue_processor:ts: 1541859476.64582	chan_id: 135	data: [[6454.3, 0, -1]]
DEBUG:btfxwss.connection:_stop_timers(): Timers stopped.
DEBUG:btfxwss.connection:_on_message(): Received new message [135,[6448.7,2,0.64433628]] at 1541859476.646987
DEBUG:btfxwss.connection:_data_handler(): Passing [135, [6448.7, 2, 0.64433628]] to client..
DEBUG:btfxwss.connection:_start_timers(): Resetting timers..
DEBUG:btfxwss.connection:_stop_timers(): Timers stopped.
DEBUG:btfxwss.queue_processor:_handle_book: book - [135, [6448.7, 2, 0.64433628]] - 1541859476.646987
DEBUG:btfxwss.queue_processor:ts: 1541859476.646987	chan_id: 135	data: [[6448.7, 2, 0.64433628]]
DEBUG:btfxwss.connection:_stop_timers(): Timers stopped.
DEBUG:btfxwss.connection:_on_message(): Received new message [135,[6447.3,1,0.1]] at 1541859476.648051
DEBUG:btfxwss.connection:_data_handler(): Passing [135, [6447.3, 1, 0.1]] to client..
DEBUG:btfxwss.connection:_start_timers(): Resetting timers..
DEBUG:btfxwss.connection:_stop_timers(): Timers stopped.
DEBUG:btfxwss.queue_processor:_handle_book: book - [135, [6447.3, 1, 0.1]] - 1541859476.648051
DEBUG:btfxwss.queue_processor:ts: 1541859476.648051	chan_id: 135	data: [[6447.3, 1, 0.1]]
DEBUG:btfxwss.connection:_stop_timers(): Timers stopped.
DEBUG:btfxwss.connection:_on_message(): Received new message [135,[6446.5,1,0.17063523]] at 1541859476.649323
DEBUG:btfxwss.connection:_data_handler(): Passing [135, [6446.5, 1, 0.17063523]] to client..
DEBUG:btfxwss.connection:_start_timers(): Resetting timers..
DEBUG:btfxwss.connection:_stop_timers(): Timers stopped.
DEBUG:btfxwss.queue_processor:_handle_book: book - [135, [6446.5, 1, 0.17063523]] - 1541859476.649323
DEBUG:btfxwss.queue_processor:ts: 1541859476.649323	chan_id: 135	data: [[6446.5, 1, 0.17063523]]
DEBUG:btfxwss.connection:_stop_timers(): Timers stopped.
DEBUG:btfxwss.connection:_on_message(): Received new message [135,[6445.8,1,0.17065376]] at 1541859476.650939
DEBUG:btfxwss.connection:_data_handler(): Passing [135, [6445.8, 1, 0.17065376]] to client..
DEBUG:btfxwss.connection:_start_timers(): Resetting timers..
DEBUG:btfxwss.connection:_stop_timers(): Timers stopped.
DEBUG:btfxwss.queue_processor:_handle_book: book - [135, [6445.8, 1, 0.17065376]] - 1541859476.650939
DEBUG:btfxwss.queue_processor:ts: 1541859476.650939	chan_id: 135	data: [[6445.8, 1, 0.17065376]]
DEBUG:btfxwss.connection:_stop_timers(): Timers stopped.
DEBUG:btfxwss.connection:_on_message(): Received new message [135,[6445.2,2,0.51004485]] at 1541859476.6526122
DEBUG:btfxwss.connection:_data_handler(): Passing [135, [6445.2, 2, 0.51004485]] to client..
DEBUG:btfxwss.connection:_start_timers(): Resetting timers..
DEBUG:btfxwss.connection:_stop_timers(): Timers stopped.
DEBUG:btfxwss.queue_processor:_handle_book: book - [135, [6445.2, 2, 0.51004485]] - 1541859476.6526122
DEBUG:btfxwss.queue_processor:ts: 1541859476.6526122	chan_id: 135	data: [[6445.2, 2, 0.51004485]]
DEBUG:btfxwss.connection:_stop_timers(): Timers stopped.
DEBUG:btfxwss.connection:_on_message(): Received new message [135,[6445,1,0.17067494]] at 1541859476.6540558
DEBUG:btfxwss.connection:_data_handler(): Passing [135, [6445, 1, 0.17067494]] to client..
DEBUG:btfxwss.connection:_start_timers(): Resetting timers..
DEBUG:btfxwss.connection:_stop_timers(): Timers stopped.
DEBUG:btfxwss.queue_processor:_handle_book: book - [135, [6445, 1, 0.17067494]] - 1541859476.6540558
DEBUG:btfxwss.queue_processor:ts: 1541859476.6540558	chan_id: 135	data: [[6445, 1, 0.17067494]]
DEBUG:btfxwss.connection:_stop_timers(): Timers stopped.
DEBUG:btfxwss.connection:_on_message(): Received new message [135,[6444.4,1,0.5]] at 1541859476.6553159
DEBUG:btfxwss.connection:_data_handler(): Passing [135, [6444.4, 1, 0.5]] to client..
DEBUG:btfxwss.connection:_start_timers(): Resetting timers..
DEBUG:btfxwss.connection:_stop_timers(): Timers stopped.
DEBUG:btfxwss.queue_processor:_handle_book: book - [135, [6444.4, 1, 0.5]] - 1541859476.6553159
DEBUG:btfxwss.queue_processor:ts: 1541859476.6553159	chan_id: 135	data: [[6444.4, 1, 0.5]]
DEBUG:btfxwss.connection:_stop_timers(): Timers stopped.
DEBUG:btfxwss.connection:_on_message(): Received new message [135,[6444.3,1,0.17069348]] at 1541859476.6565828
DEBUG:btfxwss.connection:_data_handler(): Passing [135, [6444.3, 1, 0.17069348]] to client..
DEBUG:btfxwss.connection:_start_timers(): Resetting timers..
DEBUG:btfxwss.connection:_stop_timers(): Timers stopped.
DEBUG:btfxwss.queue_processor:_handle_book: book - [135, [6444.3, 1, 0.17069348]] - 1541859476.6565828
DEBUG:btfxwss.queue_processor:ts: 1541859476.6565828	chan_id: 135	data: [[6444.3, 1, 0.17069348]]
DEBUG:btfxwss.connection:_stop_timers(): Timers stopped.
DEBUG:btfxwss.connection:_on_message(): Received new message [135,[6443.7,1,0.05344516]] at 1541859476.657755
DEBUG:btfxwss.connection:_data_handler(): Passing [135, [6443.7, 1, 0.05344516]] to client..
DEBUG:btfxwss.connection:_start_timers(): Resetting timers..
DEBUG:btfxwss.connection:_stop_timers(): Timers stopped.
DEBUG:btfxwss.queue_processor:_handle_book: book - [135, [6443.7, 1, 0.05344516]] - 1541859476.657755
DEBUG:btfxwss.queue_processor:ts: 1541859476.657755	chan_id: 135	data: [[6443.7, 1, 0.05344516]]
DEBUG:btfxwss.connection:_stop_timers(): Timers stopped.
DEBUG:btfxwss.connection:_on_message(): Received new message [135,[6448.8,5,-11.02133524]] at 1541859476.6587698
DEBUG:btfxwss.connection:_data_handler(): Passing [135, [6448.8, 5, -11.02133524]] to client..
DEBUG:btfxwss.connection:_start_timers(): Resetting timers..
DEBUG:btfxwss.connection:_stop_timers(): Timers stopped.
DEBUG:btfxwss.queue_processor:_handle_book: book - [135, [6448.8, 5, -11.02133524]] - 1541859476.6587698
DEBUG:btfxwss.queue_processor:ts: 1541859476.6587698	chan_id: 135	data: [[6448.8, 5, -11.02133524]]
DEBUG:btfxwss.connection:_stop_timers(): Timers stopped.
DEBUG:btfxwss.connection:_on_message(): Received new message [135,[6449.3,1,-0.17056115]] at 1541859476.659756
DEBUG:btfxwss.connection:_data_handler(): Passing [135, [6449.3, 1, -0.17056115]] to client..
DEBUG:btfxwss.connection:_start_timers(): Resetting timers..
DEBUG:btfxwss.connection:_stop_timers(): Timers stopped.
DEBUG:btfxwss.queue_processor:_handle_book: book - [135, [6449.3, 1, -0.17056115]] - 1541859476.659756
DEBUG:btfxwss.queue_processor:ts: 1541859476.659756	chan_id: 135	data: [[6449.3, 1, -0.17056115]]
DEBUG:btfxwss.connection:_stop_timers(): Timers stopped.
DEBUG:btfxwss.connection:_on_message(): Received new message [135,[6449.5,1,-3.999]] at 1541859476.66078
DEBUG:btfxwss.connection:_data_handler(): Passing [135, [6449.5, 1, -3.999]] to client..
DEBUG:btfxwss.connection:_start_timers(): Resetting timers..
DEBUG:btfxwss.connection:_stop_timers(): Timers stopped.
DEBUG:btfxwss.queue_processor:_handle_book: book - [135, [6449.5, 1, -3.999]] - 1541859476.66078
DEBUG:btfxwss.queue_processor:ts: 1541859476.66078	chan_id: 135	data: [[6449.5, 1, -3.999]]
DEBUG:btfxwss.connection:_stop_timers(): Timers stopped.
DEBUG:btfxwss.connection:_on_message(): Received new message [135,[6450.1,1,-0.17053999]] at 1541859476.6620119
DEBUG:btfxwss.connection:_data_handler(): Passing [135, [6450.1, 1, -0.17053999]] to client..
DEBUG:btfxwss.connection:_start_timers(): Resetting timers..
DEBUG:btfxwss.connection:_stop_timers(): Timers stopped.
DEBUG:btfxwss.queue_processor:_handle_book: book - [135, [6450.1, 1, -0.17053999]] - 1541859476.6620119
DEBUG:btfxwss.queue_processor:ts: 1541859476.6620119	chan_id: 135	data: [[6450.1, 1, -0.17053999]]
DEBUG:btfxwss.connection:_stop_timers(): Timers stopped.
DEBUG:btfxwss.connection:_on_message(): Received new message [135,[6450.8,1,-0.17052149]] at 1541859476.6632462
DEBUG:btfxwss.connection:_data_handler(): Passing [135, [6450.8, 1, -0.17052149]] to client..
DEBUG:btfxwss.connection:_start_timers(): Resetting timers..
DEBUG:btfxwss.connection:_stop_timers(): Timers stopped.
DEBUG:btfxwss.queue_processor:_handle_book: book - [135, [6450.8, 1, -0.17052149]] - 1541859476.6632462
DEBUG:btfxwss.queue_processor:ts: 1541859476.6632462	chan_id: 135	data: [[6450.8, 1, -0.17052149]]
DEBUG:btfxwss.connection:_stop_timers(): Timers stopped.
DEBUG:btfxwss.connection:_on_message(): Received new message [135,[6451,2,-10.00304759]] at 1541859476.66433
DEBUG:btfxwss.connection:_data_handler(): Passing [135, [6451, 2, -10.00304759]] to client..
DEBUG:btfxwss.connection:_start_timers(): Resetting timers..
DEBUG:btfxwss.connection:_stop_timers(): Timers stopped.
DEBUG:btfxwss.queue_processor:_handle_book: book - [135, [6451, 2, -10.00304759]] - 1541859476.66433
DEBUG:btfxwss.queue_processor:ts: 1541859476.66433	chan_id: 135	data: [[6451, 2, -10.00304759]]
DEBUG:btfxwss.connection:_stop_timers(): Timers stopped.
DEBUG:btfxwss.connection:_on_message(): Received new message [135,[6451.6,1,-0.17050034]] at 1541859476.665567
DEBUG:btfxwss.connection:_data_handler(): Passing [135, [6451.6, 1, -0.17050034]] to client..
DEBUG:btfxwss.connection:_start_timers(): Resetting timers..
DEBUG:btfxwss.connection:_stop_timers(): Timers stopped.
DEBUG:btfxwss.queue_processor:_handle_book: book - [135, [6451.6, 1, -0.17050034]] - 1541859476.665567
DEBUG:btfxwss.queue_processor:ts: 1541859476.665567	chan_id: 135	data: [[6451.6, 1, -0.17050034]]
DEBUG:btfxwss.connection:_stop_timers(): Timers stopped.
DEBUG:btfxwss.connection:_on_message(): Received new message [135,[6451.8,1,-1]] at 1541859476.666705
DEBUG:btfxwss.connection:_data_handler(): Passing [135, [6451.8, 1, -1]] to client..
DEBUG:btfxwss.connection:_start_timers(): Resetting timers..
DEBUG:btfxwss.connection:_stop_timers(): Timers stopped.
DEBUG:btfxwss.queue_processor:_handle_book: book - [135, [6451.8, 1, -1]] - 1541859476.666705
DEBUG:btfxwss.queue_processor:ts: 1541859476.666705	chan_id: 135	data: [[6451.8, 1, -1]]
DEBUG:btfxwss.connection:_stop_timers(): Timers stopped.
DEBUG:btfxwss.connection:_on_message(): Received new message [135,[6452.3,1,-0.17048184]] at 1541859476.668062
DEBUG:btfxwss.connection:_data_handler(): Passing [135, [6452.3, 1, -0.17048184]] to client..
DEBUG:btfxwss.connection:_start_timers(): Resetting timers..
DEBUG:btfxwss.connection:_stop_timers(): Timers stopped.
DEBUG:btfxwss.queue_processor:_handle_book: book - [135, [6452.3, 1, -0.17048184]] - 1541859476.668062
DEBUG:btfxwss.queue_processor:ts: 1541859476.668062	chan_id: 135	data: [[6452.3, 1, -0.17048184]]
DEBUG:btfxwss.connection:_stop_timers(): Timers stopped.
DEBUG:btfxwss.connection:_on_message(): Received new message [135,[6452.5,2,-0.4]] at 1541859476.669607
DEBUG:btfxwss.connection:_data_handler(): Passing [135, [6452.5, 2, -0.4]] to client..
DEBUG:btfxwss.connection:_start_timers(): Resetting timers..
DEBUG:btfxwss.connection:_stop_timers(): Timers stopped.
DEBUG:btfxwss.queue_processor:_handle_book: book - [135, [6452.5, 2, -0.4]] - 1541859476.669607
DEBUG:btfxwss.queue_processor:ts: 1541859476.669607	chan_id: 135	data: [[6452.5, 2, -0.4]]
DEBUG:btfxwss.connection:_stop_timers(): Timers stopped.
DEBUG:btfxwss.connection:_on_message(): Received new message [135,[6453,1,-0.06993]] at 1541859476.670649
DEBUG:btfxwss.connection:_data_handler(): Passing [135, [6453, 1, -0.06993]] to client..
DEBUG:btfxwss.connection:_start_timers(): Resetting timers..
DEBUG:btfxwss.connection:_stop_timers(): Timers stopped.
DEBUG:btfxwss.queue_processor:_handle_book: book - [135, [6453, 1, -0.06993]] - 1541859476.670649
DEBUG:btfxwss.queue_processor:ts: 1541859476.670649	chan_id: 135	data: [[6453, 1, -0.06993]]
DEBUG:btfxwss.connection:_stop_timers(): Timers stopped.
DEBUG:btfxwss.connection:_on_message(): Received new message [135,[6453.1,2,-0.48810837]] at 1541859476.671993
DEBUG:btfxwss.connection:_data_handler(): Passing [135, [6453.1, 2, -0.48810837]] to client..
DEBUG:btfxwss.connection:_start_timers(): Resetting timers..
DEBUG:btfxwss.connection:_stop_timers(): Timers stopped.
DEBUG:btfxwss.queue_processor:_handle_book: book - [135, [6453.1, 2, -0.48810837]] - 1541859476.671993
DEBUG:btfxwss.queue_processor:ts: 1541859476.671993	chan_id: 135	data: [[6453.1, 2, -0.48810837]]
DEBUG:btfxwss.connection:_stop_timers(): Timers stopped.
DEBUG:btfxwss.connection:_on_message(): Received new message [2201921,[18888565361,0,1]] at 1541859476.673717
DEBUG:btfxwss.connection:_data_handler(): Passing [2201921, [18888565361, 0, 1]] to client..
DEBUG:btfxwss.connection:_start_timers(): Resetting timers..
DEBUG:btfxwss.connection:_stop_timers(): Timers stopped.
DEBUG:btfxwss.queue_processor:_handle_raw_book: raw_book - [2201921, [18888565361, 0, 1]] - 1541859476.673717
DEBUG:btfxwss.connection:_stop_timers(): Timers stopped.
DEBUG:btfxwss.connection:_on_message(): Received new message [2201921,[18888564716,0,1]] at 1541859476.674916
DEBUG:btfxwss.connection:_data_handler(): Passing [2201921, [18888564716, 0, 1]] to client..
DEBUG:btfxwss.connection:_start_timers(): Resetting timers..
DEBUG:btfxwss.connection:_stop_timers(): Timers stopped.
DEBUG:btfxwss.queue_processor:_handle_raw_book: raw_book - [2201921, [18888564716, 0, 1]] - 1541859476.674916
DEBUG:btfxwss.connection:_stop_timers(): Timers stopped.
DEBUG:btfxwss.connection:_on_message(): Received new message [2201921,[18888567235,0,-1]] at 1541859476.675903
DEBUG:btfxwss.connection:_data_handler(): Passing [2201921, [18888567235, 0, -1]] to client..
DEBUG:btfxwss.connection:_start_timers(): Resetting timers..
DEBUG:btfxwss.connection:_stop_timers(): Timers stopped.
DEBUG:btfxwss.queue_processor:_handle_raw_book: raw_book - [2201921, [18888567235, 0, -1]] - 1541859476.675903
DEBUG:btfxwss.connection:_stop_timers(): Timers stopped.
DEBUG:btfxwss.connection:_on_message(): Received new message [2201921,[18888567369,6448.7,0.62417734]] at 1541859476.67683
DEBUG:btfxwss.connection:_data_handler(): Passing [2201921, [18888567369, 6448.7, 0.62417734]] to client..
DEBUG:btfxwss.connection:_start_timers(): Resetting timers..
DEBUG:btfxwss.queue_processor:_handle_raw_book: raw_book - [2201921, [18888567369, 6448.7, 0.62417734]] - 1541859476.67683
DEBUG:btfxwss.connection:_stop_timers(): Timers stopped.
DEBUG:btfxwss.connection:_stop_timers(): Timers stopped.
DEBUG:btfxwss.connection:_on_message(): Received new message [2201921,[18888567398,6447.3,0.1]] at 1541859476.677846
DEBUG:btfxwss.connection:_data_handler(): Passing [2201921, [18888567398, 6447.3, 0.1]] to client..
DEBUG:btfxwss.connection:_start_timers(): Resetting timers..
DEBUG:btfxwss.connection:_stop_timers(): Timers stopped.
DEBUG:btfxwss.queue_processor:_handle_raw_book: raw_book - [2201921, [18888567398, 6447.3, 0.1]] - 1541859476.677846
DEBUG:btfxwss.connection:_stop_timers(): Timers stopped.
DEBUG:btfxwss.connection:_on_message(): Received new message [2201921,[18888548421,6446.5,0.17063523]] at 1541859476.678897
DEBUG:btfxwss.connection:_data_handler(): Passing [2201921, [18888548421, 6446.5, 0.17063523]] to client..
DEBUG:btfxwss.connection:_start_timers(): Resetting timers..
DEBUG:btfxwss.connection:_stop_timers(): Timers stopped.
DEBUG:btfxwss.queue_processor:_handle_raw_book: raw_book - [2201921, [18888548421, 6446.5, 0.17063523]] - 1541859476.678897
DEBUG:btfxwss.connection:_stop_timers(): Timers stopped.
DEBUG:btfxwss.connection:_on_message(): Received new message [2201921,[18888548407,6445.8,0.17065376]] at 1541859476.679889
DEBUG:btfxwss.connection:_data_handler(): Passing [2201921, [18888548407, 6445.8, 0.17065376]] to client..
DEBUG:btfxwss.connection:_start_timers(): Resetting timers..
DEBUG:btfxwss.connection:_stop_timers(): Timers stopped.
DEBUG:btfxwss.queue_processor:_handle_raw_book: raw_book - [2201921, [18888548407, 6445.8, 0.17065376]] - 1541859476.679889
DEBUG:btfxwss.connection:_stop_timers(): Timers stopped.
DEBUG:btfxwss.connection:_on_message(): Received new message [2201921,[18888548397,6445,0.17067494]] at 1541859476.681074
DEBUG:btfxwss.connection:_data_handler(): Passing [2201921, [18888548397, 6445, 0.17067494]] to client..
DEBUG:btfxwss.connection:_start_timers(): Resetting timers..
DEBUG:btfxwss.connection:_stop_timers(): Timers stopped.
DEBUG:btfxwss.queue_processor:_handle_raw_book: raw_book - [2201921, [18888548397, 6445, 0.17067494]] - 1541859476.681074
DEBUG:btfxwss.connection:_stop_timers(): Timers stopped.
DEBUG:btfxwss.connection:_on_message(): Received new message [2201921,[18888548416,6449.3,-0.17056115]] at 1541859476.682724
DEBUG:btfxwss.connection:_data_handler(): Passing [2201921, [18888548416, 6449.3, -0.17056115]] to client..
DEBUG:btfxwss.connection:_start_timers(): Resetting timers..
DEBUG:btfxwss.queue_processor:_handle_raw_book: raw_book - [2201921, [18888548416, 6449.3, -0.17056115]] - 1541859476.682724
DEBUG:btfxwss.connection:_stop_timers(): Timers stopped.
DEBUG:btfxwss.connection:_stop_timers(): Timers stopped.
DEBUG:btfxwss.connection:_on_message(): Received new message [2201921,[18888548401,6450.1,-0.17053999]] at 1541859476.683914
DEBUG:btfxwss.connection:_data_handler(): Passing [2201921, [18888548401, 6450.1, -0.17053999]] to client..
DEBUG:btfxwss.connection:_start_timers(): Resetting timers..
DEBUG:btfxwss.connection:_stop_timers(): Timers stopped.
DEBUG:btfxwss.queue_processor:_handle_raw_book: raw_book - [2201921, [18888548401, 6450.1, -0.17053999]] - 1541859476.683914
DEBUG:btfxwss.connection:_stop_timers(): Timers stopped.
DEBUG:btfxwss.connection:_on_message(): Received new message [2201921,[18888548389,6450.8,-0.17052149]] at 1541859476.685024
DEBUG:btfxwss.connection:_data_handler(): Passing [2201921, [18888548389, 6450.8, -0.17052149]] to client..
DEBUG:btfxwss.connection:_start_timers(): Resetting timers..
DEBUG:btfxwss.connection:_stop_timers(): Timers stopped.
DEBUG:btfxwss.queue_processor:_handle_raw_book: raw_book - [2201921, [18888548389, 6450.8, -0.17052149]] - 1541859476.685024
DEBUG:btfxwss.connection:_stop_timers(): Timers stopped.
DEBUG:btfxwss.connection:_on_message(): Received new message [2201921,[18888548376,6451.6,-0.17050034]] at 1541859476.686025
DEBUG:btfxwss.connection:_data_handler(): Passing [2201921, [18888548376, 6451.6, -0.17050034]] to client..
DEBUG:btfxwss.connection:_start_timers(): Resetting timers..
DEBUG:btfxwss.connection:_stop_timers(): Timers stopped.
DEBUG:btfxwss.queue_processor:_handle_raw_book: raw_book - [2201921, [18888548376, 6451.6, -0.17050034]] - 1541859476.686025
DEBUG:btfxwss.connection:_stop_timers(): Timers stopped.
DEBUG:btfxwss.connection:_on_message(): Received new message [2201921,[18888566217,6452,-6.23]] at 1541859476.687107
DEBUG:btfxwss.connection:_data_handler(): Passing [2201921, [18888566217, 6452, -6.23]] to client..
DEBUG:btfxwss.connection:_start_timers(): Resetting timers..
DEBUG:btfxwss.connection:_stop_timers(): Timers stopped.
DEBUG:btfxwss.queue_processor:_handle_raw_book: raw_book - [2201921, [18888566217, 6452, -6.23]] - 1541859476.687107
DEBUG:btfxwss.connection:_stop_timers(): Timers stopped.
DEBUG:btfxwss.connection:_on_message(): Received new message [135,[6446.5,0,1]] at 1541859477.243774
DEBUG:btfxwss.connection:_data_handler(): Passing [135, [6446.5, 0, 1]] to client..
DEBUG:btfxwss.connection:_start_timers(): Resetting timers..
DEBUG:btfxwss.connection:_stop_timers(): Timers stopped.
DEBUG:btfxwss.queue_processor:_handle_book: book - [135, [6446.5, 0, 1]] - 1541859477.243774
DEBUG:btfxwss.queue_processor:ts: 1541859477.243774	chan_id: 135	data: [[6446.5, 0, 1]]
DEBUG:btfxwss.connection:_stop_timers(): Timers stopped.
DEBUG:btfxwss.connection:_on_message(): Received new message [135,[6445.8,0,1]] at 1541859477.245739
DEBUG:btfxwss.connection:_data_handler(): Passing [135, [6445.8, 0, 1]] to client..
DEBUG:btfxwss.connection:_start_timers(): Resetting timers..
DEBUG:btfxwss.connection:_stop_timers(): Timers stopped.
DEBUG:btfxwss.queue_processor:_handle_book: book - [135, [6445.8, 0, 1]] - 1541859477.245739
DEBUG:btfxwss.queue_processor:ts: 1541859477.245739	chan_id: 135	data: [[6445.8, 0, 1]]
DEBUG:btfxwss.connection:_stop_timers(): Timers stopped.
DEBUG:btfxwss.connection:_on_message(): Received new message [135,[6445,0,1]] at 1541859477.247284
DEBUG:btfxwss.connection:_data_handler(): Passing [135, [6445, 0, 1]] to client..
DEBUG:btfxwss.connection:_start_timers(): Resetting timers..
DEBUG:btfxwss.queue_processor:_handle_book: book - [135, [6445, 0, 1]] - 1541859477.247284
DEBUG:btfxwss.connection:_stop_timers(): Timers stopped.
DEBUG:btfxwss.queue_processor:ts: 1541859477.247284	chan_id: 135	data: [[6445, 0, 1]]
DEBUG:btfxwss.connection:_stop_timers(): Timers stopped.
DEBUG:btfxwss.connection:_on_message(): Received new message [135,[6444.3,0,1]] at 1541859477.248826
DEBUG:btfxwss.connection:_data_handler(): Passing [135, [6444.3, 0, 1]] to client..
DEBUG:btfxwss.connection:_start_timers(): Resetting timers..
DEBUG:btfxwss.connection:_stop_timers(): Timers stopped.
DEBUG:btfxwss.queue_processor:_handle_book: book - [135, [6444.3, 0, 1]] - 1541859477.248826
DEBUG:btfxwss.queue_processor:ts: 1541859477.248826	chan_id: 135	data: [[6444.3, 0, 1]]
DEBUG:btfxwss.connection:_stop_timers(): Timers stopped.
DEBUG:btfxwss.connection:_on_message(): Received new message [135,[6449.3,0,-1]] at 1541859477.2502341
DEBUG:btfxwss.connection:_data_handler(): Passing [135, [6449.3, 0, -1]] to client..
DEBUG:btfxwss.connection:_start_timers(): Resetting timers..
DEBUG:btfxwss.connection:_stop_timers(): Timers stopped.
DEBUG:btfxwss.queue_processor:_handle_book: book - [135, [6449.3, 0, -1]] - 1541859477.2502341
DEBUG:btfxwss.queue_processor:ts: 1541859477.2502341	chan_id: 135	data: [[6449.3, 0, -1]]
DEBUG:btfxwss.connection:_stop_timers(): Timers stopped.
DEBUG:btfxwss.connection:_on_message(): Received new message [135,[6450.1,0,-1]] at 1541859477.2514718
DEBUG:btfxwss.connection:_data_handler(): Passing [135, [6450.1, 0, -1]] to client..
DEBUG:btfxwss.connection:_start_timers(): Resetting timers..
DEBUG:btfxwss.connection:_stop_timers(): Timers stopped.
DEBUG:btfxwss.queue_processor:_handle_book: book - [135, [6450.1, 0, -1]] - 1541859477.2514718
DEBUG:btfxwss.queue_processor:ts: 1541859477.2514718	chan_id: 135	data: [[6450.1, 0, -1]]
DEBUG:btfxwss.connection:_stop_timers(): Timers stopped.
DEBUG:btfxwss.connection:_on_message(): Received new message [135,[6450.8,0,-1]] at 1541859477.252697
DEBUG:btfxwss.connection:_data_handler(): Passing [135, [6450.8, 0, -1]] to client..
DEBUG:btfxwss.connection:_start_timers(): Resetting timers..
DEBUG:btfxwss.connection:_stop_timers(): Timers stopped.
DEBUG:btfxwss.queue_processor:_handle_book: book - [135, [6450.8, 0, -1]] - 1541859477.252697
DEBUG:btfxwss.queue_processor:ts: 1541859477.252697	chan_id: 135	data: [[6450.8, 0, -1]]
DEBUG:btfxwss.connection:_stop_timers(): Timers stopped.
DEBUG:btfxwss.connection:_on_message(): Received new message [135,[6451.6,0,-1]] at 1541859477.253941
DEBUG:btfxwss.connection:_data_handler(): Passing [135, [6451.6, 0, -1]] to client..
DEBUG:btfxwss.connection:_start_timers(): Resetting timers..
DEBUG:btfxwss.connection:_stop_timers(): Timers stopped.
DEBUG:btfxwss.queue_processor:_handle_book: book - [135, [6451.6, 0, -1]] - 1541859477.253941
DEBUG:btfxwss.queue_processor:ts: 1541859477.253941	chan_id: 135	data: [[6451.6, 0, -1]]
DEBUG:btfxwss.connection:_stop_timers(): Timers stopped.
DEBUG:btfxwss.connection:_on_message(): Received new message [135,[6452.3,0,-1]] at 1541859477.2553542
DEBUG:btfxwss.connection:_data_handler(): Passing [135, [6452.3, 0, -1]] to client..
DEBUG:btfxwss.connection:_start_timers(): Resetting timers..
DEBUG:btfxwss.connection:_stop_timers(): Timers stopped.
DEBUG:btfxwss.queue_processor:_handle_book: book - [135, [6452.3, 0, -1]] - 1541859477.2553542
DEBUG:btfxwss.queue_processor:ts: 1541859477.2553542	chan_id: 135	data: [[6452.3, 0, -1]]
DEBUG:btfxwss.connection:_stop_timers(): Timers stopped.
DEBUG:btfxwss.connection:_on_message(): Received new message [135,[6453,0,-1]] at 1541859477.25665
DEBUG:btfxwss.connection:_data_handler(): Passing [135, [6453, 0, -1]] to client..
DEBUG:btfxwss.connection:_start_timers(): Resetting timers..
DEBUG:btfxwss.queue_processor:_handle_book: book - [135, [6453, 0, -1]] - 1541859477.25665
DEBUG:btfxwss.connection:_stop_timers(): Timers stopped.
DEBUG:btfxwss.queue_processor:ts: 1541859477.25665	chan_id: 135	data: [[6453, 0, -1]]
DEBUG:btfxwss.connection:_stop_timers(): Timers stopped.
DEBUG:btfxwss.connection:_on_message(): Received new message [135,[6446.7,1,0.17062993]] at 1541859477.2579122
DEBUG:btfxwss.connection:_data_handler(): Passing [135, [6446.7, 1, 0.17062993]] to client..
DEBUG:btfxwss.connection:_start_timers(): Resetting timers..
DEBUG:btfxwss.connection:_stop_timers(): Timers stopped.
DEBUG:btfxwss.queue_processor:_handle_book: book - [135, [6446.7, 1, 0.17062993]] - 1541859477.2579122
DEBUG:btfxwss.queue_processor:ts: 1541859477.2579122	chan_id: 135	data: [[6446.7, 1, 0.17062993]]
DEBUG:btfxwss.connection:_stop_timers(): Timers stopped.
DEBUG:btfxwss.connection:_on_message(): Received new message [135,[6446,2,0.32567088]] at 1541859477.25916
DEBUG:btfxwss.connection:_data_handler(): Passing [135, [6446, 2, 0.32567088]] to client..
DEBUG:btfxwss.connection:_start_timers(): Resetting timers..
DEBUG:btfxwss.queue_processor:_handle_book: book - [135, [6446, 2, 0.32567088]] - 1541859477.25916
DEBUG:btfxwss.connection:_stop_timers(): Timers stopped.
DEBUG:btfxwss.queue_processor:ts: 1541859477.25916	chan_id: 135	data: [[6446, 2, 0.32567088]]
DEBUG:btfxwss.connection:_stop_timers(): Timers stopped.
DEBUG:btfxwss.connection:_on_message(): Received new message [135,[6445.2,4,1.30080945]] at 1541859477.260242
DEBUG:btfxwss.connection:_data_handler(): Passing [135, [6445.2, 4, 1.30080945]] to client..
DEBUG:btfxwss.connection:_start_timers(): Resetting timers..
DEBUG:btfxwss.connection:_stop_timers(): Timers stopped.
DEBUG:btfxwss.queue_processor:_handle_book: book - [135, [6445.2, 4, 1.30080945]] - 1541859477.260242
DEBUG:btfxwss.queue_processor:ts: 1541859477.260242	chan_id: 135	data: [[6445.2, 4, 1.30080945]]
DEBUG:btfxwss.connection:_stop_timers(): Timers stopped.
DEBUG:btfxwss.connection:_on_message(): Received new message [135,[6444.5,3,0.47068818]] at 1541859477.261424
DEBUG:btfxwss.connection:_data_handler(): Passing [135, [6444.5, 3, 0.47068818]] to client..
DEBUG:btfxwss.connection:_start_timers(): Resetting timers..
DEBUG:btfxwss.connection:_stop_timers(): Timers stopped.
DEBUG:btfxwss.queue_processor:_handle_book: book - [135, [6444.5, 3, 0.47068818]] - 1541859477.261424
DEBUG:btfxwss.queue_processor:ts: 1541859477.261424	chan_id: 135	data: [[6444.5, 3, 0.47068818]]
DEBUG:btfxwss.connection:_stop_timers(): Timers stopped.
DEBUG:btfxwss.connection:_on_message(): Received new message [135,[6444.4,2,0.7]] at 1541859477.26245
DEBUG:btfxwss.connection:_data_handler(): Passing [135, [6444.4, 2, 0.7]] to client..
DEBUG:btfxwss.connection:_start_timers(): Resetting timers..
DEBUG:btfxwss.connection:_stop_timers(): Timers stopped.
DEBUG:btfxwss.queue_processor:_handle_book: book - [135, [6444.4, 2, 0.7]] - 1541859477.26245
DEBUG:btfxwss.queue_processor:ts: 1541859477.26245	chan_id: 135	data: [[6444.4, 2, 0.7]]
DEBUG:btfxwss.connection:_stop_timers(): Timers stopped.
DEBUG:btfxwss.connection:_on_message(): Received new message [135,[6443.7,3,1.46434444]] at 1541859477.263495
DEBUG:btfxwss.connection:_data_handler(): Passing [135, [6443.7, 3, 1.46434444]] to client..
DEBUG:btfxwss.connection:_start_timers(): Resetting timers..
DEBUG:btfxwss.connection:_stop_timers(): Timers stopped.
DEBUG:btfxwss.queue_processor:_handle_book: book - [135, [6443.7, 3, 1.46434444]] - 1541859477.263495
DEBUG:btfxwss.queue_processor:ts: 1541859477.263495	chan_id: 135	data: [[6443.7, 3, 1.46434444]]
DEBUG:btfxwss.connection:_stop_timers(): Timers stopped.
DEBUG:btfxwss.connection:_on_message(): Received new message [135,[6443.6,1,0.6200897]] at 1541859477.264527
DEBUG:btfxwss.connection:_data_handler(): Passing [135, [6443.6, 1, 0.6200897]] to client..
DEBUG:btfxwss.connection:_start_timers(): Resetting timers..
DEBUG:btfxwss.queue_processor:_handle_book: book - [135, [6443.6, 1, 0.6200897]] - 1541859477.264527
DEBUG:btfxwss.connection:_stop_timers(): Timers stopped.
DEBUG:btfxwss.queue_processor:ts: 1541859477.264527	chan_id: 135	data: [[6443.6, 1, 0.6200897]]
DEBUG:btfxwss.connection:_stop_timers(): Timers stopped.
DEBUG:btfxwss.connection:_on_message(): Received new message [135,[6443.5,1,0.03442341]] at 1541859477.265609
DEBUG:btfxwss.connection:_data_handler(): Passing [135, [6443.5, 1, 0.03442341]] to client..
DEBUG:btfxwss.connection:_start_timers(): Resetting timers..
DEBUG:btfxwss.connection:_stop_timers(): Timers stopped.
DEBUG:btfxwss.queue_processor:_handle_book: book - [135, [6443.5, 1, 0.03442341]] - 1541859477.265609
DEBUG:btfxwss.queue_processor:ts: 1541859477.265609	chan_id: 135	data: [[6443.5, 1, 0.03442341]]
DEBUG:btfxwss.connection:_stop_timers(): Timers stopped.
DEBUG:btfxwss.connection:_on_message(): Received new message [135,[6443.3,1,4.80177695]] at 1541859477.266588
DEBUG:btfxwss.connection:_data_handler(): Passing [135, [6443.3, 1, 4.80177695]] to client..
DEBUG:btfxwss.connection:_start_timers(): Resetting timers..
DEBUG:btfxwss.connection:_stop_timers(): Timers stopped.
DEBUG:btfxwss.queue_processor:_handle_book: book - [135, [6443.3, 1, 4.80177695]] - 1541859477.266588
DEBUG:btfxwss.queue_processor:ts: 1541859477.266588	chan_id: 135	data: [[6443.3, 1, 4.80177695]]
DEBUG:btfxwss.connection:_stop_timers(): Timers stopped.
DEBUG:btfxwss.connection:_on_message(): Received new message [135,[6448.8,4,-10.85076087]] at 1541859477.2676811
DEBUG:btfxwss.connection:_data_handler(): Passing [135, [6448.8, 4, -10.85076087]] to client..
DEBUG:btfxwss.connection:_start_timers(): Resetting timers..
DEBUG:btfxwss.connection:_stop_timers(): Timers stopped.
DEBUG:btfxwss.queue_processor:_handle_book: book - [135, [6448.8, 4, -10.85076087]] - 1541859477.2676811
DEBUG:btfxwss.queue_processor:ts: 1541859477.2676811	chan_id: 135	data: [[6448.8, 4, -10.85076087]]
DEBUG:btfxwss.connection:_stop_timers(): Timers stopped.
DEBUG:btfxwss.connection:_on_message(): Received new message [135,[6448.9,1,-0.17057173]] at 1541859477.268637
DEBUG:btfxwss.connection:_data_handler(): Passing [135, [6448.9, 1, -0.17057173]] to client..
DEBUG:btfxwss.connection:_start_timers(): Resetting timers..
DEBUG:btfxwss.connection:_stop_timers(): Timers stopped.
DEBUG:btfxwss.queue_processor:_handle_book: book - [135, [6448.9, 1, -0.17057173]] - 1541859477.268637
DEBUG:btfxwss.queue_processor:ts: 1541859477.268637	chan_id: 135	data: [[6448.9, 1, -0.17057173]]
DEBUG:btfxwss.connection:_stop_timers(): Timers stopped.
DEBUG:btfxwss.connection:_on_message(): Received new message [135,[6449.4,3,-1.55535586]] at 1541859477.2695959
DEBUG:btfxwss.connection:_data_handler(): Passing [135, [6449.4, 3, -1.55535586]] to client..
DEBUG:btfxwss.connection:_start_timers(): Resetting timers..
DEBUG:btfxwss.queue_processor:_handle_book: book - [135, [6449.4, 3, -1.55535586]] - 1541859477.2695959
DEBUG:btfxwss.connection:_stop_timers(): Timers stopped.
DEBUG:btfxwss.queue_processor:ts: 1541859477.2695959	chan_id: 135	data: [[6449.4, 3, -1.55535586]]
DEBUG:btfxwss.connection:_stop_timers(): Timers stopped.
DEBUG:btfxwss.connection:_on_message(): Received new message [135,[6450.3,1,-0.1705347]] at 1541859477.2705889
DEBUG:btfxwss.connection:_data_handler(): Passing [135, [6450.3, 1, -0.1705347]] to client..
DEBUG:btfxwss.connection:_start_timers(): Resetting timers..
DEBUG:btfxwss.connection:_stop_timers(): Timers stopped.
DEBUG:btfxwss.queue_processor:_handle_book: book - [135, [6450.3, 1, -0.1705347]] - 1541859477.2705889
DEBUG:btfxwss.queue_processor:ts: 1541859477.2705889	chan_id: 135	data: [[6450.3, 1, -0.1705347]]
DEBUG:btfxwss.connection:_stop_timers(): Timers stopped.
DEBUG:btfxwss.connection:_on_message(): Received new message [135,[6450.9,2,-3.17051884]] at 1541859477.271539
DEBUG:btfxwss.connection:_data_handler(): Passing [135, [6450.9, 2, -3.17051884]] to client..
DEBUG:btfxwss.connection:_start_timers(): Resetting timers..
DEBUG:btfxwss.connection:_stop_timers(): Timers stopped.
DEBUG:btfxwss.queue_processor:_handle_book: book - [135, [6450.9, 2, -3.17051884]] - 1541859477.271539
DEBUG:btfxwss.queue_processor:ts: 1541859477.271539	chan_id: 135	data: [[6450.9, 2, -3.17051884]]
DEBUG:btfxwss.connection:_stop_timers(): Timers stopped.
DEBUG:btfxwss.connection:_on_message(): Received new message [135,[6451.9,1,-0.17049241]] at 1541859477.2724931
DEBUG:btfxwss.connection:_data_handler(): Passing [135, [6451.9, 1, -0.17049241]] to client..
DEBUG:btfxwss.connection:_start_timers(): Resetting timers..
DEBUG:btfxwss.connection:_stop_timers(): Timers stopped.
DEBUG:btfxwss.queue_processor:_handle_book: book - [135, [6451.9, 1, -0.17049241]] - 1541859477.2724931
DEBUG:btfxwss.queue_processor:ts: 1541859477.2724931	chan_id: 135	data: [[6451.9, 1, -0.17049241]]
DEBUG:btfxwss.connection:_stop_timers(): Timers stopped.
DEBUG:btfxwss.connection:_on_message(): Received new message [135,[6452.4,1,-0.1704792]] at 1541859477.2734451
DEBUG:btfxwss.connection:_data_handler(): Passing [135, [6452.4, 1, -0.1704792]] to client..
DEBUG:btfxwss.connection:_start_timers(): Resetting timers..
DEBUG:btfxwss.connection:_stop_timers(): Timers stopped.
DEBUG:btfxwss.queue_processor:_handle_book: book - [135, [6452.4, 1, -0.1704792]] - 1541859477.2734451
DEBUG:btfxwss.queue_processor:ts: 1541859477.2734451	chan_id: 135	data: [[6452.4, 1, -0.1704792]]
DEBUG:btfxwss.connection:_stop_timers(): Timers stopped.
DEBUG:btfxwss.connection:_on_message(): Received new message [135,[6453.4,1,-0.1]] at 1541859477.274395
DEBUG:btfxwss.connection:_data_handler(): Passing [135, [6453.4, 1, -0.1]] to client..
DEBUG:btfxwss.connection:_start_timers(): Resetting timers..
DEBUG:btfxwss.connection:_stop_timers(): Timers stopped.
DEBUG:btfxwss.queue_processor:_handle_book: book - [135, [6453.4, 1, -0.1]] - 1541859477.274395
DEBUG:btfxwss.queue_processor:ts: 1541859477.274395	chan_id: 135	data: [[6453.4, 1, -0.1]]
DEBUG:btfxwss.connection:_stop_timers(): Timers stopped.
DEBUG:btfxwss.connection:_on_message(): Received new message [135,[6453.7,2,-2.2]] at 1541859477.275358
DEBUG:btfxwss.connection:_data_handler(): Passing [135, [6453.7, 2, -2.2]] to client..
DEBUG:btfxwss.connection:_start_timers(): Resetting timers..
DEBUG:btfxwss.connection:_stop_timers(): Timers stopped.
DEBUG:btfxwss.queue_processor:_handle_book: book - [135, [6453.7, 2, -2.2]] - 1541859477.275358
DEBUG:btfxwss.queue_processor:ts: 1541859477.275358	chan_id: 135	data: [[6453.7, 2, -2.2]]
DEBUG:btfxwss.connection:_stop_timers(): Timers stopped.
DEBUG:btfxwss.connection:_on_message(): Received new message [2201921,[18888567295,0,1]] at 1541859477.276363
DEBUG:btfxwss.connection:_data_handler(): Passing [2201921, [18888567295, 0, 1]] to client..
DEBUG:btfxwss.connection:_start_timers(): Resetting timers..
DEBUG:btfxwss.connection:_stop_timers(): Timers stopped.
DEBUG:btfxwss.queue_processor:_handle_raw_book: raw_book - [2201921, [18888567295, 0, 1]] - 1541859477.276363
DEBUG:btfxwss.connection:_stop_timers(): Timers stopped.
DEBUG:btfxwss.connection:_on_message(): Received new message [2201921,[18888548421,6446.7,0.17062993]] at 1541859477.277271
DEBUG:btfxwss.connection:_data_handler(): Passing [2201921, [18888548421, 6446.7, 0.17062993]] to client..
DEBUG:btfxwss.connection:_start_timers(): Resetting timers..
DEBUG:btfxwss.connection:_stop_timers(): Timers stopped.
DEBUG:btfxwss.queue_processor:_handle_raw_book: raw_book - [2201921, [18888548421, 6446.7, 0.17062993]] - 1541859477.277271
DEBUG:btfxwss.connection:_stop_timers(): Timers stopped.
DEBUG:btfxwss.connection:_on_message(): Received new message [2201921,[18888548407,6446,0.17064846]] at 1541859477.278168
DEBUG:btfxwss.connection:_data_handler(): Passing [2201921, [18888548407, 6446, 0.17064846]] to client..
DEBUG:btfxwss.connection:_start_timers(): Resetting timers..
DEBUG:btfxwss.connection:_stop_timers(): Timers stopped.
DEBUG:btfxwss.queue_processor:_handle_raw_book: raw_book - [2201921, [18888548407, 6446, 0.17064846]] - 1541859477.278168
DEBUG:btfxwss.connection:_stop_timers(): Timers stopped.
DEBUG:btfxwss.connection:_on_message(): Received new message [2201921,[18888548397,6445.2,0.17066965]] at 1541859477.279103
DEBUG:btfxwss.connection:_data_handler(): Passing [2201921, [18888548397, 6445.2, 0.17066965]] to client..
DEBUG:btfxwss.connection:_start_timers(): Resetting timers..
DEBUG:btfxwss.connection:_stop_timers(): Timers stopped.
DEBUG:btfxwss.queue_processor:_handle_raw_book: raw_book - [2201921, [18888548397, 6445.2, 0.17066965]] - 1541859477.279103
DEBUG:btfxwss.connection:_stop_timers(): Timers stopped.
DEBUG:btfxwss.connection:_on_message(): Received new message [2201921,[18888567504,6445.2,0.62009495]] at 1541859477.2800472
DEBUG:btfxwss.connection:_data_handler(): Passing [2201921, [18888567504, 6445.2, 0.62009495]] to client..
DEBUG:btfxwss.connection:_start_timers(): Resetting timers..
DEBUG:btfxwss.connection:_stop_timers(): Timers stopped.
DEBUG:btfxwss.queue_processor:_handle_raw_book: raw_book - [2201921, [18888567504, 6445.2, 0.62009495]] - 1541859477.2800472
DEBUG:btfxwss.connection:_stop_timers(): Timers stopped.
DEBUG:btfxwss.connection:_on_message(): Received new message [2201921,[18888548429,6448.9,-0.17057173]] at 1541859477.280948
DEBUG:btfxwss.connection:_data_handler(): Passing [2201921, [18888548429, 6448.9, -0.17057173]] to client..
DEBUG:btfxwss.connection:_start_timers(): Resetting timers..
DEBUG:btfxwss.connection:_stop_timers(): Timers stopped.
DEBUG:btfxwss.queue_processor:_handle_raw_book: raw_book - [2201921, [18888548429, 6448.9, -0.17057173]] - 1541859477.280948
DEBUG:btfxwss.connection:_stop_timers(): Timers stopped.
DEBUG:btfxwss.connection:_on_message(): Received new message [2201921,[18888548416,6449.4,-0.1705585]] at 1541859477.2818408
DEBUG:btfxwss.connection:_data_handler(): Passing [2201921, [18888548416, 6449.4, -0.1705585]] to client..
DEBUG:btfxwss.connection:_start_timers(): Resetting timers..
DEBUG:btfxwss.connection:_stop_timers(): Timers stopped.
DEBUG:btfxwss.queue_processor:_handle_raw_book: raw_book - [2201921, [18888548416, 6449.4, -0.1705585]] - 1541859477.2818408
DEBUG:btfxwss.connection:_stop_timers(): Timers stopped.
DEBUG:btfxwss.connection:_on_message(): Received new message [2201921,[18888548401,6450.3,-0.1705347]] at 1541859477.282729
DEBUG:btfxwss.connection:_data_handler(): Passing [2201921, [18888548401, 6450.3, -0.1705347]] to client..
DEBUG:btfxwss.connection:_start_timers(): Resetting timers..
DEBUG:btfxwss.connection:_stop_timers(): Timers stopped.
DEBUG:btfxwss.queue_processor:_handle_raw_book: raw_book - [2201921, [18888548401, 6450.3, -0.1705347]] - 1541859477.282729
DEBUG:btfxwss.connection:_stop_timers(): Timers stopped.
DEBUG:btfxwss.connection:_on_message(): Received new message [2201921,[18888548389,6450.9,-0.17051884]] at 1541859477.283614
DEBUG:btfxwss.connection:_data_handler(): Passing [2201921, [18888548389, 6450.9, -0.17051884]] to client..
DEBUG:btfxwss.connection:_start_timers(): Resetting timers..
DEBUG:btfxwss.connection:_stop_timers(): Timers stopped.
DEBUG:btfxwss.queue_processor:_handle_raw_book: raw_book - [2201921, [18888548389, 6450.9, -0.17051884]] - 1541859477.283614
DEBUG:btfxwss.connection:_stop_timers(): Timers stopped.
DEBUG:btfxwss.connection:_on_message(): Received new message [2201921,[18888548376,6451.9,-0.17049241]] at 1541859477.284501
DEBUG:btfxwss.connection:_data_handler(): Passing [2201921, [18888548376, 6451.9, -0.17049241]] to client..
DEBUG:btfxwss.connection:_start_timers(): Resetting timers..
DEBUG:btfxwss.connection:_stop_timers(): Timers stopped.
DEBUG:btfxwss.queue_processor:_handle_raw_book: raw_book - [2201921, [18888548376, 6451.9, -0.17049241]] - 1541859477.284501
DEBUG:btfxwss.connection:_stop_timers(): Timers stopped.
DEBUG:btfxwss.connection:_on_message(): Received new message [135,[6443.5,0,1]] at 1541859477.339257
DEBUG:btfxwss.connection:_data_handler(): Passing [135, [6443.5, 0, 1]] to client..
DEBUG:btfxwss.connection:_start_timers(): Resetting timers..
DEBUG:btfxwss.connection:_stop_timers(): Timers stopped.
DEBUG:btfxwss.queue_processor:_handle_book: book - [135, [6443.5, 0, 1]] - 1541859477.339257
DEBUG:btfxwss.queue_processor:ts: 1541859477.339257	chan_id: 135	data: [[6443.5, 0, 1]]
DEBUG:btfxwss.connection:_stop_timers(): Timers stopped.
DEBUG:btfxwss.connection:_on_message(): Received new message [135,[6443.3,0,1]] at 1541859477.3411388
DEBUG:btfxwss.connection:_data_handler(): Passing [135, [6443.3, 0, 1]] to client..
DEBUG:btfxwss.connection:_start_timers(): Resetting timers..
DEBUG:btfxwss.connection:_stop_timers(): Timers stopped.
DEBUG:btfxwss.queue_processor:_handle_book: book - [135, [6443.3, 0, 1]] - 1541859477.3411388
DEBUG:btfxwss.queue_processor:ts: 1541859477.3411388	chan_id: 135	data: [[6443.3, 0, 1]]
DEBUG:btfxwss.connection:_stop_timers(): Timers stopped.
DEBUG:btfxwss.connection:_on_message(): Received new message [135,[6451.8,0,-1]] at 1541859477.3433962
DEBUG:btfxwss.connection:disconnect(): Disconnecting from API..
DEBUG:btfxwss.connection:_data_handler(): Passing [135, [6451.8, 0, -1]] to client..
DEBUG:btfxwss.connection:_start_timers(): Resetting timers..
DEBUG:btfxwss.queue_processor:_handle_book: book - [135, [6451.8, 0, -1]] - 1541859477.3433962
DEBUG:websocket:send: b'\x88\x82\x04\xdd\xf4\xeb\x075'
DEBUG:btfxwss.connection:_stop_timers(): Timers stopped.
DEBUG:btfxwss.queue_processor:ts: 1541859477.3433962	chan_id: 135	data: [[6451.8, 0, -1]]
DEBUG:btfxwss.connection:_stop_timers(): Timers stopped.
INFO:btfxwss.connection:Connection opened
INFO:btfxwss.connection:Initialized Client on API Version 2
DEBUG:btfxwss.client:_subscribe: {'event': 'subscribe', 'channel': 'ticker', 'symbol': 'BTCUSD'}
DEBUG:btfxwss.client:_subscribe: {'event': 'subscribe', 'channel': 'book', 'symbol': 'BTCUSD'}
INFO:btfxwss.queue_processor:Subscription succesful for channel ('ticker', 'BTCUSD')
INFO:btfxwss.queue_processor:Subscription succesful for channel ('book', 'BTCUSD')
INFO:btfxwss.connection:Connection opened
INFO:btfxwss.connection:Initialized Client on API Version 2
DEBUG:btfxwss.client:_subscribe: {'event': 'subscribe', 'channel': 'ticker', 'symbol': 'BTCUSD'}
INFO:btfxwss.connection:Connection opened
INFO:btfxwss.connection:Initialized Client on API Version 2
DEBUG:btfxwss.client:_subscribe: {'event': 'subscribe', 'channel': 'ticker', 'symbol': 'BTCUSD'}
INFO:btfxwss.queue_processor:Subscription succesful for channel ('ticker', 'BTCUSD')
INFO:btfxwss.connection:Connection opened
INFO:btfxwss.connection:Initialized Client on API Version 2
DEBUG:btfxwss.client:_subscribe: {'event': 'subscribe', 'channel': 'ticker', 'symbol': 'BTCUSD'}
INFO:btfxwss.queue_processor:Subscription succesful for channel ('ticker', 'BTCUSD')
INFO:btfxwss.connection:Connection closed
INFO:btfxwss.connection:Connection opened
INFO:btfxwss.connection:Initialized Client on API Version 2
DEBUG:btfxwss.client:_subscribe: {'event': 'subscribe', 'channel': 'ticker', 'symbol': 'BTCUSD'}
INFO:btfxwss.connection:Connection closed
INFO:btfxwss.connection:Connection opened
INFO:btfxwss.connection:Initialized Client on API Version 2
DEBUG:btfxwss.client:_subscribe: {'event': 'subscribe', 'channel': 'ticker', 'symbol': 'BTCUSD'}
INFO:btfxwss.queue_processor:Subscription succesful for channel ('ticker', 'BTCUSD')
INFO:btfxwss.connection:Attempting to connect again in 10 seconds.
INFO:btfxwss.connection:Connection opened
INFO:btfxwss.connection:_on_open(): Connection reconnected, re-subscribing..
INFO:btfxwss.connection:Initialized Client on API Version 2
INFO:btfxwss.queue_processor:Subscription succesful for channel ('ticker', 'BTCUSD')
INFO:btfxwss.connection:Connection closed
INFO:btfxwss.connection:Connection opened
INFO:btfxwss.connection:Initialized Client on API Version 2
DEBUG:btfxwss.client:_subscribe: {'event': 'subscribe', 'channel': 'ticker', 'symbol': 'BTCUSD'}
INFO:btfxwss.queue_processor:Subscription succesful for channel ('ticker', 'BTCUSD')
INFO:btfxwss.connection:Connection closed
INFO:btfxwss.connection:Connection opened
INFO:btfxwss.connection:Initialized Client on API Version 2
DEBUG:btfxwss.client:_subscribe: {'event': 'subscribe', 'channel': 'ticker', 'symbol': 'BTCUSD'}
INFO:btfxwss.queue_processor:Subscription succesful for channel ('ticker', 'BTCUSD')
INFO:btfxwss.connection:Attempting to connect again in 10 seconds.
INFO:btfxwss.connection:Connection opened
INFO:btfxwss.connection:_on_open(): Connection reconnected, re-subscribing..
INFO:btfxwss.connection:Initialized Client on API Version 2
INFO:btfxwss.queue_processor:Subscription succesful for channel ('ticker', 'BTCUSD')
INFO:btfxwss.connection:Connection closed
INFO:btfxwss.connection:Connection opened
INFO:btfxwss.connection:Initialized Client on API Version 2
DEBUG:btfxwss.client:_subscribe: {'event': 'subscribe', 'channel': 'ticker', 'symbol': 'BTCUSD'}
INFO:btfxwss.queue_processor:Subscription succesful for channel ('ticker', 'BTCUSD')
INFO:btfxwss.connection:Connection opened
INFO:btfxwss.connection:Initialized Client on API Version 2
DEBUG:btfxwss.client:_subscribe: {'event': 'subscribe', 'channel': 'ticker', 'symbol': 'BTCUSD'}
INFO:btfxwss.queue_processor:Subscription succesful for channel ('ticker', 'BTCUSD')
INFO:btfxwss.connection:Connection closed
INFO:btfxwss.connection:Attempting to connect again in 10 seconds.
INFO:btfxwss.connection:Connection opened
INFO:btfxwss.connection:_on_open(): Connection reconnected, re-subscribing..
INFO:btfxwss.connection:Initialized Client on API Version 2
INFO:btfxwss.queue_processor:Subscription succesful for channel ('ticker', 'BTCUSD')
INFO:btfxwss.connection:Attempting to connect again in 10 seconds.
INFO:btfxwss.connection:Connection opened
INFO:btfxwss.connection:_on_open(): Connection reconnected, re-subscribing..
INFO:btfxwss.connection:Initialized Client on API Version 2
INFO:btfxwss.queue_processor:Subscription succesful for channel ('ticker', 'BTCUSD')
INFO:btfxwss.connection:Attempting to connect again in 10 seconds.
INFO:btfxwss.connection:Connection opened
INFO:btfxwss.connection:_on_open(): Connection reconnected, re-subscribing..
INFO:btfxwss.connection:Initialized Client on API Version 2
INFO:btfxwss.queue_processor:Subscription succesful for channel ('ticker', 'BTCUSD')
INFO:btfxwss.connection:Attempting to connect again in 10 seconds.
INFO:btfxwss.connection:Connection opened
INFO:btfxwss.connection:_on_open(): Connection reconnected, re-subscribing..
INFO:btfxwss.connection:Initialized Client on API Version 2
INFO:btfxwss.queue_processor:Subscription succesful for channel ('ticker', 'BTCUSD')
INFO:btfxwss.connection:Connection opened
INFO:btfxwss.connection:Initialized Client on API Version 2
DEBUG:btfxwss.client:_subscribe: {'event': 'subscribe', 'channel': 'ticker', 'symbol': 'BTCUSD'}
INFO:btfxwss.queue_processor:Subscription succesful for channel ('ticker', 'BTCUSD')
INFO:btfxwss.connection:Attempting to connect again in 10 seconds.
INFO:btfxwss.connection:Connection opened
INFO:btfxwss.connection:Initialized Client on API Version 2
DEBUG:btfxwss.client:_subscribe: {'event': 'subscribe', 'channel': 'ticker', 'symbol': 'BTCUSD'}
INFO:btfxwss.queue_processor:Subscription succesful for channel ('ticker', 'BTCUSD')
INFO:btfxwss.connection:Attempting to connect again in 10 seconds.
INFO:btfxwss.connection:Connection opened
INFO:btfxwss.connection:_on_open(): Connection reconnected, re-subscribing..
INFO:btfxwss.connection:Initialized Client on API Version 2
INFO:btfxwss.queue_processor:Subscription succesful for channel ('ticker', 'BTCUSD')
INFO:btfxwss.connection:Connection closed
INFO:btfxwss.connection:Attempting to connect again in 10 seconds.
INFO:btfxwss.connection:Connection opened
INFO:btfxwss.connection:_on_open(): Connection reconnected, re-subscribing..
INFO:btfxwss.connection:Initialized Client on API Version 2
INFO:btfxwss.queue_processor:Subscription succesful for channel ('ticker', 'BTCUSD')
INFO:btfxwss.connection:Connection opened
INFO:btfxwss.connection:Initialized Client on API Version 2
DEBUG:btfxwss.client:_subscribe: {'event': 'subscribe', 'channel': 'ticker', 'symbol': 'BTCUSD'}
INFO:btfxwss.queue_processor:Subscription succesful for channel ('ticker', 'BTCUSD')
INFO:btfxwss.connection:Attempting to connect again in 10 seconds.
INFO:btfxwss.connection:Connection opened
INFO:btfxwss.connection:_on_open(): Connection reconnected, re-subscribing..
INFO:btfxwss.connection:Initialized Client on API Version 2
INFO:btfxwss.queue_processor:Subscription succesful for channel ('ticker', 'BTCUSD')
INFO:btfxwss.connection:Attempting to connect again in 10 seconds.
INFO:btfxwss.connection:Connection opened
INFO:btfxwss.connection:_on_open(): Connection reconnected, re-subscribing..
INFO:btfxwss.connection:Initialized Client on API Version 2
INFO:btfxwss.queue_processor:Subscription succesful for channel ('ticker', 'BTCUSD')
INFO:btfxwss.connection:Connection closed
INFO:btfxwss.connection:Attempting to connect again in 10 seconds.
INFO:btfxwss.connection:Connection opened
INFO:btfxwss.connection:_on_open(): Connection reconnected, re-subscribing..
INFO:btfxwss.connection:Initialized Client on API Version 2
INFO:btfxwss.queue_processor:Subscription succesful for channel ('ticker', 'BTCUSD')
INFO:btfxwss.connection:Connection opened
INFO:btfxwss.connection:Initialized Client on API Version 2
DEBUG:btfxwss.client:_subscribe: {'event': 'subscribe', 'channel': 'ticker', 'symbol': 'BTCUSD'}
INFO:btfxwss.queue_processor:Subscription succesful for channel ('ticker', 'BTCUSD')
INFO:btfxwss.connection:Attempting to connect again in 10 seconds.
INFO:btfxwss.connection:Connection opened
INFO:btfxwss.connection:_on_open(): Connection reconnected, re-subscribing..
INFO:btfxwss.connection:Initialized Client on API Version 2
INFO:btfxwss.queue_processor:Subscription succesful for channel ('ticker', 'BTCUSD')
INFO:btfxwss.connection:Attempting to connect again in 10 seconds.
INFO:btfxwss.connection:Connection opened
INFO:btfxwss.connection:_on_open(): Connection reconnected, re-subscribing..
INFO:btfxwss.connection:Initialized Client on API Version 2
INFO:btfxwss.queue_processor:Subscription succesful for channel ('ticker', 'BTCUSD')
INFO:btfxwss.connection:Attempting to connect again in 10 seconds.
INFO:btfxwss.connection:Connection opened
INFO:btfxwss.connection:_on_open(): Connection reconnected, re-subscribing..
INFO:btfxwss.connection:Initialized Client on API Version 2
INFO:btfxwss.queue_processor:Subscription succesful for channel ('ticker', 'BTCUSD')
INFO:btfxwss.connection:Connection closed
INFO:btfxwss.connection:Attempting to connect again in 10 seconds.
INFO:btfxwss.connection:Connection opened
INFO:btfxwss.connection:_on_open(): Connection reconnected, re-subscribing..
INFO:btfxwss.connection:Initialized Client on API Version 2
INFO:btfxwss.queue_processor:Subscription succesful for channel ('ticker', 'BTCUSD')
INFO:btfxwss.connection:Attempting to connect again in 10 seconds.
INFO:btfxwss.connection:Connection opened
INFO:btfxwss.connection:_on_open(): Connection reconnected, re-subscribing..
INFO:btfxwss.connection:Initialized Client on API Version 2
INFO:btfxwss.queue_processor:Subscription succesful for channel ('ticker', 'BTCUSD')
INFO:btfxwss.connection:Connection closed
INFO:btfxwss.connection:Attempting to connect again in 10 seconds.
INFO:btfxwss.connection:Connection opened
INFO:btfxwss.connection:_on_open(): Connection reconnected, re-subscribing..
INFO:btfxwss.connection:Initialized Client on API Version 2
INFO:btfxwss.queue_processor:Subscription succesful for channel ('ticker', 'BTCUSD')
INFO:btfxwss.connection:Attempting to connect again in 10 seconds.
INFO:btfxwss.connection:Connection opened
INFO:btfxwss.connection:_on_open(): Connection reconnected, re-subscribing..
INFO:btfxwss.connection:Initialized Client on API Version 2
INFO:btfxwss.queue_processor:Subscription succesful for channel ('ticker', 'BTCUSD')
INFO:btfxwss.connection:Connection closed
INFO:btfxwss.connection:Attempting to connect again in 10 seconds.
INFO:btfxwss.connection:Connection opened
INFO:btfxwss.connection:_on_open(): Connection reconnected, re-subscribing..
INFO:btfxwss.connection:Initialized Client on API Version 2
INFO:btfxwss.queue_processor:Subscription succesful for channel ('ticker', 'BTCUSD')
INFO:btfxwss.connection:Attempting to connect again in 10 seconds.
INFO:btfxwss.connection:Connection opened
INFO:btfxwss.connection:_on_open(): Connection reconnected, re-subscribing..
INFO:btfxwss.connection:Initialized Client on API Version 2
INFO:btfxwss.queue_processor:Subscription succesful for channel ('ticker', 'BTCUSD')
INFO:btfxwss.connection:Attempting to connect again in 10 seconds.
INFO:btfxwss.connection:Connection opened
INFO:btfxwss.connection:_on_open(): Connection reconnected, re-subscribing..
INFO:btfxwss.connection:Initialized Client on API Version 2
INFO:btfxwss.queue_processor:Subscription succesful for channel ('ticker', 'BTCUSD')
INFO:btfxwss.connection:Attempting to connect again in 10 seconds.
INFO:btfxwss.connection:Connection opened
INFO:btfxwss.connection:_on_open(): Connection reconnected, re-subscribing..
INFO:btfxwss.connection:Initialized Client on API Version 2
INFO:btfxwss.queue_processor:Subscription succesful for channel ('ticker', 'BTCUSD')
INFO:btfxwss.connection:Attempting to connect again in 10 seconds.
INFO:btfxwss.connection:Connection opened
INFO:btfxwss.connection:_on_open(): Connection reconnected, re-subscribing..
INFO:btfxwss.connection:Initialized Client on API Version 2
INFO:btfxwss.queue_processor:Subscription succesful for channel ('ticker', 'BTCUSD')
INFO:btfxwss.connection:Attempting to connect again in 10 seconds.
INFO:btfxwss.connection:Connection opened
INFO:btfxwss.connection:_on_open(): Connection reconnected, re-subscribing..
INFO:btfxwss.connection:Initialized Client on API Version 2
INFO:btfxwss.queue_processor:Subscription succesful for channel ('ticker', 'BTCUSD')
INFO:btfxwss.connection:Attempting to connect again in 10 seconds.
INFO:btfxwss.connection:Connection opened
INFO:btfxwss.connection:_on_open(): Connection reconnected, re-subscribing..
INFO:btfxwss.connection:Initialized Client on API Version 2
INFO:btfxwss.queue_processor:Subscription succesful for channel ('ticker', 'BTCUSD')
INFO:btfxwss.connection:Connection opened
INFO:btfxwss.connection:Initialized Client on API Version 2
DEBUG:btfxwss.client:_subscribe: {'event': 'subscribe', 'channel': 'ticker', 'symbol': 'BTCUSD'}
INFO:btfxwss.queue_processor:Subscription succesful for channel ('ticker', 'BTCUSD')
INFO:btfxwss.connection:Attempting to connect again in 10 seconds.
INFO:btfxwss.connection:Connection opened
INFO:btfxwss.connection:_on_open(): Connection reconnected, re-subscribing..
INFO:btfxwss.connection:Initialized Client on API Version 2
INFO:btfxwss.queue_processor:Subscription succesful for channel ('ticker', 'BTCUSD')
INFO:btfxwss.connection:Attempting to connect again in 10 seconds.
INFO:btfxwss.connection:Connection opened
INFO:btfxwss.connection:_on_open(): Connection reconnected, re-subscribing..
INFO:btfxwss.connection:Initialized Client on API Version 2
INFO:btfxwss.queue_processor:Subscription succesful for channel ('ticker', 'BTCUSD')
INFO:btfxwss.connection:Attempting to connect again in 10 seconds.
INFO:btfxwss.connection:Connection opened
INFO:btfxwss.connection:_on_open(): Connection reconnected, re-subscribing..
INFO:btfxwss.connection:Initialized Client on API Version 2
INFO:btfxwss.queue_processor:Subscription succesful for channel ('ticker', 'BTCUSD')
INFO:btfxwss.connection:Attempting to connect again in 10 seconds.
INFO:btfxwss.connection:Connection opened
INFO:btfxwss.connection:_on_open(): Connection reconnected, re-subscribing..
INFO:btfxwss.connection:Initialized Client on API Version 2
INFO:btfxwss.queue_processor:Subscription succesful for channel ('ticker', 'BTCUSD')
INFO:btfxwss.connection:Attempting to connect again in 10 seconds.
INFO:btfxwss.connection:Connection opened
INFO:btfxwss.connection:_on_open(): Connection reconnected, re-subscribing..
INFO:btfxwss.connection:Initialized Client on API Version 2
INFO:btfxwss.queue_processor:Subscription succesful for channel ('ticker', 'BTCUSD')
INFO:btfxwss.connection:Attempting to connect again in 10 seconds.
INFO:btfxwss.connection:Connection opened
INFO:btfxwss.connection:_on_open(): Connection reconnected, re-subscribing..
INFO:btfxwss.connection:Initialized Client on API Version 2
INFO:btfxwss.queue_processor:Subscription succesful for channel ('ticker', 'BTCUSD')
INFO:btfxwss.connection:Attempting to connect again in 10 seconds.
INFO:btfxwss.connection:Connection opened
INFO:btfxwss.connection:_on_open(): Connection reconnected, re-subscribing..
INFO:btfxwss.connection:Initialized Client on API Version 2
INFO:btfxwss.queue_processor:Subscription succesful for channel ('ticker', 'BTCUSD')
INFO:btfxwss.connection:Attempting to connect again in 10 seconds.
INFO:btfxwss.connection:Connection opened
INFO:btfxwss.connection:_on_open(): Connection reconnected, re-subscribing..
INFO:btfxwss.connection:Initialized Client on API Version 2
INFO:btfxwss.queue_processor:Subscription succesful for channel ('ticker', 'BTCUSD')
INFO:btfxwss.connection:Connection closed
INFO:btfxwss.connection:Attempting to connect again in 10 seconds.
INFO:btfxwss.connection:Connection opened
INFO:btfxwss.connection:_on_open(): Connection reconnected, re-subscribing..
INFO:btfxwss.connection:Initialized Client on API Version 2
INFO:btfxwss.queue_processor:Subscription succesful for channel ('ticker', 'BTCUSD')
INFO:btfxwss.connection:Attempting to connect again in 10 seconds.
INFO:btfxwss.connection:Connection opened
INFO:btfxwss.connection:_on_open(): Connection reconnected, re-subscribing..
INFO:btfxwss.connection:Initialized Client on API Version 2
INFO:btfxwss.queue_processor:Subscription succesful for channel ('ticker', 'BTCUSD')
INFO:btfxwss.connection:Connection closed
INFO:btfxwss.connection:Attempting to connect again in 10 seconds.
INFO:btfxwss.connection:Connection opened
INFO:btfxwss.connection:_on_open(): Connection reconnected, re-subscribing..
INFO:btfxwss.connection:Initialized Client on API Version 2
INFO:btfxwss.queue_processor:Subscription succesful for channel ('ticker', 'BTCUSD')
INFO:btfxwss.connection:Connection closed
INFO:btfxwss.connection:Attempting to connect again in 10 seconds.
INFO:btfxwss.connection:Connection opened
INFO:btfxwss.connection:_on_open(): Connection reconnected, re-subscribing..
INFO:btfxwss.connection:Initialized Client on API Version 2
INFO:btfxwss.queue_processor:Subscription succesful for channel ('ticker', 'BTCUSD')
INFO:btfxwss.connection:Attempting to connect again in 10 seconds.
INFO:btfxwss.connection:Connection opened
INFO:btfxwss.connection:_on_open(): Connection reconnected, re-subscribing..
INFO:btfxwss.connection:Initialized Client on API Version 2
INFO:btfxwss.queue_processor:Subscription succesful for channel ('ticker', 'BTCUSD')
INFO:btfxwss.connection:Attempting to connect again in 10 seconds.
INFO:btfxwss.connection:Connection opened
INFO:btfxwss.connection:_on_open(): Connection reconnected, re-subscribing..
INFO:btfxwss.connection:Initialized Client on API Version 2
INFO:btfxwss.queue_processor:Subscription succesful for channel ('ticker', 'BTCUSD')
INFO:btfxwss.connection:Attempting to connect again in 10 seconds.
INFO:btfxwss.connection:Connection opened
INFO:btfxwss.connection:_on_open(): Connection reconnected, re-subscribing..
INFO:btfxwss.connection:Initialized Client on API Version 2
INFO:btfxwss.queue_processor:Subscription succesful for channel ('ticker', 'BTCUSD')
INFO:btfxwss.connection:Attempting to connect again in 10 seconds.
INFO:btfxwss.connection:Connection opened
INFO:btfxwss.connection:_on_open(): Connection reconnected, re-subscribing..
INFO:btfxwss.connection:Initialized Client on API Version 2
INFO:btfxwss.queue_processor:Subscription succesful for channel ('ticker', 'BTCUSD')
INFO:btfxwss.connection:Attempting to connect again in 10 seconds.
INFO:btfxwss.connection:Connection opened
INFO:btfxwss.connection:_on_open(): Connection reconnected, re-subscribing..
INFO:btfxwss.connection:Initialized Client on API Version 2
INFO:btfxwss.queue_processor:Subscription succesful for channel ('ticker', 'BTCUSD')
INFO:btfxwss.connection:Connection closed
INFO:btfxwss.connection:Attempting to connect again in 10 seconds.
INFO:btfxwss.connection:Connection opened
INFO:btfxwss.connection:_on_open(): Connection reconnected, re-subscribing..
INFO:btfxwss.connection:Initialized Client on API Version 2
INFO:btfxwss.queue_processor:Subscription succesful for channel ('ticker', 'BTCUSD')
INFO:btfxwss.connection:Attempting to connect again in 10 seconds.
INFO:btfxwss.connection:Connection opened
INFO:btfxwss.connection:_on_open(): Connection reconnected, re-subscribing..
INFO:btfxwss.connection:Initialized Client on API Version 2
INFO:btfxwss.queue_processor:Subscription succesful for channel ('ticker', 'BTCUSD')
INFO:btfxwss.connection:Attempting to connect again in 10 seconds.
INFO:btfxwss.connection:Connection opened
INFO:btfxwss.connection:_on_open(): Connection reconnected, re-subscribing..
INFO:btfxwss.connection:Initialized Client on API Version 2
INFO:btfxwss.queue_processor:Subscription succesful for channel ('ticker', 'BTCUSD')
INFO:btfxwss.connection:Attempting to connect again in 10 seconds.
INFO:btfxwss.connection:Connection opened
INFO:btfxwss.connection:_on_open(): Connection reconnected, re-subscribing..
INFO:btfxwss.connection:Initialized Client on API Version 2
INFO:btfxwss.queue_processor:Subscription succesful for channel ('ticker', 'BTCUSD')
INFO:btfxwss.connection:Attempting to connect again in 10 seconds.
INFO:btfxwss.connection:Connection opened
INFO:btfxwss.connection:_on_open(): Connection reconnected, re-subscribing..
INFO:btfxwss.connection:Initialized Client on API Version 2
INFO:btfxwss.queue_processor:Subscription succesful for channel ('ticker', 'BTCUSD')
INFO:btfxwss.connection:Connection closed
INFO:btfxwss.connection:Attempting to connect again in 10 seconds.
INFO:btfxwss.connection:Connection opened
INFO:btfxwss.connection:_on_open(): Connection reconnected, re-subscribing..
INFO:btfxwss.connection:Initialized Client on API Version 2
INFO:btfxwss.queue_processor:Subscription succesful for channel ('ticker', 'BTCUSD')
INFO:btfxwss.connection:Attempting to connect again in 10 seconds.
INFO:btfxwss.connection:Connection opened
INFO:btfxwss.connection:_on_open(): Connection reconnected, re-subscribing..
INFO:btfxwss.connection:Initialized Client on API Version 2
INFO:btfxwss.queue_processor:Subscription succesful for channel ('ticker', 'BTCUSD')
INFO:btfxwss.connection:Attempting to connect again in 10 seconds.
INFO:btfxwss.connection:Connection opened
INFO:btfxwss.connection:_on_open(): Connection reconnected, re-subscribing..
INFO:btfxwss.connection:Initialized Client on API Version 2
INFO:btfxwss.queue_processor:Subscription succesful for channel ('ticker', 'BTCUSD')
INFO:btfxwss.connection:Attempting to connect again in 10 seconds.
INFO:btfxwss.connection:Connection opened
INFO:btfxwss.connection:_on_open(): Connection reconnected, re-subscribing..
INFO:btfxwss.connection:Initialized Client on API Version 2
INFO:btfxwss.queue_processor:Subscription succesful for channel ('ticker', 'BTCUSD')
INFO:btfxwss.connection:Attempting to connect again in 10 seconds.
INFO:btfxwss.connection:Connection opened
INFO:btfxwss.connection:_on_open(): Connection reconnected, re-subscribing..
INFO:btfxwss.connection:Initialized Client on API Version 2
INFO:btfxwss.queue_processor:Subscription succesful for channel ('ticker', 'BTCUSD')
INFO:btfxwss.connection:Attempting to connect again in 10 seconds.
INFO:btfxwss.connection:Connection opened
INFO:btfxwss.connection:_on_open(): Connection reconnected, re-subscribing..
INFO:btfxwss.connection:Initialized Client on API Version 2
INFO:btfxwss.queue_processor:Subscription succesful for channel ('ticker', 'BTCUSD')
INFO:btfxwss.connection:Attempting to connect again in 10 seconds.
INFO:btfxwss.connection:Connection opened
INFO:btfxwss.connection:_on_open(): Connection reconnected, re-subscribing..
INFO:btfxwss.connection:Initialized Client on API Version 2
INFO:btfxwss.queue_processor:Subscription succesful for channel ('ticker', 'BTCUSD')
INFO:btfxwss.connection:Attempting to connect again in 10 seconds.
INFO:btfxwss.connection:Connection opened
INFO:btfxwss.connection:_on_open(): Connection reconnected, re-subscribing..
INFO:btfxwss.connection:Initialized Client on API Version 2
INFO:btfxwss.queue_processor:Subscription succesful for channel ('ticker', 'BTCUSD')
INFO:btfxwss.connection:Connection opened
INFO:btfxwss.connection:Initialized Client on API Version 2
DEBUG:btfxwss.client:_subscribe: {'event': 'subscribe', 'channel': 'ticker', 'symbol': 'BTCUSD'}
INFO:btfxwss.queue_processor:Subscription succesful for channel ('ticker', 'BTCUSD')
INFO:btfxwss.connection:Connection closed
INFO:btfxwss.connection:Connection opened
INFO:btfxwss.connection:Initialized Client on API Version 2
DEBUG:btfxwss.client:_subscribe: {'event': 'subscribe', 'channel': 'ticker', 'symbol': 'BTCUSD'}
INFO:btfxwss.connection:Connection opened
INFO:btfxwss.connection:Initialized Client on API Version 2
DEBUG:btfxwss.client:_subscribe: {'event': 'subscribe', 'channel': 'ticker', 'symbol': 'BTCUSD'}
INFO:btfxwss.queue_processor:Subscription succesful for channel ('ticker', 'BTCUSD')
INFO:btfxwss.connection:Connection closed
INFO:btfxwss.connection:Connection opened
INFO:btfxwss.connection:Initialized Client on API Version 2
DEBUG:btfxwss.client:_subscribe: {'event': 'subscribe', 'channel': 'ticker', 'symbol': 'BTCUSD'}
INFO:btfxwss.queue_processor:Subscription succesful for channel ('ticker', 'BTCUSD')
INFO:btfxwss.connection:Connection closed
INFO:btfxwss.connection:Connection opened
INFO:btfxwss.connection:Initialized Client on API Version 2
DEBUG:btfxwss.client:_subscribe: {'event': 'subscribe', 'channel': 'ticker', 'symbol': 'BTCUSD'}
INFO:btfxwss.queue_processor:Subscription succesful for channel ('ticker', 'BTCUSD')
INFO:btfxwss.connection:Connection opened
INFO:btfxwss.connection:Initialized Client on API Version 2
DEBUG:btfxwss.client:_subscribe: {'event': 'subscribe', 'channel': 'ticker', 'symbol': 'BTCUSD'}
INFO:btfxwss.queue_processor:Subscription succesful for channel ('ticker', 'BTCUSD')
INFO:btfxwss.connection:Connection closed
INFO:btfxwss.connection:Connection opened
INFO:btfxwss.connection:Initialized Client on API Version 2
DEBUG:btfxwss.client:_subscribe: {'event': 'subscribe', 'channel': 'ticker', 'symbol': 'BTCUSD'}
INFO:btfxwss.queue_processor:Subscription succesful for channel ('ticker', 'BTCUSD')
INFO:btfxwss.connection:Connection closed
INFO:btfxwss.connection:Connection opened
INFO:btfxwss.connection:Initialized Client on API Version 2
DEBUG:btfxwss.client:_subscribe: {'event': 'subscribe', 'channel': 'ticker', 'symbol': 'BTCUSD'}
INFO:btfxwss.queue_processor:Subscription succesful for channel ('ticker', 'BTCUSD')
INFO:btfxwss.connection:Connection closed
INFO:btfxwss.connection:Connection opened
INFO:btfxwss.connection:Initialized Client on API Version 2
DEBUG:btfxwss.client:_subscribe: {'event': 'subscribe', 'channel': 'ticker', 'symbol': 'BTCUSD'}
INFO:btfxwss.queue_processor:Subscription succesful for channel ('ticker', 'BTCUSD')
INFO:btfxwss.connection:Connection closed
INFO:btfxwss.connection:Connection opened
INFO:btfxwss.connection:Initialized Client on API Version 2
DEBUG:btfxwss.client:_subscribe: {'event': 'subscribe', 'channel': 'ticker', 'symbol': 'BTCUSD'}
INFO:btfxwss.queue_processor:Subscription succesful for channel ('ticker', 'BTCUSD')
INFO:btfxwss.connection:Connection opened
INFO:btfxwss.connection:Initialized Client on API Version 2
DEBUG:btfxwss.client:_subscribe: {'event': 'subscribe', 'channel': 'ticker', 'symbol': 'BTCUSD'}
INFO:btfxwss.queue_processor:Subscription succesful for channel ('ticker', 'BTCUSD')
INFO:btfxwss.connection:Connection closed
INFO:btfxwss.connection:Connection opened
INFO:btfxwss.connection:Initialized Client on API Version 2
DEBUG:btfxwss.client:_subscribe: {'event': 'subscribe', 'channel': 'ticker', 'symbol': 'BTCUSD'}
INFO:btfxwss.queue_processor:Subscription succesful for channel ('ticker', 'BTCUSD')
INFO:btfxwss.connection:Connection closed
INFO:btfxwss.connection:Connection opened
INFO:btfxwss.connection:Initialized Client on API Version 2
DEBUG:btfxwss.client:_subscribe: {'event': 'subscribe', 'channel': 'ticker', 'symbol': 'BTCUSD'}
INFO:btfxwss.queue_processor:Subscription succesful for channel ('ticker', 'BTCUSD')
INFO:btfxwss.connection:Connection opened
INFO:btfxwss.connection:Initialized Client on API Version 2
DEBUG:btfxwss.client:_subscribe: {'event': 'subscribe', 'channel': 'ticker', 'symbol': 'BTCUSD'}
INFO:btfxwss.queue_processor:Subscription succesful for channel ('ticker', 'BTCUSD')
INFO:btfxwss.connection:Connection opened
INFO:btfxwss.connection:Initialized Client on API Version 2
DEBUG:btfxwss.client:_subscribe: {'event': 'subscribe', 'channel': 'ticker', 'symbol': 'BTCUSD'}
INFO:btfxwss.queue_processor:Subscription succesful for channel ('ticker', 'BTCUSD')
INFO:btfxwss.connection:Connection closed
INFO:btfxwss.connection:Connection opened
INFO:btfxwss.connection:Initialized Client on API Version 2
DEBUG:btfxwss.client:_subscribe: {'event': 'subscribe', 'channel': 'ticker', 'symbol': 'BTCUSD'}
INFO:btfxwss.queue_processor:Subscription succesful for channel ('ticker', 'BTCUSD')
INFO:btfxwss.connection:Connection opened
INFO:btfxwss.connection:Initialized Client on API Version 2
DEBUG:btfxwss.client:_subscribe: {'event': 'subscribe', 'channel': 'ticker', 'symbol': 'BTCUSD'}
INFO:btfxwss.queue_processor:Subscription succesful for channel ('ticker', 'BTCUSD')
INFO:btfxwss.connection:Connection opened
INFO:btfxwss.connection:Initialized Client on API Version 2
DEBUG:btfxwss.client:_subscribe: {'event': 'subscribe', 'channel': 'ticker', 'symbol': 'BTCUSD'}
INFO:btfxwss.queue_processor:Subscription succesful for channel ('ticker', 'BTCUSD')
INFO:btfxwss.connection:Connection closed
INFO:btfxwss.connection:Connection opened
INFO:btfxwss.connection:Initialized Client on API Version 2
DEBUG:btfxwss.client:_subscribe: {'event': 'subscribe', 'channel': 'ticker', 'symbol': 'BTCUSD'}
INFO:btfxwss.queue_processor:Subscription succesful for channel ('ticker', 'BTCUSD')
INFO:btfxwss.connection:Attempting to connect again in 10 seconds.
INFO:btfxwss.connection:Connection opened
INFO:btfxwss.connection:Initialized Client on API Version 2
DEBUG:btfxwss.client:_subscribe: {'event': 'subscribe', 'channel': 'ticker', 'symbol': 'BTCUSD'}
INFO:btfxwss.queue_processor:Subscription succesful for channel ('ticker', 'BTCUSD')
INFO:btfxwss.connection:Connection closed
INFO:btfxwss.connection:Connection opened
INFO:btfxwss.connection:Initialized Client on API Version 2
DEBUG:btfxwss.client:_subscribe: {'event': 'subscribe', 'channel': 'ticker', 'symbol': 'BTCUSD'}
INFO:btfxwss.queue_processor:Subscription succesful for channel ('ticker', 'BTCUSD')
INFO:btfxwss.connection:Connection opened
INFO:btfxwss.connection:Initialized Client on API Version 2
DEBUG:btfxwss.client:_subscribe: {'event': 'subscribe', 'channel': 'ticker', 'symbol': 'BTCUSD'}
INFO:btfxwss.queue_processor:Subscription succesful for channel ('ticker', 'BTCUSD')
INFO:btfxwss.connection:Connection closed
INFO:btfxwss.connection:Connection opened
INFO:btfxwss.connection:Initialized Client on API Version 2
DEBUG:btfxwss.client:_subscribe: {'event': 'subscribe', 'channel': 'ticker', 'symbol': 'BTCUSD'}
INFO:btfxwss.queue_processor:Subscription succesful for channel ('ticker', 'BTCUSD')
INFO:btfxwss.connection:Attempting to connect again in 10 seconds.
INFO:btfxwss.connection:Connection opened
INFO:btfxwss.connection:_on_open(): Connection reconnected, re-subscribing..
INFO:btfxwss.connection:Initialized Client on API Version 2
INFO:btfxwss.queue_processor:Subscription succesful for channel ('ticker', 'BTCUSD')
INFO:btfxwss.connection:Attempting to connect again in 10 seconds.
INFO:btfxwss.connection:Connection opened
INFO:btfxwss.connection:_on_open(): Connection reconnected, re-subscribing..
INFO:btfxwss.connection:Initialized Client on API Version 2
INFO:btfxwss.queue_processor:Subscription succesful for channel ('ticker', 'BTCUSD')
INFO:btfxwss.connection:Attempting to connect again in 10 seconds.
INFO:btfxwss.connection:Connection opened
INFO:btfxwss.connection:_on_open(): Connection reconnected, re-subscribing..
INFO:btfxwss.connection:Initialized Client on API Version 2
INFO:btfxwss.queue_processor:Subscription succesful for channel ('ticker', 'BTCUSD')
INFO:btfxwss.connection:Connection closed
INFO:btfxwss.connection:Attempting to connect again in 10 seconds.
INFO:btfxwss.connection:Connection opened
INFO:btfxwss.connection:_on_open(): Connection reconnected, re-subscribing..
INFO:btfxwss.connection:Initialized Client on API Version 2
INFO:btfxwss.queue_processor:Subscription succesful for channel ('ticker', 'BTCUSD')
INFO:btfxwss.connection:Connection opened
INFO:btfxwss.connection:Initialized Client on API Version 2
DEBUG:btfxwss.client:_subscribe: {'event': 'subscribe', 'channel': 'ticker', 'symbol': 'BTCUSD'}
INFO:btfxwss.connection:Connection closed
INFO:btfxwss.connection:Connection opened
INFO:btfxwss.connection:Initialized Client on API Version 2
DEBUG:btfxwss.client:_subscribe: {'event': 'subscribe', 'channel': 'ticker', 'symbol': 'BTCUSD'}
INFO:btfxwss.queue_processor:Subscription succesful for channel ('ticker', 'BTCUSD')
INFO:btfxwss.connection:Connection closed
INFO:btfxwss.connection:Connection opened
INFO:btfxwss.connection:Initialized Client on API Version 2
DEBUG:btfxwss.client:_subscribe: {'event': 'subscribe', 'channel': 'ticker', 'symbol': 'BTCUSD'}
INFO:btfxwss.queue_processor:Subscription succesful for channel ('ticker', 'BTCUSD')
INFO:btfxwss.connection:Connection closed
INFO:btfxwss.connection:Connection opened
INFO:btfxwss.connection:Initialized Client on API Version 2
DEBUG:btfxwss.client:_subscribe: {'event': 'subscribe', 'channel': 'ticker', 'symbol': 'BTCUSD'}
INFO:btfxwss.queue_processor:Subscription succesful for channel ('ticker', 'BTCUSD')
INFO:btfxwss.connection:Connection closed
INFO:btfxwss.connection:Connection opened
INFO:btfxwss.connection:Initialized Client on API Version 2
DEBUG:btfxwss.client:_subscribe: {'event': 'subscribe', 'channel': 'ticker', 'symbol': 'BTCUSD'}
INFO:btfxwss.queue_processor:Subscription succesful for channel ('ticker', 'BTCUSD')
INFO:btfxwss.connection:Connection closed
INFO:btfxwss.connection:Connection opened
INFO:btfxwss.connection:Initialized Client on API Version 2
DEBUG:btfxwss.client:_subscribe: {'event': 'subscribe', 'channel': 'ticker', 'symbol': 'BTCUSD'}
INFO:btfxwss.queue_processor:Subscription succesful for channel ('ticker', 'BTCUSD')
INFO:arctic.arctic:Mongo Quota: arctic.BITFINEX 0.000 / 10 GB used
INFO:arctic.serialization.numpy_records:Index has no name, defaulting to 'index'
INFO:arctic.serialization.numpy_records:Dataframe column names converted to strings
WARNING:arctic.serialization.numpy_records:Pandas dataframe AAPL contains Objects, saving as Blob
DEBUG:arctic.store.version_store:Finished writing versions for AAPL
INFO:btfxwss.connection:Connection closed
INFO:btfxwss.connection:Connection opened
INFO:btfxwss.connection:Initialized Client on API Version 2
DEBUG:btfxwss.client:_subscribe: {'event': 'subscribe', 'channel': 'ticker', 'symbol': 'BTCUSD'}
INFO:btfxwss.queue_processor:Subscription succesful for channel ('ticker', 'BTCUSD')
INFO:arctic.arctic:Mongo Quota: arctic.BITFINEX 0.000 / 10 GB used
INFO:arctic.serialization.numpy_records:Index has no name, defaulting to 'index'
INFO:arctic.serialization.numpy_records:Dataframe column names converted to strings
WARNING:arctic.serialization.numpy_records:Pandas dataframe AAPL contains Objects, saving as Blob
DEBUG:arctic.store.version_store:Finished writing versions for AAPL
INFO:btfxwss.connection:Connection closed
INFO:btfxwss.connection:Connection opened
INFO:btfxwss.connection:Initialized Client on API Version 2
DEBUG:btfxwss.client:_subscribe: {'event': 'subscribe', 'channel': 'ticker', 'symbol': 'BTCUSD'}
INFO:btfxwss.queue_processor:Subscription succesful for channel ('ticker', 'BTCUSD')
INFO:arctic.arctic:Mongo Quota: arctic.BITFINEX 0.000 / 10 GB used
INFO:arctic.serialization.numpy_records:Index has no name, defaulting to 'index'
INFO:arctic.serialization.numpy_records:Dataframe column names converted to strings
WARNING:arctic.serialization.numpy_records:Pandas dataframe AAPL contains Objects, saving as Blob
DEBUG:arctic.store.version_store:Finished writing versions for AAPL
INFO:arctic.serialization.numpy_records:Index has no name, defaulting to 'index'
INFO:arctic.serialization.numpy_records:Dataframe column names converted to strings
WARNING:arctic.serialization.numpy_records:Pandas dataframe AAPL contains Objects, saving as Blob
DEBUG:arctic.store.version_store:Finished writing versions for AAPL
INFO:btfxwss.connection:Attempting to connect again in 10 seconds.
INFO:arctic.serialization.numpy_records:Index has no name, defaulting to 'index'
INFO:arctic.serialization.numpy_records:Dataframe column names converted to strings
WARNING:arctic.serialization.numpy_records:Pandas dataframe AAPL contains Objects, saving as Blob
DEBUG:arctic.store.version_store:Finished writing versions for AAPL
INFO:btfxwss.connection:Connection opened
INFO:btfxwss.connection:_on_open(): Connection reconnected, re-subscribing..
INFO:btfxwss.connection:Initialized Client on API Version 2
INFO:btfxwss.queue_processor:Subscription succesful for channel ('ticker', 'BTCUSD')
INFO:btfxwss.connection:Attempting to connect again in 10 seconds.
INFO:arctic.serialization.numpy_records:Index has no name, defaulting to 'index'
INFO:arctic.serialization.numpy_records:Dataframe column names converted to strings
WARNING:arctic.serialization.numpy_records:Pandas dataframe AAPL contains Objects, saving as Blob
DEBUG:arctic.store.version_store:Finished writing versions for AAPL
INFO:btfxwss.connection:Connection opened
INFO:btfxwss.connection:_on_open(): Connection reconnected, re-subscribing..
INFO:btfxwss.connection:Initialized Client on API Version 2
INFO:btfxwss.queue_processor:Subscription succesful for channel ('ticker', 'BTCUSD')
INFO:arctic.serialization.numpy_records:Index has no name, defaulting to 'index'
INFO:arctic.serialization.numpy_records:Dataframe column names converted to strings
WARNING:arctic.serialization.numpy_records:Pandas dataframe AAPL contains Objects, saving as Blob
DEBUG:arctic.store.version_store:Finished writing versions for AAPL
INFO:btfxwss.connection:Attempting to connect again in 10 seconds.
INFO:btfxwss.connection:Connection opened
INFO:btfxwss.connection:_on_open(): Connection reconnected, re-subscribing..
INFO:btfxwss.connection:Initialized Client on API Version 2
INFO:btfxwss.queue_processor:Subscription succesful for channel ('ticker', 'BTCUSD')
INFO:arctic.serialization.numpy_records:Index has no name, defaulting to 'index'
INFO:arctic.serialization.numpy_records:Dataframe column names converted to strings
WARNING:arctic.serialization.numpy_records:Pandas dataframe AAPL contains Objects, saving as Blob
DEBUG:arctic.store.version_store:Finished writing versions for AAPL
INFO:btfxwss.connection:Connection opened
INFO:btfxwss.connection:Initialized Client on API Version 2
DEBUG:btfxwss.client:_subscribe: {'event': 'subscribe', 'channel': 'ticker', 'symbol': 'BTCUSD'}
INFO:btfxwss.queue_processor:Subscription succesful for channel ('ticker', 'BTCUSD')
INFO:btfxwss.connection:Connection opened
INFO:btfxwss.connection:Initialized Client on API Version 2
DEBUG:btfxwss.client:_subscribe: {'event': 'subscribe', 'channel': 'ticker', 'symbol': 'BTCUSD'}
INFO:btfxwss.queue_processor:Subscription succesful for channel ('ticker', 'BTCUSD')
INFO:arctic.arctic:Mongo Quota: arctic.BITFINEX 0.000 / 10 GB used
INFO:arctic.serialization.numpy_records:Index has no name, defaulting to 'index'
INFO:arctic.serialization.numpy_records:Dataframe column names converted to strings
WARNING:arctic.serialization.numpy_records:Pandas dataframe AAPL contains Objects, saving as Blob
DEBUG:arctic.store.version_store:Finished writing versions for AAPL
INFO:btfxwss.connection:Attempting to connect again in 10 seconds.
INFO:arctic.serialization.numpy_records:Index has no name, defaulting to 'index'
INFO:arctic.serialization.numpy_records:Dataframe column names converted to strings
WARNING:arctic.serialization.numpy_records:Pandas dataframe AAPL contains Objects, saving as Blob
DEBUG:arctic.store.version_store:Finished writing versions for AAPL
INFO:btfxwss.connection:Connection opened
INFO:btfxwss.connection:_on_open(): Connection reconnected, re-subscribing..
INFO:btfxwss.connection:Initialized Client on API Version 2
INFO:btfxwss.queue_processor:Subscription succesful for channel ('ticker', 'BTCUSD')
INFO:btfxwss.connection:Connection closed
INFO:btfxwss.connection:Attempting to connect again in 10 seconds.
INFO:btfxwss.connection:Connection opened
INFO:btfxwss.connection:_on_open(): Connection reconnected, re-subscribing..
INFO:btfxwss.connection:Initialized Client on API Version 2
INFO:btfxwss.queue_processor:Subscription succesful for channel ('ticker', 'BTCUSD')
